{
	"opt(dictionary(hybrid(2,0),continued_fractions(binary)))": 217,
	"opt(dictionary(hybrid(2,0),continued_fractions(co_binary)))": 217,
	"opt(dictionary(hybrid(2,0),continued_fractions(dichotomic)))": 203,
	"opt(dictionary(hybrid(2,0),heuristic(use_first(halving,approximation))))": 217,
	"opt(dictionary(hybrid(2,0),heuristic(use_first(halving,delta_largest))))": 257,
	"opt(dictionary(hybrid(2,16),continued_fractions(binary)))": 218,
	"opt(dictionary(hybrid(2,16),continued_fractions(co_binary)))": 218,
	"opt(dictionary(hybrid(2,16),continued_fractions(dichotomic)))": 210,
	"opt(dictionary(hybrid(2,16),heuristic(use_first(halving,approximation))))": 212,
	"opt(dictionary(hybrid(2,16),heuristic(use_first(halving,delta_largest))))": 215,
	"opt(dictionary(hybrid(2,32),continued_fractions(binary)))": 228,
	"opt(dictionary(hybrid(2,32),continued_fractions(co_binary)))": 228,
	"opt(dictionary(hybrid(2,32),continued_fractions(dichotomic)))": 206,
	"opt(dictionary(hybrid(2,32),heuristic(use_first(halving,approximation))))": 214,
	"opt(dictionary(hybrid(2,32),heuristic(use_first(halving,delta_largest))))": 225,
	"opt(dictionary(hybrid(2,64),continued_fractions(binary)))": 257,
	"opt(dictionary(hybrid(2,64),continued_fractions(co_binary)))": 257,
	"opt(dictionary(hybrid(2,64),continued_fractions(dichotomic)))": 205,
	"opt(dictionary(hybrid(2,64),heuristic(use_first(halving,approximation))))": 227,
	"opt(dictionary(hybrid(2,64),heuristic(use_first(halving,delta_largest))))": 254,
	"opt(dictionary(hybrid(3,0),continued_fractions(binary)))": 217,
	"opt(dictionary(hybrid(3,0),continued_fractions(co_binary)))": 217,
	"opt(dictionary(hybrid(3,0),continued_fractions(dichotomic)))": 203,
	"opt(dictionary(hybrid(3,0),heuristic(use_first(halving,approximation))))": 217,
	"opt(dictionary(hybrid(3,0),heuristic(use_first(halving,delta_largest))))": 257,
	"opt(dictionary(hybrid(3,16),continued_fractions(binary)))": 218,
	"opt(dictionary(hybrid(3,16),continued_fractions(co_binary)))": 218,
	"opt(dictionary(hybrid(3,16),continued_fractions(dichotomic)))": 210,
	"opt(dictionary(hybrid(3,16),heuristic(use_first(halving,approximation))))": 212,
	"opt(dictionary(hybrid(3,16),heuristic(use_first(halving,delta_largest))))": 215,
	"opt(dictionary(hybrid(3,32),continued_fractions(binary)))": 228,
	"opt(dictionary(hybrid(3,32),continued_fractions(co_binary)))": 228,
	"opt(dictionary(hybrid(3,32),continued_fractions(dichotomic)))": 206,
	"opt(dictionary(hybrid(3,32),heuristic(use_first(halving,approximation))))": 214,
	"opt(dictionary(hybrid(3,32),heuristic(use_first(halving,delta_largest))))": 225,
	"opt(dictionary(hybrid(3,64),continued_fractions(binary)))": 257,
	"opt(dictionary(hybrid(3,64),continued_fractions(co_binary)))": 257,
	"opt(dictionary(hybrid(3,64),continued_fractions(dichotomic)))": 205,
	"opt(dictionary(hybrid(3,64),heuristic(use_first(halving,approximation))))": 227,
	"opt(dictionary(hybrid(3,64),heuristic(use_first(halving,delta_largest))))": 254,
	"opt(dictionary(hybrid(4,0),continued_fractions(binary)))": 217,
	"opt(dictionary(hybrid(4,0),continued_fractions(co_binary)))": 217,
	"opt(dictionary(hybrid(4,0),continued_fractions(dichotomic)))": 203,
	"opt(dictionary(hybrid(4,0),heuristic(use_first(halving,approximation))))": 217,
	"opt(dictionary(hybrid(4,0),heuristic(use_first(halving,delta_largest))))": 257,
	"opt(dictionary(hybrid(4,16),continued_fractions(binary)))": 218,
	"opt(dictionary(hybrid(4,16),continued_fractions(co_binary)))": 218,
	"opt(dictionary(hybrid(4,16),continued_fractions(dichotomic)))": 210,
	"opt(dictionary(hybrid(4,16),heuristic(use_first(halving,approximation))))": 212,
	"opt(dictionary(hybrid(4,16),heuristic(use_first(halving,delta_largest))))": 215,
	"opt(dictionary(hybrid(4,32),continued_fractions(binary)))": 228,
	"opt(dictionary(hybrid(4,32),continued_fractions(co_binary)))": 228,
	"opt(dictionary(hybrid(4,32),continued_fractions(dichotomic)))": 206,
	"opt(dictionary(hybrid(4,32),heuristic(use_first(halving,approximation))))": 214,
	"opt(dictionary(hybrid(4,32),heuristic(use_first(halving,delta_largest))))": 225,
	"opt(dictionary(hybrid(4,64),continued_fractions(binary)))": 257,
	"opt(dictionary(hybrid(4,64),continued_fractions(co_binary)))": 257,
	"opt(dictionary(hybrid(4,64),continued_fractions(dichotomic)))": 205,
	"opt(dictionary(hybrid(4,64),heuristic(use_first(halving,approximation))))": 227,
	"opt(dictionary(hybrid(4,64),heuristic(use_first(halving,delta_largest))))": 254,
	"opt(dictionary(hybrid(5,0),continued_fractions(binary)))": 217,
	"opt(dictionary(hybrid(5,0),continued_fractions(co_binary)))": 217,
	"opt(dictionary(hybrid(5,0),continued_fractions(dichotomic)))": 203,
	"opt(dictionary(hybrid(5,0),heuristic(use_first(halving,approximation))))": 217,
	"opt(dictionary(hybrid(5,0),heuristic(use_first(halving,delta_largest))))": 257,
	"opt(dictionary(hybrid(5,16),continued_fractions(binary)))": 218,
	"opt(dictionary(hybrid(5,16),continued_fractions(co_binary)))": 218,
	"opt(dictionary(hybrid(5,16),continued_fractions(dichotomic)))": 210,
	"opt(dictionary(hybrid(5,16),heuristic(use_first(halving,approximation))))": 212,
	"opt(dictionary(hybrid(5,16),heuristic(use_first(halving,delta_largest))))": 215,
	"opt(dictionary(hybrid(5,32),continued_fractions(binary)))": 228,
	"opt(dictionary(hybrid(5,32),continued_fractions(co_binary)))": 228,
	"opt(dictionary(hybrid(5,32),continued_fractions(dichotomic)))": 206,
	"opt(dictionary(hybrid(5,32),heuristic(use_first(halving,approximation))))": 214,
	"opt(dictionary(hybrid(5,32),heuristic(use_first(halving,delta_largest))))": 225,
	"opt(dictionary(hybrid(5,64),continued_fractions(binary)))": 257,
	"opt(dictionary(hybrid(5,64),continued_fractions(co_binary)))": 257,
	"opt(dictionary(hybrid(5,64),continued_fractions(dichotomic)))": 205,
	"opt(dictionary(hybrid(5,64),heuristic(use_first(halving,approximation))))": 227,
	"opt(dictionary(hybrid(5,64),heuristic(use_first(halving,delta_largest))))": 254,
	"opt(dictionary(hybrid(6,0),continued_fractions(binary)))": 217,
	"opt(dictionary(hybrid(6,0),continued_fractions(co_binary)))": 217,
	"opt(dictionary(hybrid(6,0),continued_fractions(dichotomic)))": 203,
	"opt(dictionary(hybrid(6,0),heuristic(use_first(halving,approximation))))": 217,
	"opt(dictionary(hybrid(6,0),heuristic(use_first(halving,delta_largest))))": 257,
	"opt(dictionary(hybrid(6,16),continued_fractions(binary)))": 218,
	"opt(dictionary(hybrid(6,16),continued_fractions(co_binary)))": 218,
	"opt(dictionary(hybrid(6,16),continued_fractions(dichotomic)))": 210,
	"opt(dictionary(hybrid(6,16),heuristic(use_first(halving,approximation))))": 212,
	"opt(dictionary(hybrid(6,16),heuristic(use_first(halving,delta_largest))))": 215,
	"opt(dictionary(hybrid(6,32),continued_fractions(binary)))": 228,
	"opt(dictionary(hybrid(6,32),continued_fractions(co_binary)))": 228,
	"opt(dictionary(hybrid(6,32),continued_fractions(dichotomic)))": 206,
	"opt(dictionary(hybrid(6,32),heuristic(use_first(halving,approximation))))": 214,
	"opt(dictionary(hybrid(6,32),heuristic(use_first(halving,delta_largest))))": 225,
	"opt(dictionary(hybrid(6,64),continued_fractions(binary)))": 257,
	"opt(dictionary(hybrid(6,64),continued_fractions(co_binary)))": 257,
	"opt(dictionary(hybrid(6,64),continued_fractions(dichotomic)))": 205,
	"opt(dictionary(hybrid(6,64),heuristic(use_first(halving,approximation))))": 227,
	"opt(dictionary(hybrid(6,64),heuristic(use_first(halving,delta_largest))))": 254,
	"opt(dictionary(hybrid(7,0),continued_fractions(binary)))": 217,
	"opt(dictionary(hybrid(7,0),continued_fractions(co_binary)))": 217,
	"opt(dictionary(hybrid(7,0),continued_fractions(dichotomic)))": 203,
	"opt(dictionary(hybrid(7,0),heuristic(use_first(halving,approximation))))": 217,
	"opt(dictionary(hybrid(7,0),heuristic(use_first(halving,delta_largest))))": 257,
	"opt(dictionary(hybrid(7,16),continued_fractions(binary)))": 218,
	"opt(dictionary(hybrid(7,16),continued_fractions(co_binary)))": 218,
	"opt(dictionary(hybrid(7,16),continued_fractions(dichotomic)))": 210,
	"opt(dictionary(hybrid(7,16),heuristic(use_first(halving,approximation))))": 212,
	"opt(dictionary(hybrid(7,16),heuristic(use_first(halving,delta_largest))))": 215,
	"opt(dictionary(hybrid(7,32),continued_fractions(binary)))": 228,
	"opt(dictionary(hybrid(7,32),continued_fractions(co_binary)))": 228,
	"opt(dictionary(hybrid(7,32),continued_fractions(dichotomic)))": 206,
	"opt(dictionary(hybrid(7,32),heuristic(use_first(halving,approximation))))": 214,
	"opt(dictionary(hybrid(7,32),heuristic(use_first(halving,delta_largest))))": 225,
	"opt(dictionary(hybrid(7,64),continued_fractions(binary)))": 257,
	"opt(dictionary(hybrid(7,64),continued_fractions(co_binary)))": 257,
	"opt(dictionary(hybrid(7,64),continued_fractions(dichotomic)))": 205,
	"opt(dictionary(hybrid(7,64),heuristic(use_first(halving,approximation))))": 227,
	"opt(dictionary(hybrid(7,64),heuristic(use_first(halving,delta_largest))))": 254,
	"opt(dictionary(hybrid(8,0),continued_fractions(binary)))": 217,
	"opt(dictionary(hybrid(8,0),continued_fractions(co_binary)))": 217,
	"opt(dictionary(hybrid(8,0),continued_fractions(dichotomic)))": 203,
	"opt(dictionary(hybrid(8,0),heuristic(use_first(halving,approximation))))": 217,
	"opt(dictionary(hybrid(8,0),heuristic(use_first(halving,delta_largest))))": 257,
	"opt(dictionary(hybrid(8,16),continued_fractions(binary)))": 218,
	"opt(dictionary(hybrid(8,16),continued_fractions(co_binary)))": 218,
	"opt(dictionary(hybrid(8,16),continued_fractions(dichotomic)))": 210,
	"opt(dictionary(hybrid(8,16),heuristic(use_first(halving,approximation))))": 212,
	"opt(dictionary(hybrid(8,16),heuristic(use_first(halving,delta_largest))))": 215,
	"opt(dictionary(hybrid(8,32),continued_fractions(binary)))": 228,
	"opt(dictionary(hybrid(8,32),continued_fractions(co_binary)))": 228,
	"opt(dictionary(hybrid(8,32),continued_fractions(dichotomic)))": 206,
	"opt(dictionary(hybrid(8,32),heuristic(use_first(halving,approximation))))": 214,
	"opt(dictionary(hybrid(8,32),heuristic(use_first(halving,delta_largest))))": 225,
	"opt(dictionary(hybrid(8,64),continued_fractions(binary)))": 257,
	"opt(dictionary(hybrid(8,64),continued_fractions(co_binary)))": 257,
	"opt(dictionary(hybrid(8,64),continued_fractions(dichotomic)))": 205,
	"opt(dictionary(hybrid(8,64),heuristic(use_first(halving,approximation))))": 227,
	"opt(dictionary(hybrid(8,64),heuristic(use_first(halving,delta_largest))))": 254,
	"opt(dictionary(run_length(0),continued_fractions(binary)))": 217,
	"opt(dictionary(run_length(0),continued_fractions(co_binary)))": 217,
	"opt(dictionary(run_length(0),continued_fractions(dichotomic)))": 203,
	"opt(dictionary(run_length(0),heuristic(use_first(halving,approximation))))": 217,
	"opt(dictionary(run_length(0),heuristic(use_first(halving,delta_largest))))": 257,
	"opt(dictionary(run_length(128),continued_fractions(binary)))": 217,
	"opt(dictionary(run_length(128),continued_fractions(co_binary)))": 217,
	"opt(dictionary(run_length(128),continued_fractions(dichotomic)))": 203,
	"opt(dictionary(run_length(128),heuristic(use_first(halving,approximation))))": 217,
	"opt(dictionary(run_length(128),heuristic(use_first(halving,delta_largest))))": 257,
	"opt(dictionary(run_length(16),continued_fractions(binary)))": 218,
	"opt(dictionary(run_length(16),continued_fractions(co_binary)))": 218,
	"opt(dictionary(run_length(16),continued_fractions(dichotomic)))": 210,
	"opt(dictionary(run_length(16),heuristic(use_first(halving,approximation))))": 212,
	"opt(dictionary(run_length(16),heuristic(use_first(halving,delta_largest))))": 215,
	"opt(dictionary(run_length(32),continued_fractions(binary)))": 228,
	"opt(dictionary(run_length(32),continued_fractions(co_binary)))": 228,
	"opt(dictionary(run_length(32),continued_fractions(dichotomic)))": 206,
	"opt(dictionary(run_length(32),heuristic(use_first(halving,approximation))))": 214,
	"opt(dictionary(run_length(32),heuristic(use_first(halving,delta_largest))))": 225,
	"opt(dictionary(run_length(64),continued_fractions(binary)))": 257,
	"opt(dictionary(run_length(64),continued_fractions(co_binary)))": 257,
	"opt(dictionary(run_length(64),continued_fractions(dichotomic)))": 205,
	"opt(dictionary(run_length(64),heuristic(use_first(halving,approximation))))": 227,
	"opt(dictionary(run_length(64),heuristic(use_first(halving,delta_largest))))": 254,
	"opt(dictionary(sliding_window(128),continued_fractions(binary)))": 217,
	"opt(dictionary(sliding_window(128),continued_fractions(co_binary)))": 217,
	"opt(dictionary(sliding_window(128),continued_fractions(dichotomic)))": 205,
	"opt(dictionary(sliding_window(128),heuristic(use_first(halving,approximation))))": 226,
	"opt(dictionary(sliding_window(128),heuristic(use_first(halving,delta_largest))))": 253,
	"opt(dictionary(sliding_window(16),continued_fractions(binary)))": 217,
	"opt(dictionary(sliding_window(16),continued_fractions(co_binary)))": 217,
	"opt(dictionary(sliding_window(16),continued_fractions(dichotomic)))": 209,
	"opt(dictionary(sliding_window(16),heuristic(use_first(halving,approximation))))": 211,
	"opt(dictionary(sliding_window(16),heuristic(use_first(halving,delta_largest))))": 214,
	"opt(dictionary(sliding_window(32),continued_fractions(binary)))": 227,
	"opt(dictionary(sliding_window(32),continued_fractions(co_binary)))": 227,
	"opt(dictionary(sliding_window(32),continued_fractions(dichotomic)))": 205,
	"opt(dictionary(sliding_window(32),heuristic(use_first(halving,approximation))))": 213,
	"opt(dictionary(sliding_window(32),heuristic(use_first(halving,delta_largest))))": 224,
	"opt(dictionary(sliding_window(4),continued_fractions(binary)))": 241,
	"opt(dictionary(sliding_window(4),continued_fractions(co_binary)))": 241,
	"opt(dictionary(sliding_window(4),continued_fractions(dichotomic)))": 241,
	"opt(dictionary(sliding_window(4),heuristic(use_first(halving,approximation))))": 241,
	"opt(dictionary(sliding_window(4),heuristic(use_first(halving,delta_largest))))": 241,
	"opt(dictionary(sliding_window(64),continued_fractions(binary)))": 256,
	"opt(dictionary(sliding_window(64),continued_fractions(co_binary)))": 256,
	"opt(dictionary(sliding_window(64),continued_fractions(dichotomic)))": 204,
	"opt(dictionary(sliding_window(64),heuristic(use_first(halving,approximation))))": 226,
	"opt(dictionary(sliding_window(64),heuristic(use_first(halving,delta_largest))))": 253,
	"opt(dictionary(sliding_window(8),continued_fractions(binary)))": 221,
	"opt(dictionary(sliding_window(8),continued_fractions(co_binary)))": 221,
	"opt(dictionary(sliding_window(8),continued_fractions(dichotomic)))": 219,
	"opt(dictionary(sliding_window(8),heuristic(use_first(halving,approximation))))": 219,
	"opt(dictionary(sliding_window(8),heuristic(use_first(halving,delta_largest))))": 219,
	"opt(runs(continued_fractions(binary)))": 203,
	"opt(runs(continued_fractions(co_binary)))": 203,
	"opt(runs(continued_fractions(dichotomic)))": 203,
	"opt(runs(heuristic(use_first(halving,approximation))))": 204,
	"opt(runs(heuristic(use_first(halving,delta_largest))))": 206
}