{
	"opt(dictionary(hybrid(2,0),continued_fractions(binary)))": 330,
	"opt(dictionary(hybrid(2,0),continued_fractions(co_binary)))": 330,
	"opt(dictionary(hybrid(2,0),continued_fractions(dichotomic)))": 232,
	"opt(dictionary(hybrid(2,0),heuristic(use_first(halving,approximation))))": 330,
	"opt(dictionary(hybrid(2,0),heuristic(use_first(halving,delta_largest))))": 435,
	"opt(dictionary(hybrid(2,16),continued_fractions(binary)))": 239,
	"opt(dictionary(hybrid(2,16),continued_fractions(co_binary)))": 239,
	"opt(dictionary(hybrid(2,16),continued_fractions(dichotomic)))": 239,
	"opt(dictionary(hybrid(2,16),heuristic(use_first(halving,approximation))))": 239,
	"opt(dictionary(hybrid(2,16),heuristic(use_first(halving,delta_largest))))": 239,
	"opt(dictionary(hybrid(2,32),continued_fractions(binary)))": 235,
	"opt(dictionary(hybrid(2,32),continued_fractions(co_binary)))": 235,
	"opt(dictionary(hybrid(2,32),continued_fractions(dichotomic)))": 234,
	"opt(dictionary(hybrid(2,32),heuristic(use_first(halving,approximation))))": 235,
	"opt(dictionary(hybrid(2,32),heuristic(use_first(halving,delta_largest))))": 245,
	"opt(dictionary(hybrid(2,64),continued_fractions(binary)))": 234,
	"opt(dictionary(hybrid(2,64),continued_fractions(co_binary)))": 234,
	"opt(dictionary(hybrid(2,64),continued_fractions(dichotomic)))": 232,
	"opt(dictionary(hybrid(2,64),heuristic(use_first(halving,approximation))))": 234,
	"opt(dictionary(hybrid(2,64),heuristic(use_first(halving,delta_largest))))": 248,
	"opt(dictionary(hybrid(3,0),continued_fractions(binary)))": 330,
	"opt(dictionary(hybrid(3,0),continued_fractions(co_binary)))": 330,
	"opt(dictionary(hybrid(3,0),continued_fractions(dichotomic)))": 232,
	"opt(dictionary(hybrid(3,0),heuristic(use_first(halving,approximation))))": 330,
	"opt(dictionary(hybrid(3,0),heuristic(use_first(halving,delta_largest))))": 435,
	"opt(dictionary(hybrid(3,16),continued_fractions(binary)))": 239,
	"opt(dictionary(hybrid(3,16),continued_fractions(co_binary)))": 239,
	"opt(dictionary(hybrid(3,16),continued_fractions(dichotomic)))": 239,
	"opt(dictionary(hybrid(3,16),heuristic(use_first(halving,approximation))))": 239,
	"opt(dictionary(hybrid(3,16),heuristic(use_first(halving,delta_largest))))": 239,
	"opt(dictionary(hybrid(3,32),continued_fractions(binary)))": 235,
	"opt(dictionary(hybrid(3,32),continued_fractions(co_binary)))": 235,
	"opt(dictionary(hybrid(3,32),continued_fractions(dichotomic)))": 234,
	"opt(dictionary(hybrid(3,32),heuristic(use_first(halving,approximation))))": 235,
	"opt(dictionary(hybrid(3,32),heuristic(use_first(halving,delta_largest))))": 245,
	"opt(dictionary(hybrid(3,64),continued_fractions(binary)))": 234,
	"opt(dictionary(hybrid(3,64),continued_fractions(co_binary)))": 234,
	"opt(dictionary(hybrid(3,64),continued_fractions(dichotomic)))": 232,
	"opt(dictionary(hybrid(3,64),heuristic(use_first(halving,approximation))))": 234,
	"opt(dictionary(hybrid(3,64),heuristic(use_first(halving,delta_largest))))": 248,
	"opt(dictionary(hybrid(4,0),continued_fractions(binary)))": 330,
	"opt(dictionary(hybrid(4,0),continued_fractions(co_binary)))": 330,
	"opt(dictionary(hybrid(4,0),continued_fractions(dichotomic)))": 232,
	"opt(dictionary(hybrid(4,0),heuristic(use_first(halving,approximation))))": 330,
	"opt(dictionary(hybrid(4,0),heuristic(use_first(halving,delta_largest))))": 435,
	"opt(dictionary(hybrid(4,16),continued_fractions(binary)))": 239,
	"opt(dictionary(hybrid(4,16),continued_fractions(co_binary)))": 239,
	"opt(dictionary(hybrid(4,16),continued_fractions(dichotomic)))": 239,
	"opt(dictionary(hybrid(4,16),heuristic(use_first(halving,approximation))))": 239,
	"opt(dictionary(hybrid(4,16),heuristic(use_first(halving,delta_largest))))": 239,
	"opt(dictionary(hybrid(4,32),continued_fractions(binary)))": 235,
	"opt(dictionary(hybrid(4,32),continued_fractions(co_binary)))": 235,
	"opt(dictionary(hybrid(4,32),continued_fractions(dichotomic)))": 234,
	"opt(dictionary(hybrid(4,32),heuristic(use_first(halving,approximation))))": 235,
	"opt(dictionary(hybrid(4,32),heuristic(use_first(halving,delta_largest))))": 245,
	"opt(dictionary(hybrid(4,64),continued_fractions(binary)))": 234,
	"opt(dictionary(hybrid(4,64),continued_fractions(co_binary)))": 234,
	"opt(dictionary(hybrid(4,64),continued_fractions(dichotomic)))": 232,
	"opt(dictionary(hybrid(4,64),heuristic(use_first(halving,approximation))))": 234,
	"opt(dictionary(hybrid(4,64),heuristic(use_first(halving,delta_largest))))": 248,
	"opt(dictionary(hybrid(5,0),continued_fractions(binary)))": 330,
	"opt(dictionary(hybrid(5,0),continued_fractions(co_binary)))": 330,
	"opt(dictionary(hybrid(5,0),continued_fractions(dichotomic)))": 232,
	"opt(dictionary(hybrid(5,0),heuristic(use_first(halving,approximation))))": 330,
	"opt(dictionary(hybrid(5,0),heuristic(use_first(halving,delta_largest))))": 435,
	"opt(dictionary(hybrid(5,16),continued_fractions(binary)))": 239,
	"opt(dictionary(hybrid(5,16),continued_fractions(co_binary)))": 239,
	"opt(dictionary(hybrid(5,16),continued_fractions(dichotomic)))": 239,
	"opt(dictionary(hybrid(5,16),heuristic(use_first(halving,approximation))))": 239,
	"opt(dictionary(hybrid(5,16),heuristic(use_first(halving,delta_largest))))": 239,
	"opt(dictionary(hybrid(5,32),continued_fractions(binary)))": 235,
	"opt(dictionary(hybrid(5,32),continued_fractions(co_binary)))": 235,
	"opt(dictionary(hybrid(5,32),continued_fractions(dichotomic)))": 234,
	"opt(dictionary(hybrid(5,32),heuristic(use_first(halving,approximation))))": 235,
	"opt(dictionary(hybrid(5,32),heuristic(use_first(halving,delta_largest))))": 245,
	"opt(dictionary(hybrid(5,64),continued_fractions(binary)))": 234,
	"opt(dictionary(hybrid(5,64),continued_fractions(co_binary)))": 234,
	"opt(dictionary(hybrid(5,64),continued_fractions(dichotomic)))": 232,
	"opt(dictionary(hybrid(5,64),heuristic(use_first(halving,approximation))))": 234,
	"opt(dictionary(hybrid(5,64),heuristic(use_first(halving,delta_largest))))": 248,
	"opt(dictionary(hybrid(6,0),continued_fractions(binary)))": 330,
	"opt(dictionary(hybrid(6,0),continued_fractions(co_binary)))": 330,
	"opt(dictionary(hybrid(6,0),continued_fractions(dichotomic)))": 232,
	"opt(dictionary(hybrid(6,0),heuristic(use_first(halving,approximation))))": 330,
	"opt(dictionary(hybrid(6,0),heuristic(use_first(halving,delta_largest))))": 435,
	"opt(dictionary(hybrid(6,16),continued_fractions(binary)))": 239,
	"opt(dictionary(hybrid(6,16),continued_fractions(co_binary)))": 239,
	"opt(dictionary(hybrid(6,16),continued_fractions(dichotomic)))": 239,
	"opt(dictionary(hybrid(6,16),heuristic(use_first(halving,approximation))))": 239,
	"opt(dictionary(hybrid(6,16),heuristic(use_first(halving,delta_largest))))": 239,
	"opt(dictionary(hybrid(6,32),continued_fractions(binary)))": 235,
	"opt(dictionary(hybrid(6,32),continued_fractions(co_binary)))": 235,
	"opt(dictionary(hybrid(6,32),continued_fractions(dichotomic)))": 234,
	"opt(dictionary(hybrid(6,32),heuristic(use_first(halving,approximation))))": 235,
	"opt(dictionary(hybrid(6,32),heuristic(use_first(halving,delta_largest))))": 245,
	"opt(dictionary(hybrid(6,64),continued_fractions(binary)))": 234,
	"opt(dictionary(hybrid(6,64),continued_fractions(co_binary)))": 234,
	"opt(dictionary(hybrid(6,64),continued_fractions(dichotomic)))": 232,
	"opt(dictionary(hybrid(6,64),heuristic(use_first(halving,approximation))))": 234,
	"opt(dictionary(hybrid(6,64),heuristic(use_first(halving,delta_largest))))": 248,
	"opt(dictionary(hybrid(7,0),continued_fractions(binary)))": 330,
	"opt(dictionary(hybrid(7,0),continued_fractions(co_binary)))": 330,
	"opt(dictionary(hybrid(7,0),continued_fractions(dichotomic)))": 232,
	"opt(dictionary(hybrid(7,0),heuristic(use_first(halving,approximation))))": 330,
	"opt(dictionary(hybrid(7,0),heuristic(use_first(halving,delta_largest))))": 435,
	"opt(dictionary(hybrid(7,16),continued_fractions(binary)))": 239,
	"opt(dictionary(hybrid(7,16),continued_fractions(co_binary)))": 239,
	"opt(dictionary(hybrid(7,16),continued_fractions(dichotomic)))": 239,
	"opt(dictionary(hybrid(7,16),heuristic(use_first(halving,approximation))))": 239,
	"opt(dictionary(hybrid(7,16),heuristic(use_first(halving,delta_largest))))": 239,
	"opt(dictionary(hybrid(7,32),continued_fractions(binary)))": 235,
	"opt(dictionary(hybrid(7,32),continued_fractions(co_binary)))": 235,
	"opt(dictionary(hybrid(7,32),continued_fractions(dichotomic)))": 234,
	"opt(dictionary(hybrid(7,32),heuristic(use_first(halving,approximation))))": 235,
	"opt(dictionary(hybrid(7,32),heuristic(use_first(halving,delta_largest))))": 245,
	"opt(dictionary(hybrid(7,64),continued_fractions(binary)))": 234,
	"opt(dictionary(hybrid(7,64),continued_fractions(co_binary)))": 234,
	"opt(dictionary(hybrid(7,64),continued_fractions(dichotomic)))": 232,
	"opt(dictionary(hybrid(7,64),heuristic(use_first(halving,approximation))))": 234,
	"opt(dictionary(hybrid(7,64),heuristic(use_first(halving,delta_largest))))": 248,
	"opt(dictionary(hybrid(8,0),continued_fractions(binary)))": 330,
	"opt(dictionary(hybrid(8,0),continued_fractions(co_binary)))": 330,
	"opt(dictionary(hybrid(8,0),continued_fractions(dichotomic)))": 232,
	"opt(dictionary(hybrid(8,0),heuristic(use_first(halving,approximation))))": 330,
	"opt(dictionary(hybrid(8,0),heuristic(use_first(halving,delta_largest))))": 435,
	"opt(dictionary(hybrid(8,16),continued_fractions(binary)))": 239,
	"opt(dictionary(hybrid(8,16),continued_fractions(co_binary)))": 239,
	"opt(dictionary(hybrid(8,16),continued_fractions(dichotomic)))": 239,
	"opt(dictionary(hybrid(8,16),heuristic(use_first(halving,approximation))))": 239,
	"opt(dictionary(hybrid(8,16),heuristic(use_first(halving,delta_largest))))": 239,
	"opt(dictionary(hybrid(8,32),continued_fractions(binary)))": 235,
	"opt(dictionary(hybrid(8,32),continued_fractions(co_binary)))": 235,
	"opt(dictionary(hybrid(8,32),continued_fractions(dichotomic)))": 234,
	"opt(dictionary(hybrid(8,32),heuristic(use_first(halving,approximation))))": 235,
	"opt(dictionary(hybrid(8,32),heuristic(use_first(halving,delta_largest))))": 245,
	"opt(dictionary(hybrid(8,64),continued_fractions(binary)))": 234,
	"opt(dictionary(hybrid(8,64),continued_fractions(co_binary)))": 234,
	"opt(dictionary(hybrid(8,64),continued_fractions(dichotomic)))": 232,
	"opt(dictionary(hybrid(8,64),heuristic(use_first(halving,approximation))))": 234,
	"opt(dictionary(hybrid(8,64),heuristic(use_first(halving,delta_largest))))": 248,
	"opt(dictionary(run_length(0),continued_fractions(binary)))": 330,
	"opt(dictionary(run_length(0),continued_fractions(co_binary)))": 330,
	"opt(dictionary(run_length(0),continued_fractions(dichotomic)))": 232,
	"opt(dictionary(run_length(0),heuristic(use_first(halving,approximation))))": 330,
	"opt(dictionary(run_length(0),heuristic(use_first(halving,delta_largest))))": 435,
	"opt(dictionary(run_length(128),continued_fractions(binary)))": 232,
	"opt(dictionary(run_length(128),continued_fractions(co_binary)))": 232,
	"opt(dictionary(run_length(128),continued_fractions(dichotomic)))": 232,
	"opt(dictionary(run_length(128),heuristic(use_first(halving,approximation))))": 232,
	"opt(dictionary(run_length(128),heuristic(use_first(halving,delta_largest))))": 258,
	"opt(dictionary(run_length(16),continued_fractions(binary)))": 239,
	"opt(dictionary(run_length(16),continued_fractions(co_binary)))": 239,
	"opt(dictionary(run_length(16),continued_fractions(dichotomic)))": 239,
	"opt(dictionary(run_length(16),heuristic(use_first(halving,approximation))))": 239,
	"opt(dictionary(run_length(16),heuristic(use_first(halving,delta_largest))))": 239,
	"opt(dictionary(run_length(32),continued_fractions(binary)))": 235,
	"opt(dictionary(run_length(32),continued_fractions(co_binary)))": 235,
	"opt(dictionary(run_length(32),continued_fractions(dichotomic)))": 234,
	"opt(dictionary(run_length(32),heuristic(use_first(halving,approximation))))": 235,
	"opt(dictionary(run_length(32),heuristic(use_first(halving,delta_largest))))": 245,
	"opt(dictionary(run_length(64),continued_fractions(binary)))": 234,
	"opt(dictionary(run_length(64),continued_fractions(co_binary)))": 234,
	"opt(dictionary(run_length(64),continued_fractions(dichotomic)))": 232,
	"opt(dictionary(run_length(64),heuristic(use_first(halving,approximation))))": 234,
	"opt(dictionary(run_length(64),heuristic(use_first(halving,delta_largest))))": 248,
	"opt(dictionary(sliding_window(128),continued_fractions(binary)))": 270,
	"opt(dictionary(sliding_window(128),continued_fractions(co_binary)))": 270,
	"opt(dictionary(sliding_window(128),continued_fractions(dichotomic)))": 256,
	"opt(dictionary(sliding_window(128),heuristic(use_first(halving,approximation))))": 236,
	"opt(dictionary(sliding_window(128),heuristic(use_first(halving,delta_largest))))": 261,
	"opt(dictionary(sliding_window(16),continued_fractions(binary)))": 240,
	"opt(dictionary(sliding_window(16),continued_fractions(co_binary)))": 240,
	"opt(dictionary(sliding_window(16),continued_fractions(dichotomic)))": 240,
	"opt(dictionary(sliding_window(16),heuristic(use_first(halving,approximation))))": 241,
	"opt(dictionary(sliding_window(16),heuristic(use_first(halving,delta_largest))))": 245,
	"opt(dictionary(sliding_window(32),continued_fractions(binary)))": 237,
	"opt(dictionary(sliding_window(32),continued_fractions(co_binary)))": 237,
	"opt(dictionary(sliding_window(32),continued_fractions(dichotomic)))": 234,
	"opt(dictionary(sliding_window(32),heuristic(use_first(halving,approximation))))": 240,
	"opt(dictionary(sliding_window(32),heuristic(use_first(halving,delta_largest))))": 253,
	"opt(dictionary(sliding_window(4),continued_fractions(binary)))": 278,
	"opt(dictionary(sliding_window(4),continued_fractions(co_binary)))": 278,
	"opt(dictionary(sliding_window(4),continued_fractions(dichotomic)))": 278,
	"opt(dictionary(sliding_window(4),heuristic(use_first(halving,approximation))))": 278,
	"opt(dictionary(sliding_window(4),heuristic(use_first(halving,delta_largest))))": 278,
	"opt(dictionary(sliding_window(64),continued_fractions(binary)))": 242,
	"opt(dictionary(sliding_window(64),continued_fractions(co_binary)))": 242,
	"opt(dictionary(sliding_window(64),continued_fractions(dichotomic)))": 243,
	"opt(dictionary(sliding_window(64),heuristic(use_first(halving,approximation))))": 235,
	"opt(dictionary(sliding_window(64),heuristic(use_first(halving,delta_largest))))": 256,
	"opt(dictionary(sliding_window(8),continued_fractions(binary)))": 251,
	"opt(dictionary(sliding_window(8),continued_fractions(co_binary)))": 251,
	"opt(dictionary(sliding_window(8),continued_fractions(dichotomic)))": 251,
	"opt(dictionary(sliding_window(8),heuristic(use_first(halving,approximation))))": 252,
	"opt(dictionary(sliding_window(8),heuristic(use_first(halving,delta_largest))))": 252,
	"opt(runs(continued_fractions(binary)))": 232,
	"opt(runs(continued_fractions(co_binary)))": 232,
	"opt(runs(continued_fractions(dichotomic)))": 231,
	"opt(runs(heuristic(use_first(halving,approximation))))": 231,
	"opt(runs(heuristic(use_first(halving,delta_largest))))": 234
}