{
	"opt(dictionary(hybrid(2,0),continued_fractions(binary)))": 240,
	"opt(dictionary(hybrid(2,0),continued_fractions(co_binary)))": 240,
	"opt(dictionary(hybrid(2,0),continued_fractions(dichotomic)))": 235,
	"opt(dictionary(hybrid(2,0),heuristic(use_first(halving,approximation))))": 240,
	"opt(dictionary(hybrid(2,0),heuristic(use_first(halving,delta_largest))))": 288,
	"opt(dictionary(hybrid(2,16),continued_fractions(binary)))": 251,
	"opt(dictionary(hybrid(2,16),continued_fractions(co_binary)))": 251,
	"opt(dictionary(hybrid(2,16),continued_fractions(dichotomic)))": 243,
	"opt(dictionary(hybrid(2,16),heuristic(use_first(halving,approximation))))": 245,
	"opt(dictionary(hybrid(2,16),heuristic(use_first(halving,delta_largest))))": 249,
	"opt(dictionary(hybrid(2,32),continued_fractions(binary)))": 260,
	"opt(dictionary(hybrid(2,32),continued_fractions(co_binary)))": 260,
	"opt(dictionary(hybrid(2,32),continued_fractions(dichotomic)))": 238,
	"opt(dictionary(hybrid(2,32),heuristic(use_first(halving,approximation))))": 246,
	"opt(dictionary(hybrid(2,32),heuristic(use_first(halving,delta_largest))))": 258,
	"opt(dictionary(hybrid(2,64),continued_fractions(binary)))": 259,
	"opt(dictionary(hybrid(2,64),continued_fractions(co_binary)))": 259,
	"opt(dictionary(hybrid(2,64),continued_fractions(dichotomic)))": 237,
	"opt(dictionary(hybrid(2,64),heuristic(use_first(halving,approximation))))": 245,
	"opt(dictionary(hybrid(2,64),heuristic(use_first(halving,delta_largest))))": 257,
	"opt(dictionary(hybrid(3,0),continued_fractions(binary)))": 240,
	"opt(dictionary(hybrid(3,0),continued_fractions(co_binary)))": 240,
	"opt(dictionary(hybrid(3,0),continued_fractions(dichotomic)))": 235,
	"opt(dictionary(hybrid(3,0),heuristic(use_first(halving,approximation))))": 240,
	"opt(dictionary(hybrid(3,0),heuristic(use_first(halving,delta_largest))))": 288,
	"opt(dictionary(hybrid(3,16),continued_fractions(binary)))": 251,
	"opt(dictionary(hybrid(3,16),continued_fractions(co_binary)))": 251,
	"opt(dictionary(hybrid(3,16),continued_fractions(dichotomic)))": 243,
	"opt(dictionary(hybrid(3,16),heuristic(use_first(halving,approximation))))": 245,
	"opt(dictionary(hybrid(3,16),heuristic(use_first(halving,delta_largest))))": 249,
	"opt(dictionary(hybrid(3,32),continued_fractions(binary)))": 260,
	"opt(dictionary(hybrid(3,32),continued_fractions(co_binary)))": 260,
	"opt(dictionary(hybrid(3,32),continued_fractions(dichotomic)))": 238,
	"opt(dictionary(hybrid(3,32),heuristic(use_first(halving,approximation))))": 246,
	"opt(dictionary(hybrid(3,32),heuristic(use_first(halving,delta_largest))))": 258,
	"opt(dictionary(hybrid(3,64),continued_fractions(binary)))": 259,
	"opt(dictionary(hybrid(3,64),continued_fractions(co_binary)))": 259,
	"opt(dictionary(hybrid(3,64),continued_fractions(dichotomic)))": 237,
	"opt(dictionary(hybrid(3,64),heuristic(use_first(halving,approximation))))": 245,
	"opt(dictionary(hybrid(3,64),heuristic(use_first(halving,delta_largest))))": 257,
	"opt(dictionary(hybrid(4,0),continued_fractions(binary)))": 240,
	"opt(dictionary(hybrid(4,0),continued_fractions(co_binary)))": 240,
	"opt(dictionary(hybrid(4,0),continued_fractions(dichotomic)))": 235,
	"opt(dictionary(hybrid(4,0),heuristic(use_first(halving,approximation))))": 240,
	"opt(dictionary(hybrid(4,0),heuristic(use_first(halving,delta_largest))))": 288,
	"opt(dictionary(hybrid(4,16),continued_fractions(binary)))": 251,
	"opt(dictionary(hybrid(4,16),continued_fractions(co_binary)))": 251,
	"opt(dictionary(hybrid(4,16),continued_fractions(dichotomic)))": 243,
	"opt(dictionary(hybrid(4,16),heuristic(use_first(halving,approximation))))": 245,
	"opt(dictionary(hybrid(4,16),heuristic(use_first(halving,delta_largest))))": 249,
	"opt(dictionary(hybrid(4,32),continued_fractions(binary)))": 260,
	"opt(dictionary(hybrid(4,32),continued_fractions(co_binary)))": 260,
	"opt(dictionary(hybrid(4,32),continued_fractions(dichotomic)))": 238,
	"opt(dictionary(hybrid(4,32),heuristic(use_first(halving,approximation))))": 246,
	"opt(dictionary(hybrid(4,32),heuristic(use_first(halving,delta_largest))))": 258,
	"opt(dictionary(hybrid(4,64),continued_fractions(binary)))": 259,
	"opt(dictionary(hybrid(4,64),continued_fractions(co_binary)))": 259,
	"opt(dictionary(hybrid(4,64),continued_fractions(dichotomic)))": 237,
	"opt(dictionary(hybrid(4,64),heuristic(use_first(halving,approximation))))": 245,
	"opt(dictionary(hybrid(4,64),heuristic(use_first(halving,delta_largest))))": 257,
	"opt(dictionary(hybrid(5,0),continued_fractions(binary)))": 240,
	"opt(dictionary(hybrid(5,0),continued_fractions(co_binary)))": 240,
	"opt(dictionary(hybrid(5,0),continued_fractions(dichotomic)))": 235,
	"opt(dictionary(hybrid(5,0),heuristic(use_first(halving,approximation))))": 240,
	"opt(dictionary(hybrid(5,0),heuristic(use_first(halving,delta_largest))))": 288,
	"opt(dictionary(hybrid(5,16),continued_fractions(binary)))": 251,
	"opt(dictionary(hybrid(5,16),continued_fractions(co_binary)))": 251,
	"opt(dictionary(hybrid(5,16),continued_fractions(dichotomic)))": 243,
	"opt(dictionary(hybrid(5,16),heuristic(use_first(halving,approximation))))": 245,
	"opt(dictionary(hybrid(5,16),heuristic(use_first(halving,delta_largest))))": 249,
	"opt(dictionary(hybrid(5,32),continued_fractions(binary)))": 260,
	"opt(dictionary(hybrid(5,32),continued_fractions(co_binary)))": 260,
	"opt(dictionary(hybrid(5,32),continued_fractions(dichotomic)))": 238,
	"opt(dictionary(hybrid(5,32),heuristic(use_first(halving,approximation))))": 246,
	"opt(dictionary(hybrid(5,32),heuristic(use_first(halving,delta_largest))))": 258,
	"opt(dictionary(hybrid(5,64),continued_fractions(binary)))": 259,
	"opt(dictionary(hybrid(5,64),continued_fractions(co_binary)))": 259,
	"opt(dictionary(hybrid(5,64),continued_fractions(dichotomic)))": 237,
	"opt(dictionary(hybrid(5,64),heuristic(use_first(halving,approximation))))": 245,
	"opt(dictionary(hybrid(5,64),heuristic(use_first(halving,delta_largest))))": 257,
	"opt(dictionary(hybrid(6,0),continued_fractions(binary)))": 240,
	"opt(dictionary(hybrid(6,0),continued_fractions(co_binary)))": 240,
	"opt(dictionary(hybrid(6,0),continued_fractions(dichotomic)))": 235,
	"opt(dictionary(hybrid(6,0),heuristic(use_first(halving,approximation))))": 240,
	"opt(dictionary(hybrid(6,0),heuristic(use_first(halving,delta_largest))))": 288,
	"opt(dictionary(hybrid(6,16),continued_fractions(binary)))": 251,
	"opt(dictionary(hybrid(6,16),continued_fractions(co_binary)))": 251,
	"opt(dictionary(hybrid(6,16),continued_fractions(dichotomic)))": 243,
	"opt(dictionary(hybrid(6,16),heuristic(use_first(halving,approximation))))": 245,
	"opt(dictionary(hybrid(6,16),heuristic(use_first(halving,delta_largest))))": 249,
	"opt(dictionary(hybrid(6,32),continued_fractions(binary)))": 260,
	"opt(dictionary(hybrid(6,32),continued_fractions(co_binary)))": 260,
	"opt(dictionary(hybrid(6,32),continued_fractions(dichotomic)))": 238,
	"opt(dictionary(hybrid(6,32),heuristic(use_first(halving,approximation))))": 246,
	"opt(dictionary(hybrid(6,32),heuristic(use_first(halving,delta_largest))))": 258,
	"opt(dictionary(hybrid(6,64),continued_fractions(binary)))": 259,
	"opt(dictionary(hybrid(6,64),continued_fractions(co_binary)))": 259,
	"opt(dictionary(hybrid(6,64),continued_fractions(dichotomic)))": 237,
	"opt(dictionary(hybrid(6,64),heuristic(use_first(halving,approximation))))": 245,
	"opt(dictionary(hybrid(6,64),heuristic(use_first(halving,delta_largest))))": 257,
	"opt(dictionary(hybrid(7,0),continued_fractions(binary)))": 240,
	"opt(dictionary(hybrid(7,0),continued_fractions(co_binary)))": 240,
	"opt(dictionary(hybrid(7,0),continued_fractions(dichotomic)))": 235,
	"opt(dictionary(hybrid(7,0),heuristic(use_first(halving,approximation))))": 240,
	"opt(dictionary(hybrid(7,0),heuristic(use_first(halving,delta_largest))))": 288,
	"opt(dictionary(hybrid(7,16),continued_fractions(binary)))": 251,
	"opt(dictionary(hybrid(7,16),continued_fractions(co_binary)))": 251,
	"opt(dictionary(hybrid(7,16),continued_fractions(dichotomic)))": 243,
	"opt(dictionary(hybrid(7,16),heuristic(use_first(halving,approximation))))": 245,
	"opt(dictionary(hybrid(7,16),heuristic(use_first(halving,delta_largest))))": 249,
	"opt(dictionary(hybrid(7,32),continued_fractions(binary)))": 260,
	"opt(dictionary(hybrid(7,32),continued_fractions(co_binary)))": 260,
	"opt(dictionary(hybrid(7,32),continued_fractions(dichotomic)))": 238,
	"opt(dictionary(hybrid(7,32),heuristic(use_first(halving,approximation))))": 246,
	"opt(dictionary(hybrid(7,32),heuristic(use_first(halving,delta_largest))))": 258,
	"opt(dictionary(hybrid(7,64),continued_fractions(binary)))": 259,
	"opt(dictionary(hybrid(7,64),continued_fractions(co_binary)))": 259,
	"opt(dictionary(hybrid(7,64),continued_fractions(dichotomic)))": 237,
	"opt(dictionary(hybrid(7,64),heuristic(use_first(halving,approximation))))": 245,
	"opt(dictionary(hybrid(7,64),heuristic(use_first(halving,delta_largest))))": 257,
	"opt(dictionary(hybrid(8,0),continued_fractions(binary)))": 240,
	"opt(dictionary(hybrid(8,0),continued_fractions(co_binary)))": 240,
	"opt(dictionary(hybrid(8,0),continued_fractions(dichotomic)))": 235,
	"opt(dictionary(hybrid(8,0),heuristic(use_first(halving,approximation))))": 240,
	"opt(dictionary(hybrid(8,0),heuristic(use_first(halving,delta_largest))))": 288,
	"opt(dictionary(hybrid(8,16),continued_fractions(binary)))": 251,
	"opt(dictionary(hybrid(8,16),continued_fractions(co_binary)))": 251,
	"opt(dictionary(hybrid(8,16),continued_fractions(dichotomic)))": 243,
	"opt(dictionary(hybrid(8,16),heuristic(use_first(halving,approximation))))": 245,
	"opt(dictionary(hybrid(8,16),heuristic(use_first(halving,delta_largest))))": 249,
	"opt(dictionary(hybrid(8,32),continued_fractions(binary)))": 260,
	"opt(dictionary(hybrid(8,32),continued_fractions(co_binary)))": 260,
	"opt(dictionary(hybrid(8,32),continued_fractions(dichotomic)))": 238,
	"opt(dictionary(hybrid(8,32),heuristic(use_first(halving,approximation))))": 246,
	"opt(dictionary(hybrid(8,32),heuristic(use_first(halving,delta_largest))))": 258,
	"opt(dictionary(hybrid(8,64),continued_fractions(binary)))": 259,
	"opt(dictionary(hybrid(8,64),continued_fractions(co_binary)))": 259,
	"opt(dictionary(hybrid(8,64),continued_fractions(dichotomic)))": 237,
	"opt(dictionary(hybrid(8,64),heuristic(use_first(halving,approximation))))": 245,
	"opt(dictionary(hybrid(8,64),heuristic(use_first(halving,delta_largest))))": 257,
	"opt(dictionary(run_length(0),continued_fractions(binary)))": 240,
	"opt(dictionary(run_length(0),continued_fractions(co_binary)))": 240,
	"opt(dictionary(run_length(0),continued_fractions(dichotomic)))": 235,
	"opt(dictionary(run_length(0),heuristic(use_first(halving,approximation))))": 240,
	"opt(dictionary(run_length(0),heuristic(use_first(halving,delta_largest))))": 288,
	"opt(dictionary(run_length(128),continued_fractions(binary)))": 240,
	"opt(dictionary(run_length(128),continued_fractions(co_binary)))": 240,
	"opt(dictionary(run_length(128),continued_fractions(dichotomic)))": 235,
	"opt(dictionary(run_length(128),heuristic(use_first(halving,approximation))))": 240,
	"opt(dictionary(run_length(128),heuristic(use_first(halving,delta_largest))))": 288,
	"opt(dictionary(run_length(16),continued_fractions(binary)))": 251,
	"opt(dictionary(run_length(16),continued_fractions(co_binary)))": 251,
	"opt(dictionary(run_length(16),continued_fractions(dichotomic)))": 243,
	"opt(dictionary(run_length(16),heuristic(use_first(halving,approximation))))": 245,
	"opt(dictionary(run_length(16),heuristic(use_first(halving,delta_largest))))": 249,
	"opt(dictionary(run_length(32),continued_fractions(binary)))": 260,
	"opt(dictionary(run_length(32),continued_fractions(co_binary)))": 260,
	"opt(dictionary(run_length(32),continued_fractions(dichotomic)))": 238,
	"opt(dictionary(run_length(32),heuristic(use_first(halving,approximation))))": 246,
	"opt(dictionary(run_length(32),heuristic(use_first(halving,delta_largest))))": 258,
	"opt(dictionary(run_length(64),continued_fractions(binary)))": 259,
	"opt(dictionary(run_length(64),continued_fractions(co_binary)))": 259,
	"opt(dictionary(run_length(64),continued_fractions(dichotomic)))": 237,
	"opt(dictionary(run_length(64),heuristic(use_first(halving,approximation))))": 245,
	"opt(dictionary(run_length(64),heuristic(use_first(halving,delta_largest))))": 257,
	"opt(dictionary(sliding_window(128),continued_fractions(binary)))": 240,
	"opt(dictionary(sliding_window(128),continued_fractions(co_binary)))": 240,
	"opt(dictionary(sliding_window(128),continued_fractions(dichotomic)))": 235,
	"opt(dictionary(sliding_window(128),heuristic(use_first(halving,approximation))))": 240,
	"opt(dictionary(sliding_window(128),heuristic(use_first(halving,delta_largest))))": 288,
	"opt(dictionary(sliding_window(16),continued_fractions(binary)))": 251,
	"opt(dictionary(sliding_window(16),continued_fractions(co_binary)))": 251,
	"opt(dictionary(sliding_window(16),continued_fractions(dichotomic)))": 243,
	"opt(dictionary(sliding_window(16),heuristic(use_first(halving,approximation))))": 245,
	"opt(dictionary(sliding_window(16),heuristic(use_first(halving,delta_largest))))": 249,
	"opt(dictionary(sliding_window(32),continued_fractions(binary)))": 260,
	"opt(dictionary(sliding_window(32),continued_fractions(co_binary)))": 260,
	"opt(dictionary(sliding_window(32),continued_fractions(dichotomic)))": 238,
	"opt(dictionary(sliding_window(32),heuristic(use_first(halving,approximation))))": 246,
	"opt(dictionary(sliding_window(32),heuristic(use_first(halving,delta_largest))))": 258,
	"opt(dictionary(sliding_window(4),continued_fractions(binary)))": 281,
	"opt(dictionary(sliding_window(4),continued_fractions(co_binary)))": 281,
	"opt(dictionary(sliding_window(4),continued_fractions(dichotomic)))": 281,
	"opt(dictionary(sliding_window(4),heuristic(use_first(halving,approximation))))": 281,
	"opt(dictionary(sliding_window(4),heuristic(use_first(halving,delta_largest))))": 281,
	"opt(dictionary(sliding_window(64),continued_fractions(binary)))": 259,
	"opt(dictionary(sliding_window(64),continued_fractions(co_binary)))": 259,
	"opt(dictionary(sliding_window(64),continued_fractions(dichotomic)))": 237,
	"opt(dictionary(sliding_window(64),heuristic(use_first(halving,approximation))))": 245,
	"opt(dictionary(sliding_window(64),heuristic(use_first(halving,delta_largest))))": 257,
	"opt(dictionary(sliding_window(8),continued_fractions(binary)))": 257,
	"opt(dictionary(sliding_window(8),continued_fractions(co_binary)))": 257,
	"opt(dictionary(sliding_window(8),continued_fractions(dichotomic)))": 255,
	"opt(dictionary(sliding_window(8),heuristic(use_first(halving,approximation))))": 255,
	"opt(dictionary(sliding_window(8),heuristic(use_first(halving,delta_largest))))": 255,
	"opt(runs(continued_fractions(binary)))": 235,
	"opt(runs(continued_fractions(co_binary)))": 235,
	"opt(runs(continued_fractions(dichotomic)))": 235,
	"opt(runs(heuristic(use_first(halving,approximation))))": 234,
	"opt(runs(heuristic(use_first(halving,delta_largest))))": 234
}