{
	"opt(dictionary(hybrid(2,0),continued_fractions(binary)))": 498,
	"opt(dictionary(hybrid(2,0),continued_fractions(co_binary)))": 498,
	"opt(dictionary(hybrid(2,0),continued_fractions(dichotomic)))": 265,
	"opt(dictionary(hybrid(2,0),heuristic(use_first(halving,approximation))))": 376,
	"opt(dictionary(hybrid(2,0),heuristic(use_first(halving,delta_largest))))": 496,
	"opt(dictionary(hybrid(2,16),continued_fractions(binary)))": 273,
	"opt(dictionary(hybrid(2,16),continued_fractions(co_binary)))": 273,
	"opt(dictionary(hybrid(2,16),continued_fractions(dichotomic)))": 273,
	"opt(dictionary(hybrid(2,16),heuristic(use_first(halving,approximation))))": 273,
	"opt(dictionary(hybrid(2,16),heuristic(use_first(halving,delta_largest))))": 275,
	"opt(dictionary(hybrid(2,32),continued_fractions(binary)))": 267,
	"opt(dictionary(hybrid(2,32),continued_fractions(co_binary)))": 267,
	"opt(dictionary(hybrid(2,32),continued_fractions(dichotomic)))": 266,
	"opt(dictionary(hybrid(2,32),heuristic(use_first(halving,approximation))))": 266,
	"opt(dictionary(hybrid(2,32),heuristic(use_first(halving,delta_largest))))": 271,
	"opt(dictionary(hybrid(2,64),continued_fractions(binary)))": 270,
	"opt(dictionary(hybrid(2,64),continued_fractions(co_binary)))": 270,
	"opt(dictionary(hybrid(2,64),continued_fractions(dichotomic)))": 264,
	"opt(dictionary(hybrid(2,64),heuristic(use_first(halving,approximation))))": 267,
	"opt(dictionary(hybrid(2,64),heuristic(use_first(halving,delta_largest))))": 298,
	"opt(dictionary(hybrid(3,0),continued_fractions(binary)))": 375,
	"opt(dictionary(hybrid(3,0),continued_fractions(co_binary)))": 375,
	"opt(dictionary(hybrid(3,0),continued_fractions(dichotomic)))": 264,
	"opt(dictionary(hybrid(3,0),heuristic(use_first(halving,approximation))))": 335,
	"opt(dictionary(hybrid(3,0),heuristic(use_first(halving,delta_largest))))": 495,
	"opt(dictionary(hybrid(3,16),continued_fractions(binary)))": 272,
	"opt(dictionary(hybrid(3,16),continued_fractions(co_binary)))": 272,
	"opt(dictionary(hybrid(3,16),continued_fractions(dichotomic)))": 272,
	"opt(dictionary(hybrid(3,16),heuristic(use_first(halving,approximation))))": 272,
	"opt(dictionary(hybrid(3,16),heuristic(use_first(halving,delta_largest))))": 274,
	"opt(dictionary(hybrid(3,32),continued_fractions(binary)))": 265,
	"opt(dictionary(hybrid(3,32),continued_fractions(co_binary)))": 265,
	"opt(dictionary(hybrid(3,32),continued_fractions(dichotomic)))": 265,
	"opt(dictionary(hybrid(3,32),heuristic(use_first(halving,approximation))))": 266,
	"opt(dictionary(hybrid(3,32),heuristic(use_first(halving,delta_largest))))": 270,
	"opt(dictionary(hybrid(3,64),continued_fractions(binary)))": 266,
	"opt(dictionary(hybrid(3,64),continued_fractions(co_binary)))": 266,
	"opt(dictionary(hybrid(3,64),continued_fractions(dichotomic)))": 263,
	"opt(dictionary(hybrid(3,64),heuristic(use_first(halving,approximation))))": 265,
	"opt(dictionary(hybrid(3,64),heuristic(use_first(halving,delta_largest))))": 299,
	"opt(dictionary(hybrid(4,0),continued_fractions(binary)))": 375,
	"opt(dictionary(hybrid(4,0),continued_fractions(co_binary)))": 375,
	"opt(dictionary(hybrid(4,0),continued_fractions(dichotomic)))": 264,
	"opt(dictionary(hybrid(4,0),heuristic(use_first(halving,approximation))))": 335,
	"opt(dictionary(hybrid(4,0),heuristic(use_first(halving,delta_largest))))": 495,
	"opt(dictionary(hybrid(4,16),continued_fractions(binary)))": 272,
	"opt(dictionary(hybrid(4,16),continued_fractions(co_binary)))": 272,
	"opt(dictionary(hybrid(4,16),continued_fractions(dichotomic)))": 272,
	"opt(dictionary(hybrid(4,16),heuristic(use_first(halving,approximation))))": 272,
	"opt(dictionary(hybrid(4,16),heuristic(use_first(halving,delta_largest))))": 274,
	"opt(dictionary(hybrid(4,32),continued_fractions(binary)))": 265,
	"opt(dictionary(hybrid(4,32),continued_fractions(co_binary)))": 265,
	"opt(dictionary(hybrid(4,32),continued_fractions(dichotomic)))": 265,
	"opt(dictionary(hybrid(4,32),heuristic(use_first(halving,approximation))))": 266,
	"opt(dictionary(hybrid(4,32),heuristic(use_first(halving,delta_largest))))": 270,
	"opt(dictionary(hybrid(4,64),continued_fractions(binary)))": 266,
	"opt(dictionary(hybrid(4,64),continued_fractions(co_binary)))": 266,
	"opt(dictionary(hybrid(4,64),continued_fractions(dichotomic)))": 263,
	"opt(dictionary(hybrid(4,64),heuristic(use_first(halving,approximation))))": 265,
	"opt(dictionary(hybrid(4,64),heuristic(use_first(halving,delta_largest))))": 299,
	"opt(dictionary(hybrid(5,0),continued_fractions(binary)))": 375,
	"opt(dictionary(hybrid(5,0),continued_fractions(co_binary)))": 375,
	"opt(dictionary(hybrid(5,0),continued_fractions(dichotomic)))": 264,
	"opt(dictionary(hybrid(5,0),heuristic(use_first(halving,approximation))))": 335,
	"opt(dictionary(hybrid(5,0),heuristic(use_first(halving,delta_largest))))": 495,
	"opt(dictionary(hybrid(5,16),continued_fractions(binary)))": 272,
	"opt(dictionary(hybrid(5,16),continued_fractions(co_binary)))": 272,
	"opt(dictionary(hybrid(5,16),continued_fractions(dichotomic)))": 272,
	"opt(dictionary(hybrid(5,16),heuristic(use_first(halving,approximation))))": 272,
	"opt(dictionary(hybrid(5,16),heuristic(use_first(halving,delta_largest))))": 274,
	"opt(dictionary(hybrid(5,32),continued_fractions(binary)))": 265,
	"opt(dictionary(hybrid(5,32),continued_fractions(co_binary)))": 265,
	"opt(dictionary(hybrid(5,32),continued_fractions(dichotomic)))": 265,
	"opt(dictionary(hybrid(5,32),heuristic(use_first(halving,approximation))))": 266,
	"opt(dictionary(hybrid(5,32),heuristic(use_first(halving,delta_largest))))": 270,
	"opt(dictionary(hybrid(5,64),continued_fractions(binary)))": 266,
	"opt(dictionary(hybrid(5,64),continued_fractions(co_binary)))": 266,
	"opt(dictionary(hybrid(5,64),continued_fractions(dichotomic)))": 263,
	"opt(dictionary(hybrid(5,64),heuristic(use_first(halving,approximation))))": 265,
	"opt(dictionary(hybrid(5,64),heuristic(use_first(halving,delta_largest))))": 299,
	"opt(dictionary(hybrid(6,0),continued_fractions(binary)))": 375,
	"opt(dictionary(hybrid(6,0),continued_fractions(co_binary)))": 375,
	"opt(dictionary(hybrid(6,0),continued_fractions(dichotomic)))": 264,
	"opt(dictionary(hybrid(6,0),heuristic(use_first(halving,approximation))))": 335,
	"opt(dictionary(hybrid(6,0),heuristic(use_first(halving,delta_largest))))": 495,
	"opt(dictionary(hybrid(6,16),continued_fractions(binary)))": 272,
	"opt(dictionary(hybrid(6,16),continued_fractions(co_binary)))": 272,
	"opt(dictionary(hybrid(6,16),continued_fractions(dichotomic)))": 272,
	"opt(dictionary(hybrid(6,16),heuristic(use_first(halving,approximation))))": 272,
	"opt(dictionary(hybrid(6,16),heuristic(use_first(halving,delta_largest))))": 274,
	"opt(dictionary(hybrid(6,32),continued_fractions(binary)))": 265,
	"opt(dictionary(hybrid(6,32),continued_fractions(co_binary)))": 265,
	"opt(dictionary(hybrid(6,32),continued_fractions(dichotomic)))": 265,
	"opt(dictionary(hybrid(6,32),heuristic(use_first(halving,approximation))))": 266,
	"opt(dictionary(hybrid(6,32),heuristic(use_first(halving,delta_largest))))": 270,
	"opt(dictionary(hybrid(6,64),continued_fractions(binary)))": 266,
	"opt(dictionary(hybrid(6,64),continued_fractions(co_binary)))": 266,
	"opt(dictionary(hybrid(6,64),continued_fractions(dichotomic)))": 263,
	"opt(dictionary(hybrid(6,64),heuristic(use_first(halving,approximation))))": 265,
	"opt(dictionary(hybrid(6,64),heuristic(use_first(halving,delta_largest))))": 299,
	"opt(dictionary(hybrid(7,0),continued_fractions(binary)))": 375,
	"opt(dictionary(hybrid(7,0),continued_fractions(co_binary)))": 375,
	"opt(dictionary(hybrid(7,0),continued_fractions(dichotomic)))": 264,
	"opt(dictionary(hybrid(7,0),heuristic(use_first(halving,approximation))))": 335,
	"opt(dictionary(hybrid(7,0),heuristic(use_first(halving,delta_largest))))": 495,
	"opt(dictionary(hybrid(7,16),continued_fractions(binary)))": 272,
	"opt(dictionary(hybrid(7,16),continued_fractions(co_binary)))": 272,
	"opt(dictionary(hybrid(7,16),continued_fractions(dichotomic)))": 272,
	"opt(dictionary(hybrid(7,16),heuristic(use_first(halving,approximation))))": 272,
	"opt(dictionary(hybrid(7,16),heuristic(use_first(halving,delta_largest))))": 274,
	"opt(dictionary(hybrid(7,32),continued_fractions(binary)))": 265,
	"opt(dictionary(hybrid(7,32),continued_fractions(co_binary)))": 265,
	"opt(dictionary(hybrid(7,32),continued_fractions(dichotomic)))": 265,
	"opt(dictionary(hybrid(7,32),heuristic(use_first(halving,approximation))))": 266,
	"opt(dictionary(hybrid(7,32),heuristic(use_first(halving,delta_largest))))": 270,
	"opt(dictionary(hybrid(7,64),continued_fractions(binary)))": 266,
	"opt(dictionary(hybrid(7,64),continued_fractions(co_binary)))": 266,
	"opt(dictionary(hybrid(7,64),continued_fractions(dichotomic)))": 263,
	"opt(dictionary(hybrid(7,64),heuristic(use_first(halving,approximation))))": 265,
	"opt(dictionary(hybrid(7,64),heuristic(use_first(halving,delta_largest))))": 299,
	"opt(dictionary(hybrid(8,0),continued_fractions(binary)))": 375,
	"opt(dictionary(hybrid(8,0),continued_fractions(co_binary)))": 375,
	"opt(dictionary(hybrid(8,0),continued_fractions(dichotomic)))": 264,
	"opt(dictionary(hybrid(8,0),heuristic(use_first(halving,approximation))))": 335,
	"opt(dictionary(hybrid(8,0),heuristic(use_first(halving,delta_largest))))": 495,
	"opt(dictionary(hybrid(8,16),continued_fractions(binary)))": 272,
	"opt(dictionary(hybrid(8,16),continued_fractions(co_binary)))": 272,
	"opt(dictionary(hybrid(8,16),continued_fractions(dichotomic)))": 272,
	"opt(dictionary(hybrid(8,16),heuristic(use_first(halving,approximation))))": 272,
	"opt(dictionary(hybrid(8,16),heuristic(use_first(halving,delta_largest))))": 274,
	"opt(dictionary(hybrid(8,32),continued_fractions(binary)))": 265,
	"opt(dictionary(hybrid(8,32),continued_fractions(co_binary)))": 265,
	"opt(dictionary(hybrid(8,32),continued_fractions(dichotomic)))": 265,
	"opt(dictionary(hybrid(8,32),heuristic(use_first(halving,approximation))))": 266,
	"opt(dictionary(hybrid(8,32),heuristic(use_first(halving,delta_largest))))": 270,
	"opt(dictionary(hybrid(8,64),continued_fractions(binary)))": 266,
	"opt(dictionary(hybrid(8,64),continued_fractions(co_binary)))": 266,
	"opt(dictionary(hybrid(8,64),continued_fractions(dichotomic)))": 263,
	"opt(dictionary(hybrid(8,64),heuristic(use_first(halving,approximation))))": 265,
	"opt(dictionary(hybrid(8,64),heuristic(use_first(halving,delta_largest))))": 299,
	"opt(dictionary(run_length(0),continued_fractions(binary)))": 498,
	"opt(dictionary(run_length(0),continued_fractions(co_binary)))": 498,
	"opt(dictionary(run_length(0),continued_fractions(dichotomic)))": 265,
	"opt(dictionary(run_length(0),heuristic(use_first(halving,approximation))))": 376,
	"opt(dictionary(run_length(0),heuristic(use_first(halving,delta_largest))))": 496,
	"opt(dictionary(run_length(128),continued_fractions(binary)))": 272,
	"opt(dictionary(run_length(128),continued_fractions(co_binary)))": 272,
	"opt(dictionary(run_length(128),continued_fractions(dichotomic)))": 264,
	"opt(dictionary(run_length(128),heuristic(use_first(halving,approximation))))": 272,
	"opt(dictionary(run_length(128),heuristic(use_first(halving,delta_largest))))": 361,
	"opt(dictionary(run_length(16),continued_fractions(binary)))": 273,
	"opt(dictionary(run_length(16),continued_fractions(co_binary)))": 273,
	"opt(dictionary(run_length(16),continued_fractions(dichotomic)))": 273,
	"opt(dictionary(run_length(16),heuristic(use_first(halving,approximation))))": 273,
	"opt(dictionary(run_length(16),heuristic(use_first(halving,delta_largest))))": 275,
	"opt(dictionary(run_length(32),continued_fractions(binary)))": 267,
	"opt(dictionary(run_length(32),continued_fractions(co_binary)))": 267,
	"opt(dictionary(run_length(32),continued_fractions(dichotomic)))": 266,
	"opt(dictionary(run_length(32),heuristic(use_first(halving,approximation))))": 266,
	"opt(dictionary(run_length(32),heuristic(use_first(halving,delta_largest))))": 271,
	"opt(dictionary(run_length(64),continued_fractions(binary)))": 270,
	"opt(dictionary(run_length(64),continued_fractions(co_binary)))": 270,
	"opt(dictionary(run_length(64),continued_fractions(dichotomic)))": 264,
	"opt(dictionary(run_length(64),heuristic(use_first(halving,approximation))))": 267,
	"opt(dictionary(run_length(64),heuristic(use_first(halving,delta_largest))))": 298,
	"opt(dictionary(sliding_window(128),continued_fractions(binary)))": 306,
	"opt(dictionary(sliding_window(128),continued_fractions(co_binary)))": 306,
	"opt(dictionary(sliding_window(128),continued_fractions(dichotomic)))": 283,
	"opt(dictionary(sliding_window(128),heuristic(use_first(halving,approximation))))": 283,
	"opt(dictionary(sliding_window(128),heuristic(use_first(halving,delta_largest))))": 371,
	"opt(dictionary(sliding_window(16),continued_fractions(binary)))": 273,
	"opt(dictionary(sliding_window(16),continued_fractions(co_binary)))": 273,
	"opt(dictionary(sliding_window(16),continued_fractions(dichotomic)))": 273,
	"opt(dictionary(sliding_window(16),heuristic(use_first(halving,approximation))))": 273,
	"opt(dictionary(sliding_window(16),heuristic(use_first(halving,delta_largest))))": 273,
	"opt(dictionary(sliding_window(32),continued_fractions(binary)))": 273,
	"opt(dictionary(sliding_window(32),continued_fractions(co_binary)))": 273,
	"opt(dictionary(sliding_window(32),continued_fractions(dichotomic)))": 269,
	"opt(dictionary(sliding_window(32),heuristic(use_first(halving,approximation))))": 269,
	"opt(dictionary(sliding_window(32),heuristic(use_first(halving,delta_largest))))": 281,
	"opt(dictionary(sliding_window(4),continued_fractions(binary)))": 315,
	"opt(dictionary(sliding_window(4),continued_fractions(co_binary)))": 315,
	"opt(dictionary(sliding_window(4),continued_fractions(dichotomic)))": 315,
	"opt(dictionary(sliding_window(4),heuristic(use_first(halving,approximation))))": 315,
	"opt(dictionary(sliding_window(4),heuristic(use_first(halving,delta_largest))))": 315,
	"opt(dictionary(sliding_window(64),continued_fractions(binary)))": 284,
	"opt(dictionary(sliding_window(64),continued_fractions(co_binary)))": 284,
	"opt(dictionary(sliding_window(64),continued_fractions(dichotomic)))": 272,
	"opt(dictionary(sliding_window(64),heuristic(use_first(halving,approximation))))": 269,
	"opt(dictionary(sliding_window(64),heuristic(use_first(halving,delta_largest))))": 307,
	"opt(dictionary(sliding_window(8),continued_fractions(binary)))": 286,
	"opt(dictionary(sliding_window(8),continued_fractions(co_binary)))": 286,
	"opt(dictionary(sliding_window(8),continued_fractions(dichotomic)))": 286,
	"opt(dictionary(sliding_window(8),heuristic(use_first(halving,approximation))))": 286,
	"opt(dictionary(sliding_window(8),heuristic(use_first(halving,delta_largest))))": 287,
	"opt(runs(continued_fractions(binary)))": 265,
	"opt(runs(continued_fractions(co_binary)))": 265,
	"opt(runs(continued_fractions(dichotomic)))": 263,
	"opt(runs(heuristic(use_first(halving,approximation))))": 263,
	"opt(runs(heuristic(use_first(halving,delta_largest))))": 266
}