{
	"opt(dictionary(hybrid(2,0),continued_fractions(binary)))": 300,
	"opt(dictionary(hybrid(2,0),continued_fractions(co_binary)))": 300,
	"opt(dictionary(hybrid(2,0),continued_fractions(dichotomic)))": 299,
	"opt(dictionary(hybrid(2,0),heuristic(use_first(halving,approximation))))": 300,
	"opt(dictionary(hybrid(2,0),heuristic(use_first(halving,delta_largest))))": 317,
	"opt(dictionary(hybrid(2,16),continued_fractions(binary)))": 300,
	"opt(dictionary(hybrid(2,16),continued_fractions(co_binary)))": 300,
	"opt(dictionary(hybrid(2,16),continued_fractions(dichotomic)))": 300,
	"opt(dictionary(hybrid(2,16),heuristic(use_first(halving,approximation))))": 300,
	"opt(dictionary(hybrid(2,16),heuristic(use_first(halving,delta_largest))))": 303,
	"opt(dictionary(hybrid(2,32),continued_fractions(binary)))": 300,
	"opt(dictionary(hybrid(2,32),continued_fractions(co_binary)))": 300,
	"opt(dictionary(hybrid(2,32),continued_fractions(dichotomic)))": 299,
	"opt(dictionary(hybrid(2,32),heuristic(use_first(halving,approximation))))": 300,
	"opt(dictionary(hybrid(2,32),heuristic(use_first(halving,delta_largest))))": 315,
	"opt(dictionary(hybrid(2,64),continued_fractions(binary)))": 300,
	"opt(dictionary(hybrid(2,64),continued_fractions(co_binary)))": 300,
	"opt(dictionary(hybrid(2,64),continued_fractions(dichotomic)))": 299,
	"opt(dictionary(hybrid(2,64),heuristic(use_first(halving,approximation))))": 300,
	"opt(dictionary(hybrid(2,64),heuristic(use_first(halving,delta_largest))))": 315,
	"opt(dictionary(hybrid(3,0),continued_fractions(binary)))": 296,
	"opt(dictionary(hybrid(3,0),continued_fractions(co_binary)))": 296,
	"opt(dictionary(hybrid(3,0),continued_fractions(dichotomic)))": 295,
	"opt(dictionary(hybrid(3,0),heuristic(use_first(halving,approximation))))": 296,
	"opt(dictionary(hybrid(3,0),heuristic(use_first(halving,delta_largest))))": 313,
	"opt(dictionary(hybrid(3,16),continued_fractions(binary)))": 296,
	"opt(dictionary(hybrid(3,16),continued_fractions(co_binary)))": 296,
	"opt(dictionary(hybrid(3,16),continued_fractions(dichotomic)))": 296,
	"opt(dictionary(hybrid(3,16),heuristic(use_first(halving,approximation))))": 296,
	"opt(dictionary(hybrid(3,16),heuristic(use_first(halving,delta_largest))))": 299,
	"opt(dictionary(hybrid(3,32),continued_fractions(binary)))": 296,
	"opt(dictionary(hybrid(3,32),continued_fractions(co_binary)))": 296,
	"opt(dictionary(hybrid(3,32),continued_fractions(dichotomic)))": 295,
	"opt(dictionary(hybrid(3,32),heuristic(use_first(halving,approximation))))": 296,
	"opt(dictionary(hybrid(3,32),heuristic(use_first(halving,delta_largest))))": 312,
	"opt(dictionary(hybrid(3,64),continued_fractions(binary)))": 296,
	"opt(dictionary(hybrid(3,64),continued_fractions(co_binary)))": 296,
	"opt(dictionary(hybrid(3,64),continued_fractions(dichotomic)))": 295,
	"opt(dictionary(hybrid(3,64),heuristic(use_first(halving,approximation))))": 296,
	"opt(dictionary(hybrid(3,64),heuristic(use_first(halving,delta_largest))))": 312,
	"opt(dictionary(hybrid(4,0),continued_fractions(binary)))": 296,
	"opt(dictionary(hybrid(4,0),continued_fractions(co_binary)))": 296,
	"opt(dictionary(hybrid(4,0),continued_fractions(dichotomic)))": 295,
	"opt(dictionary(hybrid(4,0),heuristic(use_first(halving,approximation))))": 296,
	"opt(dictionary(hybrid(4,0),heuristic(use_first(halving,delta_largest))))": 313,
	"opt(dictionary(hybrid(4,16),continued_fractions(binary)))": 296,
	"opt(dictionary(hybrid(4,16),continued_fractions(co_binary)))": 296,
	"opt(dictionary(hybrid(4,16),continued_fractions(dichotomic)))": 296,
	"opt(dictionary(hybrid(4,16),heuristic(use_first(halving,approximation))))": 296,
	"opt(dictionary(hybrid(4,16),heuristic(use_first(halving,delta_largest))))": 300,
	"opt(dictionary(hybrid(4,32),continued_fractions(binary)))": 296,
	"opt(dictionary(hybrid(4,32),continued_fractions(co_binary)))": 296,
	"opt(dictionary(hybrid(4,32),continued_fractions(dichotomic)))": 295,
	"opt(dictionary(hybrid(4,32),heuristic(use_first(halving,approximation))))": 296,
	"opt(dictionary(hybrid(4,32),heuristic(use_first(halving,delta_largest))))": 313,
	"opt(dictionary(hybrid(4,64),continued_fractions(binary)))": 296,
	"opt(dictionary(hybrid(4,64),continued_fractions(co_binary)))": 296,
	"opt(dictionary(hybrid(4,64),continued_fractions(dichotomic)))": 295,
	"opt(dictionary(hybrid(4,64),heuristic(use_first(halving,approximation))))": 296,
	"opt(dictionary(hybrid(4,64),heuristic(use_first(halving,delta_largest))))": 313,
	"opt(dictionary(hybrid(5,0),continued_fractions(binary)))": 297,
	"opt(dictionary(hybrid(5,0),continued_fractions(co_binary)))": 297,
	"opt(dictionary(hybrid(5,0),continued_fractions(dichotomic)))": 296,
	"opt(dictionary(hybrid(5,0),heuristic(use_first(halving,approximation))))": 297,
	"opt(dictionary(hybrid(5,0),heuristic(use_first(halving,delta_largest))))": 314,
	"opt(dictionary(hybrid(5,16),continued_fractions(binary)))": 296,
	"opt(dictionary(hybrid(5,16),continued_fractions(co_binary)))": 296,
	"opt(dictionary(hybrid(5,16),continued_fractions(dichotomic)))": 296,
	"opt(dictionary(hybrid(5,16),heuristic(use_first(halving,approximation))))": 296,
	"opt(dictionary(hybrid(5,16),heuristic(use_first(halving,delta_largest))))": 299,
	"opt(dictionary(hybrid(5,32),continued_fractions(binary)))": 296,
	"opt(dictionary(hybrid(5,32),continued_fractions(co_binary)))": 296,
	"opt(dictionary(hybrid(5,32),continued_fractions(dichotomic)))": 295,
	"opt(dictionary(hybrid(5,32),heuristic(use_first(halving,approximation))))": 296,
	"opt(dictionary(hybrid(5,32),heuristic(use_first(halving,delta_largest))))": 313,
	"opt(dictionary(hybrid(5,64),continued_fractions(binary)))": 296,
	"opt(dictionary(hybrid(5,64),continued_fractions(co_binary)))": 296,
	"opt(dictionary(hybrid(5,64),continued_fractions(dichotomic)))": 295,
	"opt(dictionary(hybrid(5,64),heuristic(use_first(halving,approximation))))": 296,
	"opt(dictionary(hybrid(5,64),heuristic(use_first(halving,delta_largest))))": 313,
	"opt(dictionary(hybrid(6,0),continued_fractions(binary)))": 303,
	"opt(dictionary(hybrid(6,0),continued_fractions(co_binary)))": 303,
	"opt(dictionary(hybrid(6,0),continued_fractions(dichotomic)))": 300,
	"opt(dictionary(hybrid(6,0),heuristic(use_first(halving,approximation))))": 299,
	"opt(dictionary(hybrid(6,0),heuristic(use_first(halving,delta_largest))))": 312,
	"opt(dictionary(hybrid(6,16),continued_fractions(binary)))": 296,
	"opt(dictionary(hybrid(6,16),continued_fractions(co_binary)))": 296,
	"opt(dictionary(hybrid(6,16),continued_fractions(dichotomic)))": 296,
	"opt(dictionary(hybrid(6,16),heuristic(use_first(halving,approximation))))": 297,
	"opt(dictionary(hybrid(6,16),heuristic(use_first(halving,delta_largest))))": 299,
	"opt(dictionary(hybrid(6,32),continued_fractions(binary)))": 302,
	"opt(dictionary(hybrid(6,32),continued_fractions(co_binary)))": 302,
	"opt(dictionary(hybrid(6,32),continued_fractions(dichotomic)))": 299,
	"opt(dictionary(hybrid(6,32),heuristic(use_first(halving,approximation))))": 298,
	"opt(dictionary(hybrid(6,32),heuristic(use_first(halving,delta_largest))))": 311,
	"opt(dictionary(hybrid(6,64),continued_fractions(binary)))": 302,
	"opt(dictionary(hybrid(6,64),continued_fractions(co_binary)))": 302,
	"opt(dictionary(hybrid(6,64),continued_fractions(dichotomic)))": 299,
	"opt(dictionary(hybrid(6,64),heuristic(use_first(halving,approximation))))": 298,
	"opt(dictionary(hybrid(6,64),heuristic(use_first(halving,delta_largest))))": 311,
	"opt(dictionary(hybrid(7,0),continued_fractions(binary)))": 304,
	"opt(dictionary(hybrid(7,0),continued_fractions(co_binary)))": 304,
	"opt(dictionary(hybrid(7,0),continued_fractions(dichotomic)))": 301,
	"opt(dictionary(hybrid(7,0),heuristic(use_first(halving,approximation))))": 297,
	"opt(dictionary(hybrid(7,0),heuristic(use_first(halving,delta_largest))))": 312,
	"opt(dictionary(hybrid(7,16),continued_fractions(binary)))": 297,
	"opt(dictionary(hybrid(7,16),continued_fractions(co_binary)))": 297,
	"opt(dictionary(hybrid(7,16),continued_fractions(dichotomic)))": 297,
	"opt(dictionary(hybrid(7,16),heuristic(use_first(halving,approximation))))": 300,
	"opt(dictionary(hybrid(7,16),heuristic(use_first(halving,delta_largest))))": 299,
	"opt(dictionary(hybrid(7,32),continued_fractions(binary)))": 303,
	"opt(dictionary(hybrid(7,32),continued_fractions(co_binary)))": 303,
	"opt(dictionary(hybrid(7,32),continued_fractions(dichotomic)))": 300,
	"opt(dictionary(hybrid(7,32),heuristic(use_first(halving,approximation))))": 298,
	"opt(dictionary(hybrid(7,32),heuristic(use_first(halving,delta_largest))))": 313,
	"opt(dictionary(hybrid(7,64),continued_fractions(binary)))": 303,
	"opt(dictionary(hybrid(7,64),continued_fractions(co_binary)))": 303,
	"opt(dictionary(hybrid(7,64),continued_fractions(dichotomic)))": 300,
	"opt(dictionary(hybrid(7,64),heuristic(use_first(halving,approximation))))": 298,
	"opt(dictionary(hybrid(7,64),heuristic(use_first(halving,delta_largest))))": 313,
	"opt(dictionary(hybrid(8,0),continued_fractions(binary)))": 303,
	"opt(dictionary(hybrid(8,0),continued_fractions(co_binary)))": 303,
	"opt(dictionary(hybrid(8,0),continued_fractions(dichotomic)))": 302,
	"opt(dictionary(hybrid(8,0),heuristic(use_first(halving,approximation))))": 298,
	"opt(dictionary(hybrid(8,0),heuristic(use_first(halving,delta_largest))))": 310,
	"opt(dictionary(hybrid(8,16),continued_fractions(binary)))": 297,
	"opt(dictionary(hybrid(8,16),continued_fractions(co_binary)))": 297,
	"opt(dictionary(hybrid(8,16),continued_fractions(dichotomic)))": 296,
	"opt(dictionary(hybrid(8,16),heuristic(use_first(halving,approximation))))": 298,
	"opt(dictionary(hybrid(8,16),heuristic(use_first(halving,delta_largest))))": 294,
	"opt(dictionary(hybrid(8,32),continued_fractions(binary)))": 304,
	"opt(dictionary(hybrid(8,32),continued_fractions(co_binary)))": 304,
	"opt(dictionary(hybrid(8,32),continued_fractions(dichotomic)))": 298,
	"opt(dictionary(hybrid(8,32),heuristic(use_first(halving,approximation))))": 297,
	"opt(dictionary(hybrid(8,32),heuristic(use_first(halving,delta_largest))))": 305,
	"opt(dictionary(hybrid(8,64),continued_fractions(binary)))": 304,
	"opt(dictionary(hybrid(8,64),continued_fractions(co_binary)))": 304,
	"opt(dictionary(hybrid(8,64),continued_fractions(dichotomic)))": 298,
	"opt(dictionary(hybrid(8,64),heuristic(use_first(halving,approximation))))": 297,
	"opt(dictionary(hybrid(8,64),heuristic(use_first(halving,delta_largest))))": 305,
	"opt(dictionary(run_length(0),continued_fractions(binary)))": 300,
	"opt(dictionary(run_length(0),continued_fractions(co_binary)))": 300,
	"opt(dictionary(run_length(0),continued_fractions(dichotomic)))": 299,
	"opt(dictionary(run_length(0),heuristic(use_first(halving,approximation))))": 300,
	"opt(dictionary(run_length(0),heuristic(use_first(halving,delta_largest))))": 317,
	"opt(dictionary(run_length(128),continued_fractions(binary)))": 300,
	"opt(dictionary(run_length(128),continued_fractions(co_binary)))": 300,
	"opt(dictionary(run_length(128),continued_fractions(dichotomic)))": 299,
	"opt(dictionary(run_length(128),heuristic(use_first(halving,approximation))))": 300,
	"opt(dictionary(run_length(128),heuristic(use_first(halving,delta_largest))))": 317,
	"opt(dictionary(run_length(16),continued_fractions(binary)))": 300,
	"opt(dictionary(run_length(16),continued_fractions(co_binary)))": 300,
	"opt(dictionary(run_length(16),continued_fractions(dichotomic)))": 300,
	"opt(dictionary(run_length(16),heuristic(use_first(halving,approximation))))": 300,
	"opt(dictionary(run_length(16),heuristic(use_first(halving,delta_largest))))": 303,
	"opt(dictionary(run_length(32),continued_fractions(binary)))": 300,
	"opt(dictionary(run_length(32),continued_fractions(co_binary)))": 300,
	"opt(dictionary(run_length(32),continued_fractions(dichotomic)))": 299,
	"opt(dictionary(run_length(32),heuristic(use_first(halving,approximation))))": 300,
	"opt(dictionary(run_length(32),heuristic(use_first(halving,delta_largest))))": 315,
	"opt(dictionary(run_length(64),continued_fractions(binary)))": 300,
	"opt(dictionary(run_length(64),continued_fractions(co_binary)))": 300,
	"opt(dictionary(run_length(64),continued_fractions(dichotomic)))": 299,
	"opt(dictionary(run_length(64),heuristic(use_first(halving,approximation))))": 300,
	"opt(dictionary(run_length(64),heuristic(use_first(halving,delta_largest))))": 315,
	"opt(dictionary(sliding_window(128),continued_fractions(binary)))": 333,
	"opt(dictionary(sliding_window(128),continued_fractions(co_binary)))": 333,
	"opt(dictionary(sliding_window(128),continued_fractions(dichotomic)))": 332,
	"opt(dictionary(sliding_window(128),heuristic(use_first(halving,approximation))))": 332,
	"opt(dictionary(sliding_window(128),heuristic(use_first(halving,delta_largest))))": 332,
	"opt(dictionary(sliding_window(16),continued_fractions(binary)))": 296,
	"opt(dictionary(sliding_window(16),continued_fractions(co_binary)))": 296,
	"opt(dictionary(sliding_window(16),continued_fractions(dichotomic)))": 296,
	"opt(dictionary(sliding_window(16),heuristic(use_first(halving,approximation))))": 295,
	"opt(dictionary(sliding_window(16),heuristic(use_first(halving,delta_largest))))": 296,
	"opt(dictionary(sliding_window(32),continued_fractions(binary)))": 299,
	"opt(dictionary(sliding_window(32),continued_fractions(co_binary)))": 299,
	"opt(dictionary(sliding_window(32),continued_fractions(dichotomic)))": 299,
	"opt(dictionary(sliding_window(32),heuristic(use_first(halving,approximation))))": 304,
	"opt(dictionary(sliding_window(32),heuristic(use_first(halving,delta_largest))))": 300,
	"opt(dictionary(sliding_window(4),continued_fractions(binary)))": 310,
	"opt(dictionary(sliding_window(4),continued_fractions(co_binary)))": 310,
	"opt(dictionary(sliding_window(4),continued_fractions(dichotomic)))": 310,
	"opt(dictionary(sliding_window(4),heuristic(use_first(halving,approximation))))": 310,
	"opt(dictionary(sliding_window(4),heuristic(use_first(halving,delta_largest))))": 310,
	"opt(dictionary(sliding_window(64),continued_fractions(binary)))": 348,
	"opt(dictionary(sliding_window(64),continued_fractions(co_binary)))": 348,
	"opt(dictionary(sliding_window(64),continued_fractions(dichotomic)))": 348,
	"opt(dictionary(sliding_window(64),heuristic(use_first(halving,approximation))))": 354,
	"opt(dictionary(sliding_window(64),heuristic(use_first(halving,delta_largest))))": 349,
	"opt(dictionary(sliding_window(8),continued_fractions(binary)))": 299,
	"opt(dictionary(sliding_window(8),continued_fractions(co_binary)))": 299,
	"opt(dictionary(sliding_window(8),continued_fractions(dichotomic)))": 299,
	"opt(dictionary(sliding_window(8),heuristic(use_first(halving,approximation))))": 303,
	"opt(dictionary(sliding_window(8),heuristic(use_first(halving,delta_largest))))": 299,
	"opt(runs(continued_fractions(binary)))": 299,
	"opt(runs(continued_fractions(co_binary)))": 299,
	"opt(runs(continued_fractions(dichotomic)))": 299,
	"opt(runs(heuristic(use_first(halving,approximation))))": 298,
	"opt(runs(heuristic(use_first(halving,delta_largest))))": 298
}