{
	"opt(dictionary(hybrid(11,10,sliding_window_short(10,5)),continued_fractions(binary)))": 300,
	"opt(dictionary(hybrid(11,10,sliding_window_short(10,5)),continued_fractions(co_binary)))": 300,
	"opt(dictionary(hybrid(11,10,sliding_window_short(10,5)),continued_fractions(dichotomic)))": 300,
	"opt(dictionary(hybrid(11,10,sliding_window_short(10,5)),heuristic(use_first(halving,approximation))))": 300,
	"opt(dictionary(hybrid(11,10,sliding_window_short(10,5)),heuristic(use_first(halving,delta_largest))))": 300,
	"opt(dictionary(hybrid(11,12,sliding_window_short(10,5)),continued_fractions(binary)))": 299,
	"opt(dictionary(hybrid(11,12,sliding_window_short(10,5)),continued_fractions(co_binary)))": 299,
	"opt(dictionary(hybrid(11,12,sliding_window_short(10,5)),continued_fractions(dichotomic)))": 299,
	"opt(dictionary(hybrid(11,12,sliding_window_short(10,5)),heuristic(use_first(halving,approximation))))": 303,
	"opt(dictionary(hybrid(11,12,sliding_window_short(10,5)),heuristic(use_first(halving,delta_largest))))": 301,
	"opt(dictionary(hybrid(11,14,sliding_window_short(10,5)),continued_fractions(binary)))": 297,
	"opt(dictionary(hybrid(11,14,sliding_window_short(10,5)),continued_fractions(co_binary)))": 297,
	"opt(dictionary(hybrid(11,14,sliding_window_short(10,5)),continued_fractions(dichotomic)))": 297,
	"opt(dictionary(hybrid(11,14,sliding_window_short(10,5)),heuristic(use_first(halving,approximation))))": 300,
	"opt(dictionary(hybrid(11,14,sliding_window_short(10,5)),heuristic(use_first(halving,delta_largest))))": 299,
	"opt(dictionary(hybrid(11,16,sliding_window_short(10,5)),continued_fractions(binary)))": 298,
	"opt(dictionary(hybrid(11,16,sliding_window_short(10,5)),continued_fractions(co_binary)))": 298,
	"opt(dictionary(hybrid(11,16,sliding_window_short(10,5)),continued_fractions(dichotomic)))": 298,
	"opt(dictionary(hybrid(11,16,sliding_window_short(10,5)),heuristic(use_first(halving,approximation))))": 297,
	"opt(dictionary(hybrid(11,16,sliding_window_short(10,5)),heuristic(use_first(halving,delta_largest))))": 298,
	"opt(dictionary(hybrid(11,18,sliding_window_short(10,5)),continued_fractions(binary)))": 297,
	"opt(dictionary(hybrid(11,18,sliding_window_short(10,5)),continued_fractions(co_binary)))": 297,
	"opt(dictionary(hybrid(11,18,sliding_window_short(10,5)),continued_fractions(dichotomic)))": 297,
	"opt(dictionary(hybrid(11,18,sliding_window_short(10,5)),heuristic(use_first(halving,approximation))))": 299,
	"opt(dictionary(hybrid(11,18,sliding_window_short(10,5)),heuristic(use_first(halving,delta_largest))))": 298,
	"opt(dictionary(hybrid(11,20,sliding_window_short(10,5)),continued_fractions(binary)))": 297,
	"opt(dictionary(hybrid(11,20,sliding_window_short(10,5)),continued_fractions(co_binary)))": 297,
	"opt(dictionary(hybrid(11,20,sliding_window_short(10,5)),continued_fractions(dichotomic)))": 297,
	"opt(dictionary(hybrid(11,20,sliding_window_short(10,5)),heuristic(use_first(halving,approximation))))": 301,
	"opt(dictionary(hybrid(11,20,sliding_window_short(10,5)),heuristic(use_first(halving,delta_largest))))": 299,
	"opt(dictionary(hybrid(13,12,sliding_window_short(12,6)),continued_fractions(binary)))": 298,
	"opt(dictionary(hybrid(13,12,sliding_window_short(12,6)),continued_fractions(co_binary)))": 298,
	"opt(dictionary(hybrid(13,12,sliding_window_short(12,6)),continued_fractions(dichotomic)))": 298,
	"opt(dictionary(hybrid(13,12,sliding_window_short(12,6)),heuristic(use_first(halving,approximation))))": 300,
	"opt(dictionary(hybrid(13,12,sliding_window_short(12,6)),heuristic(use_first(halving,delta_largest))))": 298,
	"opt(dictionary(hybrid(13,14,sliding_window_short(12,6)),continued_fractions(binary)))": 297,
	"opt(dictionary(hybrid(13,14,sliding_window_short(12,6)),continued_fractions(co_binary)))": 297,
	"opt(dictionary(hybrid(13,14,sliding_window_short(12,6)),continued_fractions(dichotomic)))": 297,
	"opt(dictionary(hybrid(13,14,sliding_window_short(12,6)),heuristic(use_first(halving,approximation))))": 300,
	"opt(dictionary(hybrid(13,14,sliding_window_short(12,6)),heuristic(use_first(halving,delta_largest))))": 298,
	"opt(dictionary(hybrid(13,16,sliding_window_short(12,6)),continued_fractions(binary)))": 296,
	"opt(dictionary(hybrid(13,16,sliding_window_short(12,6)),continued_fractions(co_binary)))": 296,
	"opt(dictionary(hybrid(13,16,sliding_window_short(12,6)),continued_fractions(dichotomic)))": 296,
	"opt(dictionary(hybrid(13,16,sliding_window_short(12,6)),heuristic(use_first(halving,approximation))))": 300,
	"opt(dictionary(hybrid(13,16,sliding_window_short(12,6)),heuristic(use_first(halving,delta_largest))))": 297,
	"opt(dictionary(hybrid(13,18,sliding_window_short(12,6)),continued_fractions(binary)))": 292,
	"opt(dictionary(hybrid(13,18,sliding_window_short(12,6)),continued_fractions(co_binary)))": 292,
	"opt(dictionary(hybrid(13,18,sliding_window_short(12,6)),continued_fractions(dichotomic)))": 292,
	"opt(dictionary(hybrid(13,18,sliding_window_short(12,6)),heuristic(use_first(halving,approximation))))": 297,
	"opt(dictionary(hybrid(13,18,sliding_window_short(12,6)),heuristic(use_first(halving,delta_largest))))": 295,
	"opt(dictionary(hybrid(13,20,sliding_window_short(12,6)),continued_fractions(binary)))": 296,
	"opt(dictionary(hybrid(13,20,sliding_window_short(12,6)),continued_fractions(co_binary)))": 296,
	"opt(dictionary(hybrid(13,20,sliding_window_short(12,6)),continued_fractions(dichotomic)))": 296,
	"opt(dictionary(hybrid(13,20,sliding_window_short(12,6)),heuristic(use_first(halving,approximation))))": 298,
	"opt(dictionary(hybrid(13,20,sliding_window_short(12,6)),heuristic(use_first(halving,delta_largest))))": 296,
	"opt(dictionary(hybrid(13,22,sliding_window_short(12,6)),continued_fractions(binary)))": 297,
	"opt(dictionary(hybrid(13,22,sliding_window_short(12,6)),continued_fractions(co_binary)))": 297,
	"opt(dictionary(hybrid(13,22,sliding_window_short(12,6)),continued_fractions(dichotomic)))": 297,
	"opt(dictionary(hybrid(13,22,sliding_window_short(12,6)),heuristic(use_first(halving,approximation))))": 298,
	"opt(dictionary(hybrid(13,22,sliding_window_short(12,6)),heuristic(use_first(halving,delta_largest))))": 298,
	"opt(dictionary(hybrid(15,14,sliding_window_short(14,7)),continued_fractions(binary)))": 296,
	"opt(dictionary(hybrid(15,14,sliding_window_short(14,7)),continued_fractions(co_binary)))": 296,
	"opt(dictionary(hybrid(15,14,sliding_window_short(14,7)),continued_fractions(dichotomic)))": 296,
	"opt(dictionary(hybrid(15,14,sliding_window_short(14,7)),heuristic(use_first(halving,approximation))))": 302,
	"opt(dictionary(hybrid(15,14,sliding_window_short(14,7)),heuristic(use_first(halving,delta_largest))))": 295,
	"opt(dictionary(hybrid(15,16,sliding_window_short(14,7)),continued_fractions(binary)))": 296,
	"opt(dictionary(hybrid(15,16,sliding_window_short(14,7)),continued_fractions(co_binary)))": 296,
	"opt(dictionary(hybrid(15,16,sliding_window_short(14,7)),continued_fractions(dichotomic)))": 296,
	"opt(dictionary(hybrid(15,16,sliding_window_short(14,7)),heuristic(use_first(halving,approximation))))": 299,
	"opt(dictionary(hybrid(15,16,sliding_window_short(14,7)),heuristic(use_first(halving,delta_largest))))": 297,
	"opt(dictionary(hybrid(15,18,sliding_window_short(14,7)),continued_fractions(binary)))": 298,
	"opt(dictionary(hybrid(15,18,sliding_window_short(14,7)),continued_fractions(co_binary)))": 298,
	"opt(dictionary(hybrid(15,18,sliding_window_short(14,7)),continued_fractions(dichotomic)))": 298,
	"opt(dictionary(hybrid(15,18,sliding_window_short(14,7)),heuristic(use_first(halving,approximation))))": 300,
	"opt(dictionary(hybrid(15,18,sliding_window_short(14,7)),heuristic(use_first(halving,delta_largest))))": 298,
	"opt(dictionary(hybrid(15,20,sliding_window_short(14,7)),continued_fractions(binary)))": 299,
	"opt(dictionary(hybrid(15,20,sliding_window_short(14,7)),continued_fractions(co_binary)))": 299,
	"opt(dictionary(hybrid(15,20,sliding_window_short(14,7)),continued_fractions(dichotomic)))": 299,
	"opt(dictionary(hybrid(15,20,sliding_window_short(14,7)),heuristic(use_first(halving,approximation))))": 302,
	"opt(dictionary(hybrid(15,20,sliding_window_short(14,7)),heuristic(use_first(halving,delta_largest))))": 298,
	"opt(dictionary(hybrid(15,22,sliding_window_short(14,7)),continued_fractions(binary)))": 299,
	"opt(dictionary(hybrid(15,22,sliding_window_short(14,7)),continued_fractions(co_binary)))": 299,
	"opt(dictionary(hybrid(15,22,sliding_window_short(14,7)),continued_fractions(dichotomic)))": 299,
	"opt(dictionary(hybrid(15,22,sliding_window_short(14,7)),heuristic(use_first(halving,approximation))))": 299,
	"opt(dictionary(hybrid(15,22,sliding_window_short(14,7)),heuristic(use_first(halving,delta_largest))))": 299,
	"opt(dictionary(hybrid(15,24,sliding_window_short(14,7)),continued_fractions(binary)))": 299,
	"opt(dictionary(hybrid(15,24,sliding_window_short(14,7)),continued_fractions(co_binary)))": 299,
	"opt(dictionary(hybrid(15,24,sliding_window_short(14,7)),continued_fractions(dichotomic)))": 299,
	"opt(dictionary(hybrid(15,24,sliding_window_short(14,7)),heuristic(use_first(halving,approximation))))": 299,
	"opt(dictionary(hybrid(15,24,sliding_window_short(14,7)),heuristic(use_first(halving,delta_largest))))": 300,
	"opt(dictionary(hybrid(17,16,sliding_window_short(16,8)),continued_fractions(binary)))": 296,
	"opt(dictionary(hybrid(17,16,sliding_window_short(16,8)),continued_fractions(co_binary)))": 296,
	"opt(dictionary(hybrid(17,16,sliding_window_short(16,8)),continued_fractions(dichotomic)))": 296,
	"opt(dictionary(hybrid(17,16,sliding_window_short(16,8)),heuristic(use_first(halving,approximation))))": 298,
	"opt(dictionary(hybrid(17,16,sliding_window_short(16,8)),heuristic(use_first(halving,delta_largest))))": 296,
	"opt(dictionary(hybrid(17,18,sliding_window_short(16,8)),continued_fractions(binary)))": 297,
	"opt(dictionary(hybrid(17,18,sliding_window_short(16,8)),continued_fractions(co_binary)))": 297,
	"opt(dictionary(hybrid(17,18,sliding_window_short(16,8)),continued_fractions(dichotomic)))": 297,
	"opt(dictionary(hybrid(17,18,sliding_window_short(16,8)),heuristic(use_first(halving,approximation))))": 302,
	"opt(dictionary(hybrid(17,18,sliding_window_short(16,8)),heuristic(use_first(halving,delta_largest))))": 297,
	"opt(dictionary(hybrid(17,20,sliding_window_short(16,8)),continued_fractions(binary)))": 301,
	"opt(dictionary(hybrid(17,20,sliding_window_short(16,8)),continued_fractions(co_binary)))": 301,
	"opt(dictionary(hybrid(17,20,sliding_window_short(16,8)),continued_fractions(dichotomic)))": 301,
	"opt(dictionary(hybrid(17,20,sliding_window_short(16,8)),heuristic(use_first(halving,approximation))))": 301,
	"opt(dictionary(hybrid(17,20,sliding_window_short(16,8)),heuristic(use_first(halving,delta_largest))))": 300,
	"opt(dictionary(hybrid(17,22,sliding_window_short(16,8)),continued_fractions(binary)))": 300,
	"opt(dictionary(hybrid(17,22,sliding_window_short(16,8)),continued_fractions(co_binary)))": 300,
	"opt(dictionary(hybrid(17,22,sliding_window_short(16,8)),continued_fractions(dichotomic)))": 300,
	"opt(dictionary(hybrid(17,22,sliding_window_short(16,8)),heuristic(use_first(halving,approximation))))": 303,
	"opt(dictionary(hybrid(17,22,sliding_window_short(16,8)),heuristic(use_first(halving,delta_largest))))": 299,
	"opt(dictionary(hybrid(17,24,sliding_window_short(16,8)),continued_fractions(binary)))": 298,
	"opt(dictionary(hybrid(17,24,sliding_window_short(16,8)),continued_fractions(co_binary)))": 298,
	"opt(dictionary(hybrid(17,24,sliding_window_short(16,8)),continued_fractions(dichotomic)))": 298,
	"opt(dictionary(hybrid(17,24,sliding_window_short(16,8)),heuristic(use_first(halving,approximation))))": 304,
	"opt(dictionary(hybrid(17,24,sliding_window_short(16,8)),heuristic(use_first(halving,delta_largest))))": 300,
	"opt(dictionary(hybrid(17,26,sliding_window_short(16,8)),continued_fractions(binary)))": 302,
	"opt(dictionary(hybrid(17,26,sliding_window_short(16,8)),continued_fractions(co_binary)))": 302,
	"opt(dictionary(hybrid(17,26,sliding_window_short(16,8)),continued_fractions(dichotomic)))": 302,
	"opt(dictionary(hybrid(17,26,sliding_window_short(16,8)),heuristic(use_first(halving,approximation))))": 306,
	"opt(dictionary(hybrid(17,26,sliding_window_short(16,8)),heuristic(use_first(halving,delta_largest))))": 301,
	"opt(dictionary(hybrid(19,18,sliding_window_short(18,9)),continued_fractions(binary)))": 301,
	"opt(dictionary(hybrid(19,18,sliding_window_short(18,9)),continued_fractions(co_binary)))": 301,
	"opt(dictionary(hybrid(19,18,sliding_window_short(18,9)),continued_fractions(dichotomic)))": 301,
	"opt(dictionary(hybrid(19,18,sliding_window_short(18,9)),heuristic(use_first(halving,approximation))))": 301,
	"opt(dictionary(hybrid(19,18,sliding_window_short(18,9)),heuristic(use_first(halving,delta_largest))))": 303,
	"opt(dictionary(hybrid(19,20,sliding_window_short(18,9)),continued_fractions(binary)))": 300,
	"opt(dictionary(hybrid(19,20,sliding_window_short(18,9)),continued_fractions(co_binary)))": 300,
	"opt(dictionary(hybrid(19,20,sliding_window_short(18,9)),continued_fractions(dichotomic)))": 300,
	"opt(dictionary(hybrid(19,20,sliding_window_short(18,9)),heuristic(use_first(halving,approximation))))": 301,
	"opt(dictionary(hybrid(19,20,sliding_window_short(18,9)),heuristic(use_first(halving,delta_largest))))": 301,
	"opt(dictionary(hybrid(19,22,sliding_window_short(18,9)),continued_fractions(binary)))": 298,
	"opt(dictionary(hybrid(19,22,sliding_window_short(18,9)),continued_fractions(co_binary)))": 298,
	"opt(dictionary(hybrid(19,22,sliding_window_short(18,9)),continued_fractions(dichotomic)))": 298,
	"opt(dictionary(hybrid(19,22,sliding_window_short(18,9)),heuristic(use_first(halving,approximation))))": 301,
	"opt(dictionary(hybrid(19,22,sliding_window_short(18,9)),heuristic(use_first(halving,delta_largest))))": 297,
	"opt(dictionary(hybrid(19,24,sliding_window_short(18,9)),continued_fractions(binary)))": 297,
	"opt(dictionary(hybrid(19,24,sliding_window_short(18,9)),continued_fractions(co_binary)))": 297,
	"opt(dictionary(hybrid(19,24,sliding_window_short(18,9)),continued_fractions(dichotomic)))": 297,
	"opt(dictionary(hybrid(19,24,sliding_window_short(18,9)),heuristic(use_first(halving,approximation))))": 301,
	"opt(dictionary(hybrid(19,24,sliding_window_short(18,9)),heuristic(use_first(halving,delta_largest))))": 297,
	"opt(dictionary(hybrid(19,26,sliding_window_short(18,9)),continued_fractions(binary)))": 297,
	"opt(dictionary(hybrid(19,26,sliding_window_short(18,9)),continued_fractions(co_binary)))": 297,
	"opt(dictionary(hybrid(19,26,sliding_window_short(18,9)),continued_fractions(dichotomic)))": 297,
	"opt(dictionary(hybrid(19,26,sliding_window_short(18,9)),heuristic(use_first(halving,approximation))))": 297,
	"opt(dictionary(hybrid(19,26,sliding_window_short(18,9)),heuristic(use_first(halving,delta_largest))))": 300,
	"opt(dictionary(hybrid(19,28,sliding_window_short(18,9)),continued_fractions(binary)))": 303,
	"opt(dictionary(hybrid(19,28,sliding_window_short(18,9)),continued_fractions(co_binary)))": 303,
	"opt(dictionary(hybrid(19,28,sliding_window_short(18,9)),continued_fractions(dichotomic)))": 302,
	"opt(dictionary(hybrid(19,28,sliding_window_short(18,9)),heuristic(use_first(halving,approximation))))": 297,
	"opt(dictionary(hybrid(19,28,sliding_window_short(18,9)),heuristic(use_first(halving,delta_largest))))": 298,
	"opt(dictionary(hybrid(21,20,sliding_window_short(20,10)),continued_fractions(binary)))": 300,
	"opt(dictionary(hybrid(21,20,sliding_window_short(20,10)),continued_fractions(co_binary)))": 300,
	"opt(dictionary(hybrid(21,20,sliding_window_short(20,10)),continued_fractions(dichotomic)))": 300,
	"opt(dictionary(hybrid(21,20,sliding_window_short(20,10)),heuristic(use_first(halving,approximation))))": 302,
	"opt(dictionary(hybrid(21,20,sliding_window_short(20,10)),heuristic(use_first(halving,delta_largest))))": 299,
	"opt(dictionary(hybrid(21,22,sliding_window_short(20,10)),continued_fractions(binary)))": 297,
	"opt(dictionary(hybrid(21,22,sliding_window_short(20,10)),continued_fractions(co_binary)))": 297,
	"opt(dictionary(hybrid(21,22,sliding_window_short(20,10)),continued_fractions(dichotomic)))": 297,
	"opt(dictionary(hybrid(21,22,sliding_window_short(20,10)),heuristic(use_first(halving,approximation))))": 297,
	"opt(dictionary(hybrid(21,22,sliding_window_short(20,10)),heuristic(use_first(halving,delta_largest))))": 299,
	"opt(dictionary(hybrid(21,24,sliding_window_short(20,10)),continued_fractions(binary)))": 302,
	"opt(dictionary(hybrid(21,24,sliding_window_short(20,10)),continued_fractions(co_binary)))": 302,
	"opt(dictionary(hybrid(21,24,sliding_window_short(20,10)),continued_fractions(dichotomic)))": 302,
	"opt(dictionary(hybrid(21,24,sliding_window_short(20,10)),heuristic(use_first(halving,approximation))))": 300,
	"opt(dictionary(hybrid(21,24,sliding_window_short(20,10)),heuristic(use_first(halving,delta_largest))))": 303,
	"opt(dictionary(hybrid(21,26,sliding_window_short(20,10)),continued_fractions(binary)))": 301,
	"opt(dictionary(hybrid(21,26,sliding_window_short(20,10)),continued_fractions(co_binary)))": 301,
	"opt(dictionary(hybrid(21,26,sliding_window_short(20,10)),continued_fractions(dichotomic)))": 301,
	"opt(dictionary(hybrid(21,26,sliding_window_short(20,10)),heuristic(use_first(halving,approximation))))": 303,
	"opt(dictionary(hybrid(21,26,sliding_window_short(20,10)),heuristic(use_first(halving,delta_largest))))": 304,
	"opt(dictionary(hybrid(21,28,sliding_window_short(20,10)),continued_fractions(binary)))": 300,
	"opt(dictionary(hybrid(21,28,sliding_window_short(20,10)),continued_fractions(co_binary)))": 300,
	"opt(dictionary(hybrid(21,28,sliding_window_short(20,10)),continued_fractions(dichotomic)))": 300,
	"opt(dictionary(hybrid(21,28,sliding_window_short(20,10)),heuristic(use_first(halving,approximation))))": 300,
	"opt(dictionary(hybrid(21,28,sliding_window_short(20,10)),heuristic(use_first(halving,delta_largest))))": 300,
	"opt(dictionary(hybrid(21,30,sliding_window_short(20,10)),continued_fractions(binary)))": 295,
	"opt(dictionary(hybrid(21,30,sliding_window_short(20,10)),continued_fractions(co_binary)))": 295,
	"opt(dictionary(hybrid(21,30,sliding_window_short(20,10)),continued_fractions(dichotomic)))": 294,
	"opt(dictionary(hybrid(21,30,sliding_window_short(20,10)),heuristic(use_first(halving,approximation))))": 302,
	"opt(dictionary(hybrid(21,30,sliding_window_short(20,10)),heuristic(use_first(halving,delta_largest))))": 297,
	"opt(dictionary(hybrid(3,0,sliding_window(2)),continued_fractions(binary)))": 300,
	"opt(dictionary(hybrid(3,0,sliding_window(2)),continued_fractions(co_binary)))": 300,
	"opt(dictionary(hybrid(3,0,sliding_window(2)),continued_fractions(dichotomic)))": 299,
	"opt(dictionary(hybrid(3,0,sliding_window(2)),heuristic(use_first(halving,approximation))))": 300,
	"opt(dictionary(hybrid(3,0,sliding_window(2)),heuristic(use_first(halving,delta_largest))))": 317,
	"opt(dictionary(hybrid(3,0,sliding_window_short(2,0)),continued_fractions(binary)))": 300,
	"opt(dictionary(hybrid(3,0,sliding_window_short(2,0)),continued_fractions(co_binary)))": 300,
	"opt(dictionary(hybrid(3,0,sliding_window_short(2,0)),continued_fractions(dichotomic)))": 299,
	"opt(dictionary(hybrid(3,0,sliding_window_short(2,0)),heuristic(use_first(halving,approximation))))": 300,
	"opt(dictionary(hybrid(3,0,sliding_window_short(2,0)),heuristic(use_first(halving,delta_largest))))": 317,
	"opt(dictionary(hybrid(3,0,sliding_window_short(2,1)),continued_fractions(binary)))": 300,
	"opt(dictionary(hybrid(3,0,sliding_window_short(2,1)),continued_fractions(co_binary)))": 300,
	"opt(dictionary(hybrid(3,0,sliding_window_short(2,1)),continued_fractions(dichotomic)))": 299,
	"opt(dictionary(hybrid(3,0,sliding_window_short(2,1)),heuristic(use_first(halving,approximation))))": 300,
	"opt(dictionary(hybrid(3,0,sliding_window_short(2,1)),heuristic(use_first(halving,delta_largest))))": 317,
	"opt(dictionary(hybrid(3,0,sliding_window_short_rtl(2,1)),continued_fractions(binary)))": 300,
	"opt(dictionary(hybrid(3,0,sliding_window_short_rtl(2,1)),continued_fractions(co_binary)))": 300,
	"opt(dictionary(hybrid(3,0,sliding_window_short_rtl(2,1)),continued_fractions(dichotomic)))": 299,
	"opt(dictionary(hybrid(3,0,sliding_window_short_rtl(2,1)),heuristic(use_first(halving,approximation))))": 300,
	"opt(dictionary(hybrid(3,0,sliding_window_short_rtl(2,1)),heuristic(use_first(halving,delta_largest))))": 317,
	"opt(dictionary(hybrid(3,16,sliding_window(2)),continued_fractions(binary)))": 300,
	"opt(dictionary(hybrid(3,16,sliding_window(2)),continued_fractions(co_binary)))": 300,
	"opt(dictionary(hybrid(3,16,sliding_window(2)),continued_fractions(dichotomic)))": 300,
	"opt(dictionary(hybrid(3,16,sliding_window(2)),heuristic(use_first(halving,approximation))))": 300,
	"opt(dictionary(hybrid(3,16,sliding_window(2)),heuristic(use_first(halving,delta_largest))))": 303,
	"opt(dictionary(hybrid(3,16,sliding_window_short(2,1)),continued_fractions(binary)))": 300,
	"opt(dictionary(hybrid(3,16,sliding_window_short(2,1)),continued_fractions(co_binary)))": 300,
	"opt(dictionary(hybrid(3,16,sliding_window_short(2,1)),continued_fractions(dichotomic)))": 300,
	"opt(dictionary(hybrid(3,16,sliding_window_short(2,1)),heuristic(use_first(halving,approximation))))": 300,
	"opt(dictionary(hybrid(3,16,sliding_window_short(2,1)),heuristic(use_first(halving,delta_largest))))": 303,
	"opt(dictionary(hybrid(3,16,sliding_window_short_rtl(2,1)),continued_fractions(binary)))": 300,
	"opt(dictionary(hybrid(3,16,sliding_window_short_rtl(2,1)),continued_fractions(co_binary)))": 300,
	"opt(dictionary(hybrid(3,16,sliding_window_short_rtl(2,1)),continued_fractions(dichotomic)))": 300,
	"opt(dictionary(hybrid(3,16,sliding_window_short_rtl(2,1)),heuristic(use_first(halving,approximation))))": 300,
	"opt(dictionary(hybrid(3,16,sliding_window_short_rtl(2,1)),heuristic(use_first(halving,delta_largest))))": 303,
	"opt(dictionary(hybrid(3,32,sliding_window(2)),continued_fractions(binary)))": 300,
	"opt(dictionary(hybrid(3,32,sliding_window(2)),continued_fractions(co_binary)))": 300,
	"opt(dictionary(hybrid(3,32,sliding_window(2)),continued_fractions(dichotomic)))": 299,
	"opt(dictionary(hybrid(3,32,sliding_window(2)),heuristic(use_first(halving,approximation))))": 300,
	"opt(dictionary(hybrid(3,32,sliding_window(2)),heuristic(use_first(halving,delta_largest))))": 315,
	"opt(dictionary(hybrid(3,32,sliding_window_short(2,1)),continued_fractions(binary)))": 300,
	"opt(dictionary(hybrid(3,32,sliding_window_short(2,1)),continued_fractions(co_binary)))": 300,
	"opt(dictionary(hybrid(3,32,sliding_window_short(2,1)),continued_fractions(dichotomic)))": 299,
	"opt(dictionary(hybrid(3,32,sliding_window_short(2,1)),heuristic(use_first(halving,approximation))))": 300,
	"opt(dictionary(hybrid(3,32,sliding_window_short(2,1)),heuristic(use_first(halving,delta_largest))))": 315,
	"opt(dictionary(hybrid(3,32,sliding_window_short_rtl(2,1)),continued_fractions(binary)))": 300,
	"opt(dictionary(hybrid(3,32,sliding_window_short_rtl(2,1)),continued_fractions(co_binary)))": 300,
	"opt(dictionary(hybrid(3,32,sliding_window_short_rtl(2,1)),continued_fractions(dichotomic)))": 299,
	"opt(dictionary(hybrid(3,32,sliding_window_short_rtl(2,1)),heuristic(use_first(halving,approximation))))": 300,
	"opt(dictionary(hybrid(3,32,sliding_window_short_rtl(2,1)),heuristic(use_first(halving,delta_largest))))": 315,
	"opt(dictionary(hybrid(3,64,sliding_window(2)),continued_fractions(binary)))": 300,
	"opt(dictionary(hybrid(3,64,sliding_window(2)),continued_fractions(co_binary)))": 300,
	"opt(dictionary(hybrid(3,64,sliding_window(2)),continued_fractions(dichotomic)))": 299,
	"opt(dictionary(hybrid(3,64,sliding_window(2)),heuristic(use_first(halving,approximation))))": 300,
	"opt(dictionary(hybrid(3,64,sliding_window(2)),heuristic(use_first(halving,delta_largest))))": 315,
	"opt(dictionary(hybrid(3,64,sliding_window_short(2,1)),continued_fractions(binary)))": 300,
	"opt(dictionary(hybrid(3,64,sliding_window_short(2,1)),continued_fractions(co_binary)))": 300,
	"opt(dictionary(hybrid(3,64,sliding_window_short(2,1)),continued_fractions(dichotomic)))": 299,
	"opt(dictionary(hybrid(3,64,sliding_window_short(2,1)),heuristic(use_first(halving,approximation))))": 300,
	"opt(dictionary(hybrid(3,64,sliding_window_short(2,1)),heuristic(use_first(halving,delta_largest))))": 315,
	"opt(dictionary(hybrid(3,64,sliding_window_short_rtl(2,1)),continued_fractions(binary)))": 300,
	"opt(dictionary(hybrid(3,64,sliding_window_short_rtl(2,1)),continued_fractions(co_binary)))": 300,
	"opt(dictionary(hybrid(3,64,sliding_window_short_rtl(2,1)),continued_fractions(dichotomic)))": 299,
	"opt(dictionary(hybrid(3,64,sliding_window_short_rtl(2,1)),heuristic(use_first(halving,approximation))))": 300,
	"opt(dictionary(hybrid(3,64,sliding_window_short_rtl(2,1)),heuristic(use_first(halving,delta_largest))))": 315,
	"opt(dictionary(hybrid(4,0,sliding_window(3)),continued_fractions(binary)))": 296,
	"opt(dictionary(hybrid(4,0,sliding_window(3)),continued_fractions(co_binary)))": 296,
	"opt(dictionary(hybrid(4,0,sliding_window(3)),continued_fractions(dichotomic)))": 295,
	"opt(dictionary(hybrid(4,0,sliding_window(3)),heuristic(use_first(halving,approximation))))": 296,
	"opt(dictionary(hybrid(4,0,sliding_window(3)),heuristic(use_first(halving,delta_largest))))": 313,
	"opt(dictionary(hybrid(4,0,sliding_window_short(3,0)),continued_fractions(binary)))": 297,
	"opt(dictionary(hybrid(4,0,sliding_window_short(3,0)),continued_fractions(co_binary)))": 297,
	"opt(dictionary(hybrid(4,0,sliding_window_short(3,0)),continued_fractions(dichotomic)))": 296,
	"opt(dictionary(hybrid(4,0,sliding_window_short(3,0)),heuristic(use_first(halving,approximation))))": 297,
	"opt(dictionary(hybrid(4,0,sliding_window_short(3,0)),heuristic(use_first(halving,delta_largest))))": 314,
	"opt(dictionary(hybrid(4,0,sliding_window_short(3,1)),continued_fractions(binary)))": 297,
	"opt(dictionary(hybrid(4,0,sliding_window_short(3,1)),continued_fractions(co_binary)))": 297,
	"opt(dictionary(hybrid(4,0,sliding_window_short(3,1)),continued_fractions(dichotomic)))": 296,
	"opt(dictionary(hybrid(4,0,sliding_window_short(3,1)),heuristic(use_first(halving,approximation))))": 297,
	"opt(dictionary(hybrid(4,0,sliding_window_short(3,1)),heuristic(use_first(halving,delta_largest))))": 314,
	"opt(dictionary(hybrid(4,0,sliding_window_short_rtl(3,1)),continued_fractions(binary)))": 297,
	"opt(dictionary(hybrid(4,0,sliding_window_short_rtl(3,1)),continued_fractions(co_binary)))": 297,
	"opt(dictionary(hybrid(4,0,sliding_window_short_rtl(3,1)),continued_fractions(dichotomic)))": 296,
	"opt(dictionary(hybrid(4,0,sliding_window_short_rtl(3,1)),heuristic(use_first(halving,approximation))))": 297,
	"opt(dictionary(hybrid(4,0,sliding_window_short_rtl(3,1)),heuristic(use_first(halving,delta_largest))))": 314,
	"opt(dictionary(hybrid(4,16,sliding_window(3)),continued_fractions(binary)))": 296,
	"opt(dictionary(hybrid(4,16,sliding_window(3)),continued_fractions(co_binary)))": 296,
	"opt(dictionary(hybrid(4,16,sliding_window(3)),continued_fractions(dichotomic)))": 296,
	"opt(dictionary(hybrid(4,16,sliding_window(3)),heuristic(use_first(halving,approximation))))": 296,
	"opt(dictionary(hybrid(4,16,sliding_window(3)),heuristic(use_first(halving,delta_largest))))": 299,
	"opt(dictionary(hybrid(4,16,sliding_window_short(3,1)),continued_fractions(binary)))": 297,
	"opt(dictionary(hybrid(4,16,sliding_window_short(3,1)),continued_fractions(co_binary)))": 297,
	"opt(dictionary(hybrid(4,16,sliding_window_short(3,1)),continued_fractions(dichotomic)))": 297,
	"opt(dictionary(hybrid(4,16,sliding_window_short(3,1)),heuristic(use_first(halving,approximation))))": 297,
	"opt(dictionary(hybrid(4,16,sliding_window_short(3,1)),heuristic(use_first(halving,delta_largest))))": 300,
	"opt(dictionary(hybrid(4,16,sliding_window_short_rtl(3,1)),continued_fractions(binary)))": 297,
	"opt(dictionary(hybrid(4,16,sliding_window_short_rtl(3,1)),continued_fractions(co_binary)))": 297,
	"opt(dictionary(hybrid(4,16,sliding_window_short_rtl(3,1)),continued_fractions(dichotomic)))": 297,
	"opt(dictionary(hybrid(4,16,sliding_window_short_rtl(3,1)),heuristic(use_first(halving,approximation))))": 297,
	"opt(dictionary(hybrid(4,16,sliding_window_short_rtl(3,1)),heuristic(use_first(halving,delta_largest))))": 300,
	"opt(dictionary(hybrid(4,32,sliding_window(3)),continued_fractions(binary)))": 296,
	"opt(dictionary(hybrid(4,32,sliding_window(3)),continued_fractions(co_binary)))": 296,
	"opt(dictionary(hybrid(4,32,sliding_window(3)),continued_fractions(dichotomic)))": 295,
	"opt(dictionary(hybrid(4,32,sliding_window(3)),heuristic(use_first(halving,approximation))))": 296,
	"opt(dictionary(hybrid(4,32,sliding_window(3)),heuristic(use_first(halving,delta_largest))))": 312,
	"opt(dictionary(hybrid(4,32,sliding_window_short(3,1)),continued_fractions(binary)))": 297,
	"opt(dictionary(hybrid(4,32,sliding_window_short(3,1)),continued_fractions(co_binary)))": 297,
	"opt(dictionary(hybrid(4,32,sliding_window_short(3,1)),continued_fractions(dichotomic)))": 296,
	"opt(dictionary(hybrid(4,32,sliding_window_short(3,1)),heuristic(use_first(halving,approximation))))": 297,
	"opt(dictionary(hybrid(4,32,sliding_window_short(3,1)),heuristic(use_first(halving,delta_largest))))": 313,
	"opt(dictionary(hybrid(4,32,sliding_window_short_rtl(3,1)),continued_fractions(binary)))": 297,
	"opt(dictionary(hybrid(4,32,sliding_window_short_rtl(3,1)),continued_fractions(co_binary)))": 297,
	"opt(dictionary(hybrid(4,32,sliding_window_short_rtl(3,1)),continued_fractions(dichotomic)))": 296,
	"opt(dictionary(hybrid(4,32,sliding_window_short_rtl(3,1)),heuristic(use_first(halving,approximation))))": 297,
	"opt(dictionary(hybrid(4,32,sliding_window_short_rtl(3,1)),heuristic(use_first(halving,delta_largest))))": 313,
	"opt(dictionary(hybrid(4,64,sliding_window(3)),continued_fractions(binary)))": 296,
	"opt(dictionary(hybrid(4,64,sliding_window(3)),continued_fractions(co_binary)))": 296,
	"opt(dictionary(hybrid(4,64,sliding_window(3)),continued_fractions(dichotomic)))": 295,
	"opt(dictionary(hybrid(4,64,sliding_window(3)),heuristic(use_first(halving,approximation))))": 296,
	"opt(dictionary(hybrid(4,64,sliding_window(3)),heuristic(use_first(halving,delta_largest))))": 312,
	"opt(dictionary(hybrid(4,64,sliding_window_short(3,1)),continued_fractions(binary)))": 297,
	"opt(dictionary(hybrid(4,64,sliding_window_short(3,1)),continued_fractions(co_binary)))": 297,
	"opt(dictionary(hybrid(4,64,sliding_window_short(3,1)),continued_fractions(dichotomic)))": 296,
	"opt(dictionary(hybrid(4,64,sliding_window_short(3,1)),heuristic(use_first(halving,approximation))))": 297,
	"opt(dictionary(hybrid(4,64,sliding_window_short(3,1)),heuristic(use_first(halving,delta_largest))))": 313,
	"opt(dictionary(hybrid(4,64,sliding_window_short_rtl(3,1)),continued_fractions(binary)))": 297,
	"opt(dictionary(hybrid(4,64,sliding_window_short_rtl(3,1)),continued_fractions(co_binary)))": 297,
	"opt(dictionary(hybrid(4,64,sliding_window_short_rtl(3,1)),continued_fractions(dichotomic)))": 296,
	"opt(dictionary(hybrid(4,64,sliding_window_short_rtl(3,1)),heuristic(use_first(halving,approximation))))": 297,
	"opt(dictionary(hybrid(4,64,sliding_window_short_rtl(3,1)),heuristic(use_first(halving,delta_largest))))": 313,
	"opt(dictionary(hybrid(5,0,sliding_window(4)),continued_fractions(binary)))": 296,
	"opt(dictionary(hybrid(5,0,sliding_window(4)),continued_fractions(co_binary)))": 296,
	"opt(dictionary(hybrid(5,0,sliding_window(4)),continued_fractions(dichotomic)))": 295,
	"opt(dictionary(hybrid(5,0,sliding_window(4)),heuristic(use_first(halving,approximation))))": 296,
	"opt(dictionary(hybrid(5,0,sliding_window(4)),heuristic(use_first(halving,delta_largest))))": 313,
	"opt(dictionary(hybrid(5,0,sliding_window_short(4,0)),continued_fractions(binary)))": 296,
	"opt(dictionary(hybrid(5,0,sliding_window_short(4,0)),continued_fractions(co_binary)))": 296,
	"opt(dictionary(hybrid(5,0,sliding_window_short(4,0)),continued_fractions(dichotomic)))": 295,
	"opt(dictionary(hybrid(5,0,sliding_window_short(4,0)),heuristic(use_first(halving,approximation))))": 296,
	"opt(dictionary(hybrid(5,0,sliding_window_short(4,0)),heuristic(use_first(halving,delta_largest))))": 313,
	"opt(dictionary(hybrid(5,0,sliding_window_short(4,2)),continued_fractions(binary)))": 296,
	"opt(dictionary(hybrid(5,0,sliding_window_short(4,2)),continued_fractions(co_binary)))": 296,
	"opt(dictionary(hybrid(5,0,sliding_window_short(4,2)),continued_fractions(dichotomic)))": 295,
	"opt(dictionary(hybrid(5,0,sliding_window_short(4,2)),heuristic(use_first(halving,approximation))))": 296,
	"opt(dictionary(hybrid(5,0,sliding_window_short(4,2)),heuristic(use_first(halving,delta_largest))))": 313,
	"opt(dictionary(hybrid(5,0,sliding_window_short_rtl(4,2)),continued_fractions(binary)))": 296,
	"opt(dictionary(hybrid(5,0,sliding_window_short_rtl(4,2)),continued_fractions(co_binary)))": 296,
	"opt(dictionary(hybrid(5,0,sliding_window_short_rtl(4,2)),continued_fractions(dichotomic)))": 295,
	"opt(dictionary(hybrid(5,0,sliding_window_short_rtl(4,2)),heuristic(use_first(halving,approximation))))": 296,
	"opt(dictionary(hybrid(5,0,sliding_window_short_rtl(4,2)),heuristic(use_first(halving,delta_largest))))": 313,
	"opt(dictionary(hybrid(5,16,sliding_window(4)),continued_fractions(binary)))": 296,
	"opt(dictionary(hybrid(5,16,sliding_window(4)),continued_fractions(co_binary)))": 296,
	"opt(dictionary(hybrid(5,16,sliding_window(4)),continued_fractions(dichotomic)))": 296,
	"opt(dictionary(hybrid(5,16,sliding_window(4)),heuristic(use_first(halving,approximation))))": 296,
	"opt(dictionary(hybrid(5,16,sliding_window(4)),heuristic(use_first(halving,delta_largest))))": 300,
	"opt(dictionary(hybrid(5,16,sliding_window_short(4,2)),continued_fractions(binary)))": 296,
	"opt(dictionary(hybrid(5,16,sliding_window_short(4,2)),continued_fractions(co_binary)))": 296,
	"opt(dictionary(hybrid(5,16,sliding_window_short(4,2)),continued_fractions(dichotomic)))": 296,
	"opt(dictionary(hybrid(5,16,sliding_window_short(4,2)),heuristic(use_first(halving,approximation))))": 296,
	"opt(dictionary(hybrid(5,16,sliding_window_short(4,2)),heuristic(use_first(halving,delta_largest))))": 300,
	"opt(dictionary(hybrid(5,16,sliding_window_short_rtl(4,2)),continued_fractions(binary)))": 296,
	"opt(dictionary(hybrid(5,16,sliding_window_short_rtl(4,2)),continued_fractions(co_binary)))": 296,
	"opt(dictionary(hybrid(5,16,sliding_window_short_rtl(4,2)),continued_fractions(dichotomic)))": 296,
	"opt(dictionary(hybrid(5,16,sliding_window_short_rtl(4,2)),heuristic(use_first(halving,approximation))))": 296,
	"opt(dictionary(hybrid(5,16,sliding_window_short_rtl(4,2)),heuristic(use_first(halving,delta_largest))))": 300,
	"opt(dictionary(hybrid(5,32,sliding_window(4)),continued_fractions(binary)))": 296,
	"opt(dictionary(hybrid(5,32,sliding_window(4)),continued_fractions(co_binary)))": 296,
	"opt(dictionary(hybrid(5,32,sliding_window(4)),continued_fractions(dichotomic)))": 295,
	"opt(dictionary(hybrid(5,32,sliding_window(4)),heuristic(use_first(halving,approximation))))": 296,
	"opt(dictionary(hybrid(5,32,sliding_window(4)),heuristic(use_first(halving,delta_largest))))": 313,
	"opt(dictionary(hybrid(5,32,sliding_window_short(4,2)),continued_fractions(binary)))": 296,
	"opt(dictionary(hybrid(5,32,sliding_window_short(4,2)),continued_fractions(co_binary)))": 296,
	"opt(dictionary(hybrid(5,32,sliding_window_short(4,2)),continued_fractions(dichotomic)))": 295,
	"opt(dictionary(hybrid(5,32,sliding_window_short(4,2)),heuristic(use_first(halving,approximation))))": 296,
	"opt(dictionary(hybrid(5,32,sliding_window_short(4,2)),heuristic(use_first(halving,delta_largest))))": 313,
	"opt(dictionary(hybrid(5,32,sliding_window_short_rtl(4,2)),continued_fractions(binary)))": 296,
	"opt(dictionary(hybrid(5,32,sliding_window_short_rtl(4,2)),continued_fractions(co_binary)))": 296,
	"opt(dictionary(hybrid(5,32,sliding_window_short_rtl(4,2)),continued_fractions(dichotomic)))": 295,
	"opt(dictionary(hybrid(5,32,sliding_window_short_rtl(4,2)),heuristic(use_first(halving,approximation))))": 296,
	"opt(dictionary(hybrid(5,32,sliding_window_short_rtl(4,2)),heuristic(use_first(halving,delta_largest))))": 313,
	"opt(dictionary(hybrid(5,64,sliding_window(4)),continued_fractions(binary)))": 296,
	"opt(dictionary(hybrid(5,64,sliding_window(4)),continued_fractions(co_binary)))": 296,
	"opt(dictionary(hybrid(5,64,sliding_window(4)),continued_fractions(dichotomic)))": 295,
	"opt(dictionary(hybrid(5,64,sliding_window(4)),heuristic(use_first(halving,approximation))))": 296,
	"opt(dictionary(hybrid(5,64,sliding_window(4)),heuristic(use_first(halving,delta_largest))))": 313,
	"opt(dictionary(hybrid(5,64,sliding_window_short(4,2)),continued_fractions(binary)))": 296,
	"opt(dictionary(hybrid(5,64,sliding_window_short(4,2)),continued_fractions(co_binary)))": 296,
	"opt(dictionary(hybrid(5,64,sliding_window_short(4,2)),continued_fractions(dichotomic)))": 295,
	"opt(dictionary(hybrid(5,64,sliding_window_short(4,2)),heuristic(use_first(halving,approximation))))": 296,
	"opt(dictionary(hybrid(5,64,sliding_window_short(4,2)),heuristic(use_first(halving,delta_largest))))": 313,
	"opt(dictionary(hybrid(5,64,sliding_window_short_rtl(4,2)),continued_fractions(binary)))": 296,
	"opt(dictionary(hybrid(5,64,sliding_window_short_rtl(4,2)),continued_fractions(co_binary)))": 296,
	"opt(dictionary(hybrid(5,64,sliding_window_short_rtl(4,2)),continued_fractions(dichotomic)))": 295,
	"opt(dictionary(hybrid(5,64,sliding_window_short_rtl(4,2)),heuristic(use_first(halving,approximation))))": 296,
	"opt(dictionary(hybrid(5,64,sliding_window_short_rtl(4,2)),heuristic(use_first(halving,delta_largest))))": 313,
	"opt(dictionary(hybrid(6,0,sliding_window(5)),continued_fractions(binary)))": 297,
	"opt(dictionary(hybrid(6,0,sliding_window(5)),continued_fractions(co_binary)))": 297,
	"opt(dictionary(hybrid(6,0,sliding_window(5)),continued_fractions(dichotomic)))": 296,
	"opt(dictionary(hybrid(6,0,sliding_window(5)),heuristic(use_first(halving,approximation))))": 297,
	"opt(dictionary(hybrid(6,0,sliding_window(5)),heuristic(use_first(halving,delta_largest))))": 314,
	"opt(dictionary(hybrid(6,0,sliding_window_short(5,0)),continued_fractions(binary)))": 296,
	"opt(dictionary(hybrid(6,0,sliding_window_short(5,0)),continued_fractions(co_binary)))": 296,
	"opt(dictionary(hybrid(6,0,sliding_window_short(5,0)),continued_fractions(dichotomic)))": 295,
	"opt(dictionary(hybrid(6,0,sliding_window_short(5,0)),heuristic(use_first(halving,approximation))))": 296,
	"opt(dictionary(hybrid(6,0,sliding_window_short(5,0)),heuristic(use_first(halving,delta_largest))))": 313,
	"opt(dictionary(hybrid(6,0,sliding_window_short(5,2)),continued_fractions(binary)))": 296,
	"opt(dictionary(hybrid(6,0,sliding_window_short(5,2)),continued_fractions(co_binary)))": 296,
	"opt(dictionary(hybrid(6,0,sliding_window_short(5,2)),continued_fractions(dichotomic)))": 295,
	"opt(dictionary(hybrid(6,0,sliding_window_short(5,2)),heuristic(use_first(halving,approximation))))": 296,
	"opt(dictionary(hybrid(6,0,sliding_window_short(5,2)),heuristic(use_first(halving,delta_largest))))": 313,
	"opt(dictionary(hybrid(6,0,sliding_window_short_rtl(5,2)),continued_fractions(binary)))": 297,
	"opt(dictionary(hybrid(6,0,sliding_window_short_rtl(5,2)),continued_fractions(co_binary)))": 297,
	"opt(dictionary(hybrid(6,0,sliding_window_short_rtl(5,2)),continued_fractions(dichotomic)))": 296,
	"opt(dictionary(hybrid(6,0,sliding_window_short_rtl(5,2)),heuristic(use_first(halving,approximation))))": 297,
	"opt(dictionary(hybrid(6,0,sliding_window_short_rtl(5,2)),heuristic(use_first(halving,delta_largest))))": 314,
	"opt(dictionary(hybrid(6,16,sliding_window(5)),continued_fractions(binary)))": 296,
	"opt(dictionary(hybrid(6,16,sliding_window(5)),continued_fractions(co_binary)))": 296,
	"opt(dictionary(hybrid(6,16,sliding_window(5)),continued_fractions(dichotomic)))": 296,
	"opt(dictionary(hybrid(6,16,sliding_window(5)),heuristic(use_first(halving,approximation))))": 296,
	"opt(dictionary(hybrid(6,16,sliding_window(5)),heuristic(use_first(halving,delta_largest))))": 299,
	"opt(dictionary(hybrid(6,16,sliding_window_short(5,2)),continued_fractions(binary)))": 296,
	"opt(dictionary(hybrid(6,16,sliding_window_short(5,2)),continued_fractions(co_binary)))": 296,
	"opt(dictionary(hybrid(6,16,sliding_window_short(5,2)),continued_fractions(dichotomic)))": 296,
	"opt(dictionary(hybrid(6,16,sliding_window_short(5,2)),heuristic(use_first(halving,approximation))))": 296,
	"opt(dictionary(hybrid(6,16,sliding_window_short(5,2)),heuristic(use_first(halving,delta_largest))))": 299,
	"opt(dictionary(hybrid(6,16,sliding_window_short_rtl(5,2)),continued_fractions(binary)))": 297,
	"opt(dictionary(hybrid(6,16,sliding_window_short_rtl(5,2)),continued_fractions(co_binary)))": 297,
	"opt(dictionary(hybrid(6,16,sliding_window_short_rtl(5,2)),continued_fractions(dichotomic)))": 297,
	"opt(dictionary(hybrid(6,16,sliding_window_short_rtl(5,2)),heuristic(use_first(halving,approximation))))": 297,
	"opt(dictionary(hybrid(6,16,sliding_window_short_rtl(5,2)),heuristic(use_first(halving,delta_largest))))": 301,
	"opt(dictionary(hybrid(6,32,sliding_window(5)),continued_fractions(binary)))": 296,
	"opt(dictionary(hybrid(6,32,sliding_window(5)),continued_fractions(co_binary)))": 296,
	"opt(dictionary(hybrid(6,32,sliding_window(5)),continued_fractions(dichotomic)))": 295,
	"opt(dictionary(hybrid(6,32,sliding_window(5)),heuristic(use_first(halving,approximation))))": 296,
	"opt(dictionary(hybrid(6,32,sliding_window(5)),heuristic(use_first(halving,delta_largest))))": 313,
	"opt(dictionary(hybrid(6,32,sliding_window_short(5,2)),continued_fractions(binary)))": 296,
	"opt(dictionary(hybrid(6,32,sliding_window_short(5,2)),continued_fractions(co_binary)))": 296,
	"opt(dictionary(hybrid(6,32,sliding_window_short(5,2)),continued_fractions(dichotomic)))": 295,
	"opt(dictionary(hybrid(6,32,sliding_window_short(5,2)),heuristic(use_first(halving,approximation))))": 296,
	"opt(dictionary(hybrid(6,32,sliding_window_short(5,2)),heuristic(use_first(halving,delta_largest))))": 313,
	"opt(dictionary(hybrid(6,32,sliding_window_short_rtl(5,2)),continued_fractions(binary)))": 297,
	"opt(dictionary(hybrid(6,32,sliding_window_short_rtl(5,2)),continued_fractions(co_binary)))": 297,
	"opt(dictionary(hybrid(6,32,sliding_window_short_rtl(5,2)),continued_fractions(dichotomic)))": 296,
	"opt(dictionary(hybrid(6,32,sliding_window_short_rtl(5,2)),heuristic(use_first(halving,approximation))))": 297,
	"opt(dictionary(hybrid(6,32,sliding_window_short_rtl(5,2)),heuristic(use_first(halving,delta_largest))))": 313,
	"opt(dictionary(hybrid(6,64,sliding_window(5)),continued_fractions(binary)))": 296,
	"opt(dictionary(hybrid(6,64,sliding_window(5)),continued_fractions(co_binary)))": 296,
	"opt(dictionary(hybrid(6,64,sliding_window(5)),continued_fractions(dichotomic)))": 295,
	"opt(dictionary(hybrid(6,64,sliding_window(5)),heuristic(use_first(halving,approximation))))": 296,
	"opt(dictionary(hybrid(6,64,sliding_window(5)),heuristic(use_first(halving,delta_largest))))": 313,
	"opt(dictionary(hybrid(6,64,sliding_window_short(5,2)),continued_fractions(binary)))": 296,
	"opt(dictionary(hybrid(6,64,sliding_window_short(5,2)),continued_fractions(co_binary)))": 296,
	"opt(dictionary(hybrid(6,64,sliding_window_short(5,2)),continued_fractions(dichotomic)))": 295,
	"opt(dictionary(hybrid(6,64,sliding_window_short(5,2)),heuristic(use_first(halving,approximation))))": 296,
	"opt(dictionary(hybrid(6,64,sliding_window_short(5,2)),heuristic(use_first(halving,delta_largest))))": 313,
	"opt(dictionary(hybrid(6,64,sliding_window_short_rtl(5,2)),continued_fractions(binary)))": 297,
	"opt(dictionary(hybrid(6,64,sliding_window_short_rtl(5,2)),continued_fractions(co_binary)))": 297,
	"opt(dictionary(hybrid(6,64,sliding_window_short_rtl(5,2)),continued_fractions(dichotomic)))": 296,
	"opt(dictionary(hybrid(6,64,sliding_window_short_rtl(5,2)),heuristic(use_first(halving,approximation))))": 297,
	"opt(dictionary(hybrid(6,64,sliding_window_short_rtl(5,2)),heuristic(use_first(halving,delta_largest))))": 313,
	"opt(dictionary(hybrid(7,0,sliding_window(6)),continued_fractions(binary)))": 303,
	"opt(dictionary(hybrid(7,0,sliding_window(6)),continued_fractions(co_binary)))": 303,
	"opt(dictionary(hybrid(7,0,sliding_window(6)),continued_fractions(dichotomic)))": 300,
	"opt(dictionary(hybrid(7,0,sliding_window(6)),heuristic(use_first(halving,approximation))))": 299,
	"opt(dictionary(hybrid(7,0,sliding_window(6)),heuristic(use_first(halving,delta_largest))))": 312,
	"opt(dictionary(hybrid(7,0,sliding_window_short(6,0)),continued_fractions(binary)))": 296,
	"opt(dictionary(hybrid(7,0,sliding_window_short(6,0)),continued_fractions(co_binary)))": 296,
	"opt(dictionary(hybrid(7,0,sliding_window_short(6,0)),continued_fractions(dichotomic)))": 295,
	"opt(dictionary(hybrid(7,0,sliding_window_short(6,0)),heuristic(use_first(halving,approximation))))": 297,
	"opt(dictionary(hybrid(7,0,sliding_window_short(6,0)),heuristic(use_first(halving,delta_largest))))": 312,
	"opt(dictionary(hybrid(7,0,sliding_window_short(6,3)),continued_fractions(binary)))": 296,
	"opt(dictionary(hybrid(7,0,sliding_window_short(6,3)),continued_fractions(co_binary)))": 296,
	"opt(dictionary(hybrid(7,0,sliding_window_short(6,3)),continued_fractions(dichotomic)))": 295,
	"opt(dictionary(hybrid(7,0,sliding_window_short(6,3)),heuristic(use_first(halving,approximation))))": 297,
	"opt(dictionary(hybrid(7,0,sliding_window_short(6,3)),heuristic(use_first(halving,delta_largest))))": 312,
	"opt(dictionary(hybrid(7,0,sliding_window_short_rtl(6,3)),continued_fractions(binary)))": 294,
	"opt(dictionary(hybrid(7,0,sliding_window_short_rtl(6,3)),continued_fractions(co_binary)))": 294,
	"opt(dictionary(hybrid(7,0,sliding_window_short_rtl(6,3)),continued_fractions(dichotomic)))": 293,
	"opt(dictionary(hybrid(7,0,sliding_window_short_rtl(6,3)),heuristic(use_first(halving,approximation))))": 296,
	"opt(dictionary(hybrid(7,0,sliding_window_short_rtl(6,3)),heuristic(use_first(halving,delta_largest))))": 310,
	"opt(dictionary(hybrid(7,16,sliding_window(6)),continued_fractions(binary)))": 296,
	"opt(dictionary(hybrid(7,16,sliding_window(6)),continued_fractions(co_binary)))": 296,
	"opt(dictionary(hybrid(7,16,sliding_window(6)),continued_fractions(dichotomic)))": 296,
	"opt(dictionary(hybrid(7,16,sliding_window(6)),heuristic(use_first(halving,approximation))))": 297,
	"opt(dictionary(hybrid(7,16,sliding_window(6)),heuristic(use_first(halving,delta_largest))))": 299,
	"opt(dictionary(hybrid(7,16,sliding_window_short(6,3)),continued_fractions(binary)))": 295,
	"opt(dictionary(hybrid(7,16,sliding_window_short(6,3)),continued_fractions(co_binary)))": 295,
	"opt(dictionary(hybrid(7,16,sliding_window_short(6,3)),continued_fractions(dichotomic)))": 295,
	"opt(dictionary(hybrid(7,16,sliding_window_short(6,3)),heuristic(use_first(halving,approximation))))": 296,
	"opt(dictionary(hybrid(7,16,sliding_window_short(6,3)),heuristic(use_first(halving,delta_largest))))": 300,
	"opt(dictionary(hybrid(7,16,sliding_window_short_rtl(6,3)),continued_fractions(binary)))": 293,
	"opt(dictionary(hybrid(7,16,sliding_window_short_rtl(6,3)),continued_fractions(co_binary)))": 293,
	"opt(dictionary(hybrid(7,16,sliding_window_short_rtl(6,3)),continued_fractions(dichotomic)))": 293,
	"opt(dictionary(hybrid(7,16,sliding_window_short_rtl(6,3)),heuristic(use_first(halving,approximation))))": 294,
	"opt(dictionary(hybrid(7,16,sliding_window_short_rtl(6,3)),heuristic(use_first(halving,delta_largest))))": 299,
	"opt(dictionary(hybrid(7,32,sliding_window(6)),continued_fractions(binary)))": 302,
	"opt(dictionary(hybrid(7,32,sliding_window(6)),continued_fractions(co_binary)))": 302,
	"opt(dictionary(hybrid(7,32,sliding_window(6)),continued_fractions(dichotomic)))": 299,
	"opt(dictionary(hybrid(7,32,sliding_window(6)),heuristic(use_first(halving,approximation))))": 298,
	"opt(dictionary(hybrid(7,32,sliding_window(6)),heuristic(use_first(halving,delta_largest))))": 311,
	"opt(dictionary(hybrid(7,32,sliding_window_short(6,3)),continued_fractions(binary)))": 295,
	"opt(dictionary(hybrid(7,32,sliding_window_short(6,3)),continued_fractions(co_binary)))": 295,
	"opt(dictionary(hybrid(7,32,sliding_window_short(6,3)),continued_fractions(dichotomic)))": 294,
	"opt(dictionary(hybrid(7,32,sliding_window_short(6,3)),heuristic(use_first(halving,approximation))))": 296,
	"opt(dictionary(hybrid(7,32,sliding_window_short(6,3)),heuristic(use_first(halving,delta_largest))))": 311,
	"opt(dictionary(hybrid(7,32,sliding_window_short_rtl(6,3)),continued_fractions(binary)))": 293,
	"opt(dictionary(hybrid(7,32,sliding_window_short_rtl(6,3)),continued_fractions(co_binary)))": 293,
	"opt(dictionary(hybrid(7,32,sliding_window_short_rtl(6,3)),continued_fractions(dichotomic)))": 292,
	"opt(dictionary(hybrid(7,32,sliding_window_short_rtl(6,3)),heuristic(use_first(halving,approximation))))": 294,
	"opt(dictionary(hybrid(7,32,sliding_window_short_rtl(6,3)),heuristic(use_first(halving,delta_largest))))": 310,
	"opt(dictionary(hybrid(7,64,sliding_window(6)),continued_fractions(binary)))": 302,
	"opt(dictionary(hybrid(7,64,sliding_window(6)),continued_fractions(co_binary)))": 302,
	"opt(dictionary(hybrid(7,64,sliding_window(6)),continued_fractions(dichotomic)))": 299,
	"opt(dictionary(hybrid(7,64,sliding_window(6)),heuristic(use_first(halving,approximation))))": 298,
	"opt(dictionary(hybrid(7,64,sliding_window(6)),heuristic(use_first(halving,delta_largest))))": 311,
	"opt(dictionary(hybrid(7,64,sliding_window_short(6,3)),continued_fractions(binary)))": 295,
	"opt(dictionary(hybrid(7,64,sliding_window_short(6,3)),continued_fractions(co_binary)))": 295,
	"opt(dictionary(hybrid(7,64,sliding_window_short(6,3)),continued_fractions(dichotomic)))": 294,
	"opt(dictionary(hybrid(7,64,sliding_window_short(6,3)),heuristic(use_first(halving,approximation))))": 296,
	"opt(dictionary(hybrid(7,64,sliding_window_short(6,3)),heuristic(use_first(halving,delta_largest))))": 311,
	"opt(dictionary(hybrid(7,64,sliding_window_short_rtl(6,3)),continued_fractions(binary)))": 293,
	"opt(dictionary(hybrid(7,64,sliding_window_short_rtl(6,3)),continued_fractions(co_binary)))": 293,
	"opt(dictionary(hybrid(7,64,sliding_window_short_rtl(6,3)),continued_fractions(dichotomic)))": 292,
	"opt(dictionary(hybrid(7,64,sliding_window_short_rtl(6,3)),heuristic(use_first(halving,approximation))))": 294,
	"opt(dictionary(hybrid(7,64,sliding_window_short_rtl(6,3)),heuristic(use_first(halving,delta_largest))))": 310,
	"opt(dictionary(hybrid(8,0,sliding_window(7)),continued_fractions(binary)))": 304,
	"opt(dictionary(hybrid(8,0,sliding_window(7)),continued_fractions(co_binary)))": 304,
	"opt(dictionary(hybrid(8,0,sliding_window(7)),continued_fractions(dichotomic)))": 301,
	"opt(dictionary(hybrid(8,0,sliding_window(7)),heuristic(use_first(halving,approximation))))": 297,
	"opt(dictionary(hybrid(8,0,sliding_window(7)),heuristic(use_first(halving,delta_largest))))": 312,
	"opt(dictionary(hybrid(8,0,sliding_window_short(7,0)),continued_fractions(binary)))": 303,
	"opt(dictionary(hybrid(8,0,sliding_window_short(7,0)),continued_fractions(co_binary)))": 303,
	"opt(dictionary(hybrid(8,0,sliding_window_short(7,0)),continued_fractions(dichotomic)))": 300,
	"opt(dictionary(hybrid(8,0,sliding_window_short(7,0)),heuristic(use_first(halving,approximation))))": 297,
	"opt(dictionary(hybrid(8,0,sliding_window_short(7,0)),heuristic(use_first(halving,delta_largest))))": 311,
	"opt(dictionary(hybrid(8,0,sliding_window_short(7,3)),continued_fractions(binary)))": 303,
	"opt(dictionary(hybrid(8,0,sliding_window_short(7,3)),continued_fractions(co_binary)))": 303,
	"opt(dictionary(hybrid(8,0,sliding_window_short(7,3)),continued_fractions(dichotomic)))": 300,
	"opt(dictionary(hybrid(8,0,sliding_window_short(7,3)),heuristic(use_first(halving,approximation))))": 297,
	"opt(dictionary(hybrid(8,0,sliding_window_short(7,3)),heuristic(use_first(halving,delta_largest))))": 311,
	"opt(dictionary(hybrid(8,0,sliding_window_short_rtl(7,3)),continued_fractions(binary)))": 302,
	"opt(dictionary(hybrid(8,0,sliding_window_short_rtl(7,3)),continued_fractions(co_binary)))": 302,
	"opt(dictionary(hybrid(8,0,sliding_window_short_rtl(7,3)),continued_fractions(dichotomic)))": 302,
	"opt(dictionary(hybrid(8,0,sliding_window_short_rtl(7,3)),heuristic(use_first(halving,approximation))))": 297,
	"opt(dictionary(hybrid(8,0,sliding_window_short_rtl(7,3)),heuristic(use_first(halving,delta_largest))))": 313,
	"opt(dictionary(hybrid(8,16,sliding_window(7)),continued_fractions(binary)))": 297,
	"opt(dictionary(hybrid(8,16,sliding_window(7)),continued_fractions(co_binary)))": 297,
	"opt(dictionary(hybrid(8,16,sliding_window(7)),continued_fractions(dichotomic)))": 297,
	"opt(dictionary(hybrid(8,16,sliding_window(7)),heuristic(use_first(halving,approximation))))": 300,
	"opt(dictionary(hybrid(8,16,sliding_window(7)),heuristic(use_first(halving,delta_largest))))": 299,
	"opt(dictionary(hybrid(8,16,sliding_window_short(7,3)),continued_fractions(binary)))": 297,
	"opt(dictionary(hybrid(8,16,sliding_window_short(7,3)),continued_fractions(co_binary)))": 297,
	"opt(dictionary(hybrid(8,16,sliding_window_short(7,3)),continued_fractions(dichotomic)))": 297,
	"opt(dictionary(hybrid(8,16,sliding_window_short(7,3)),heuristic(use_first(halving,approximation))))": 298,
	"opt(dictionary(hybrid(8,16,sliding_window_short(7,3)),heuristic(use_first(halving,delta_largest))))": 299,
	"opt(dictionary(hybrid(8,16,sliding_window_short_rtl(7,3)),continued_fractions(binary)))": 296,
	"opt(dictionary(hybrid(8,16,sliding_window_short_rtl(7,3)),continued_fractions(co_binary)))": 296,
	"opt(dictionary(hybrid(8,16,sliding_window_short_rtl(7,3)),continued_fractions(dichotomic)))": 296,
	"opt(dictionary(hybrid(8,16,sliding_window_short_rtl(7,3)),heuristic(use_first(halving,approximation))))": 295,
	"opt(dictionary(hybrid(8,16,sliding_window_short_rtl(7,3)),heuristic(use_first(halving,delta_largest))))": 298,
	"opt(dictionary(hybrid(8,32,sliding_window(7)),continued_fractions(binary)))": 303,
	"opt(dictionary(hybrid(8,32,sliding_window(7)),continued_fractions(co_binary)))": 303,
	"opt(dictionary(hybrid(8,32,sliding_window(7)),continued_fractions(dichotomic)))": 300,
	"opt(dictionary(hybrid(8,32,sliding_window(7)),heuristic(use_first(halving,approximation))))": 298,
	"opt(dictionary(hybrid(8,32,sliding_window(7)),heuristic(use_first(halving,delta_largest))))": 313,
	"opt(dictionary(hybrid(8,32,sliding_window_short(7,3)),continued_fractions(binary)))": 303,
	"opt(dictionary(hybrid(8,32,sliding_window_short(7,3)),continued_fractions(co_binary)))": 303,
	"opt(dictionary(hybrid(8,32,sliding_window_short(7,3)),continued_fractions(dichotomic)))": 300,
	"opt(dictionary(hybrid(8,32,sliding_window_short(7,3)),heuristic(use_first(halving,approximation))))": 296,
	"opt(dictionary(hybrid(8,32,sliding_window_short(7,3)),heuristic(use_first(halving,delta_largest))))": 311,
	"opt(dictionary(hybrid(8,32,sliding_window_short_rtl(7,3)),continued_fractions(binary)))": 300,
	"opt(dictionary(hybrid(8,32,sliding_window_short_rtl(7,3)),continued_fractions(co_binary)))": 300,
	"opt(dictionary(hybrid(8,32,sliding_window_short_rtl(7,3)),continued_fractions(dichotomic)))": 300,
	"opt(dictionary(hybrid(8,32,sliding_window_short_rtl(7,3)),heuristic(use_first(halving,approximation))))": 296,
	"opt(dictionary(hybrid(8,32,sliding_window_short_rtl(7,3)),heuristic(use_first(halving,delta_largest))))": 312,
	"opt(dictionary(hybrid(8,64,sliding_window(7)),continued_fractions(binary)))": 303,
	"opt(dictionary(hybrid(8,64,sliding_window(7)),continued_fractions(co_binary)))": 303,
	"opt(dictionary(hybrid(8,64,sliding_window(7)),continued_fractions(dichotomic)))": 300,
	"opt(dictionary(hybrid(8,64,sliding_window(7)),heuristic(use_first(halving,approximation))))": 298,
	"opt(dictionary(hybrid(8,64,sliding_window(7)),heuristic(use_first(halving,delta_largest))))": 313,
	"opt(dictionary(hybrid(8,64,sliding_window_short(7,3)),continued_fractions(binary)))": 303,
	"opt(dictionary(hybrid(8,64,sliding_window_short(7,3)),continued_fractions(co_binary)))": 303,
	"opt(dictionary(hybrid(8,64,sliding_window_short(7,3)),continued_fractions(dichotomic)))": 300,
	"opt(dictionary(hybrid(8,64,sliding_window_short(7,3)),heuristic(use_first(halving,approximation))))": 296,
	"opt(dictionary(hybrid(8,64,sliding_window_short(7,3)),heuristic(use_first(halving,delta_largest))))": 311,
	"opt(dictionary(hybrid(8,64,sliding_window_short_rtl(7,3)),continued_fractions(binary)))": 300,
	"opt(dictionary(hybrid(8,64,sliding_window_short_rtl(7,3)),continued_fractions(co_binary)))": 300,
	"opt(dictionary(hybrid(8,64,sliding_window_short_rtl(7,3)),continued_fractions(dichotomic)))": 300,
	"opt(dictionary(hybrid(8,64,sliding_window_short_rtl(7,3)),heuristic(use_first(halving,approximation))))": 296,
	"opt(dictionary(hybrid(8,64,sliding_window_short_rtl(7,3)),heuristic(use_first(halving,delta_largest))))": 312,
	"opt(dictionary(hybrid(9,0,sliding_window(8)),continued_fractions(binary)))": 303,
	"opt(dictionary(hybrid(9,0,sliding_window(8)),continued_fractions(co_binary)))": 303,
	"opt(dictionary(hybrid(9,0,sliding_window(8)),continued_fractions(dichotomic)))": 302,
	"opt(dictionary(hybrid(9,0,sliding_window(8)),heuristic(use_first(halving,approximation))))": 298,
	"opt(dictionary(hybrid(9,0,sliding_window(8)),heuristic(use_first(halving,delta_largest))))": 310,
	"opt(dictionary(hybrid(9,0,sliding_window_short(8,0)),continued_fractions(binary)))": 307,
	"opt(dictionary(hybrid(9,0,sliding_window_short(8,0)),continued_fractions(co_binary)))": 307,
	"opt(dictionary(hybrid(9,0,sliding_window_short(8,0)),continued_fractions(dichotomic)))": 301,
	"opt(dictionary(hybrid(9,0,sliding_window_short(8,0)),heuristic(use_first(halving,approximation))))": 295,
	"opt(dictionary(hybrid(9,0,sliding_window_short(8,0)),heuristic(use_first(halving,delta_largest))))": 309,
	"opt(dictionary(hybrid(9,0,sliding_window_short(8,4)),continued_fractions(binary)))": 307,
	"opt(dictionary(hybrid(9,0,sliding_window_short(8,4)),continued_fractions(co_binary)))": 307,
	"opt(dictionary(hybrid(9,0,sliding_window_short(8,4)),continued_fractions(dichotomic)))": 301,
	"opt(dictionary(hybrid(9,0,sliding_window_short(8,4)),heuristic(use_first(halving,approximation))))": 295,
	"opt(dictionary(hybrid(9,0,sliding_window_short(8,4)),heuristic(use_first(halving,delta_largest))))": 309,
	"opt(dictionary(hybrid(9,0,sliding_window_short_rtl(8,4)),continued_fractions(binary)))": 302,
	"opt(dictionary(hybrid(9,0,sliding_window_short_rtl(8,4)),continued_fractions(co_binary)))": 302,
	"opt(dictionary(hybrid(9,0,sliding_window_short_rtl(8,4)),continued_fractions(dichotomic)))": 298,
	"opt(dictionary(hybrid(9,0,sliding_window_short_rtl(8,4)),heuristic(use_first(halving,approximation))))": 292,
	"opt(dictionary(hybrid(9,0,sliding_window_short_rtl(8,4)),heuristic(use_first(halving,delta_largest))))": 309,
	"opt(dictionary(hybrid(9,16,sliding_window(8)),continued_fractions(binary)))": 297,
	"opt(dictionary(hybrid(9,16,sliding_window(8)),continued_fractions(co_binary)))": 297,
	"opt(dictionary(hybrid(9,16,sliding_window(8)),continued_fractions(dichotomic)))": 296,
	"opt(dictionary(hybrid(9,16,sliding_window(8)),heuristic(use_first(halving,approximation))))": 298,
	"opt(dictionary(hybrid(9,16,sliding_window(8)),heuristic(use_first(halving,delta_largest))))": 294,
	"opt(dictionary(hybrid(9,16,sliding_window_short(8,4)),continued_fractions(binary)))": 299,
	"opt(dictionary(hybrid(9,16,sliding_window_short(8,4)),continued_fractions(co_binary)))": 299,
	"opt(dictionary(hybrid(9,16,sliding_window_short(8,4)),continued_fractions(dichotomic)))": 298,
	"opt(dictionary(hybrid(9,16,sliding_window_short(8,4)),heuristic(use_first(halving,approximation))))": 297,
	"opt(dictionary(hybrid(9,16,sliding_window_short(8,4)),heuristic(use_first(halving,delta_largest))))": 296,
	"opt(dictionary(hybrid(9,16,sliding_window_short_rtl(8,4)),continued_fractions(binary)))": 297,
	"opt(dictionary(hybrid(9,16,sliding_window_short_rtl(8,4)),continued_fractions(co_binary)))": 297,
	"opt(dictionary(hybrid(9,16,sliding_window_short_rtl(8,4)),continued_fractions(dichotomic)))": 296,
	"opt(dictionary(hybrid(9,16,sliding_window_short_rtl(8,4)),heuristic(use_first(halving,approximation))))": 292,
	"opt(dictionary(hybrid(9,16,sliding_window_short_rtl(8,4)),heuristic(use_first(halving,delta_largest))))": 292,
	"opt(dictionary(hybrid(9,32,sliding_window(8)),continued_fractions(binary)))": 304,
	"opt(dictionary(hybrid(9,32,sliding_window(8)),continued_fractions(co_binary)))": 304,
	"opt(dictionary(hybrid(9,32,sliding_window(8)),continued_fractions(dichotomic)))": 298,
	"opt(dictionary(hybrid(9,32,sliding_window(8)),heuristic(use_first(halving,approximation))))": 297,
	"opt(dictionary(hybrid(9,32,sliding_window(8)),heuristic(use_first(halving,delta_largest))))": 305,
	"opt(dictionary(hybrid(9,32,sliding_window_short(8,4)),continued_fractions(binary)))": 307,
	"opt(dictionary(hybrid(9,32,sliding_window_short(8,4)),continued_fractions(co_binary)))": 307,
	"opt(dictionary(hybrid(9,32,sliding_window_short(8,4)),continued_fractions(dichotomic)))": 301,
	"opt(dictionary(hybrid(9,32,sliding_window_short(8,4)),heuristic(use_first(halving,approximation))))": 296,
	"opt(dictionary(hybrid(9,32,sliding_window_short(8,4)),heuristic(use_first(halving,delta_largest))))": 307,
	"opt(dictionary(hybrid(9,32,sliding_window_short_rtl(8,4)),continued_fractions(binary)))": 300,
	"opt(dictionary(hybrid(9,32,sliding_window_short_rtl(8,4)),continued_fractions(co_binary)))": 300,
	"opt(dictionary(hybrid(9,32,sliding_window_short_rtl(8,4)),continued_fractions(dichotomic)))": 296,
	"opt(dictionary(hybrid(9,32,sliding_window_short_rtl(8,4)),heuristic(use_first(halving,approximation))))": 291,
	"opt(dictionary(hybrid(9,32,sliding_window_short_rtl(8,4)),heuristic(use_first(halving,delta_largest))))": 303,
	"opt(dictionary(hybrid(9,64,sliding_window(8)),continued_fractions(binary)))": 304,
	"opt(dictionary(hybrid(9,64,sliding_window(8)),continued_fractions(co_binary)))": 304,
	"opt(dictionary(hybrid(9,64,sliding_window(8)),continued_fractions(dichotomic)))": 298,
	"opt(dictionary(hybrid(9,64,sliding_window(8)),heuristic(use_first(halving,approximation))))": 297,
	"opt(dictionary(hybrid(9,64,sliding_window(8)),heuristic(use_first(halving,delta_largest))))": 305,
	"opt(dictionary(hybrid(9,64,sliding_window_short(8,4)),continued_fractions(binary)))": 307,
	"opt(dictionary(hybrid(9,64,sliding_window_short(8,4)),continued_fractions(co_binary)))": 307,
	"opt(dictionary(hybrid(9,64,sliding_window_short(8,4)),continued_fractions(dichotomic)))": 301,
	"opt(dictionary(hybrid(9,64,sliding_window_short(8,4)),heuristic(use_first(halving,approximation))))": 296,
	"opt(dictionary(hybrid(9,64,sliding_window_short(8,4)),heuristic(use_first(halving,delta_largest))))": 307,
	"opt(dictionary(hybrid(9,64,sliding_window_short_rtl(8,4)),continued_fractions(binary)))": 300,
	"opt(dictionary(hybrid(9,64,sliding_window_short_rtl(8,4)),continued_fractions(co_binary)))": 300,
	"opt(dictionary(hybrid(9,64,sliding_window_short_rtl(8,4)),continued_fractions(dichotomic)))": 296,
	"opt(dictionary(hybrid(9,64,sliding_window_short_rtl(8,4)),heuristic(use_first(halving,approximation))))": 291,
	"opt(dictionary(hybrid(9,64,sliding_window_short_rtl(8,4)),heuristic(use_first(halving,delta_largest))))": 303,
	"opt(dictionary(run_length(0),continued_fractions(binary)))": 300,
	"opt(dictionary(run_length(0),continued_fractions(co_binary)))": 300,
	"opt(dictionary(run_length(0),continued_fractions(dichotomic)))": 299,
	"opt(dictionary(run_length(0),heuristic(use_first(halving,approximation))))": 300,
	"opt(dictionary(run_length(0),heuristic(use_first(halving,delta_largest))))": 317,
	"opt(dictionary(run_length(128),continued_fractions(binary)))": 300,
	"opt(dictionary(run_length(128),continued_fractions(co_binary)))": 300,
	"opt(dictionary(run_length(128),continued_fractions(dichotomic)))": 299,
	"opt(dictionary(run_length(128),heuristic(use_first(halving,approximation))))": 300,
	"opt(dictionary(run_length(128),heuristic(use_first(halving,delta_largest))))": 317,
	"opt(dictionary(run_length(16),continued_fractions(binary)))": 300,
	"opt(dictionary(run_length(16),continued_fractions(co_binary)))": 300,
	"opt(dictionary(run_length(16),continued_fractions(dichotomic)))": 300,
	"opt(dictionary(run_length(16),heuristic(use_first(halving,approximation))))": 300,
	"opt(dictionary(run_length(16),heuristic(use_first(halving,delta_largest))))": 303,
	"opt(dictionary(run_length(32),continued_fractions(binary)))": 300,
	"opt(dictionary(run_length(32),continued_fractions(co_binary)))": 300,
	"opt(dictionary(run_length(32),continued_fractions(dichotomic)))": 299,
	"opt(dictionary(run_length(32),heuristic(use_first(halving,approximation))))": 300,
	"opt(dictionary(run_length(32),heuristic(use_first(halving,delta_largest))))": 315,
	"opt(dictionary(run_length(64),continued_fractions(binary)))": 300,
	"opt(dictionary(run_length(64),continued_fractions(co_binary)))": 300,
	"opt(dictionary(run_length(64),continued_fractions(dichotomic)))": 299,
	"opt(dictionary(run_length(64),heuristic(use_first(halving,approximation))))": 300,
	"opt(dictionary(run_length(64),heuristic(use_first(halving,delta_largest))))": 315,
	"opt(dictionary(sliding_window(128),continued_fractions(binary)))": 333,
	"opt(dictionary(sliding_window(128),continued_fractions(co_binary)))": 333,
	"opt(dictionary(sliding_window(128),continued_fractions(dichotomic)))": 332,
	"opt(dictionary(sliding_window(128),heuristic(use_first(halving,approximation))))": 332,
	"opt(dictionary(sliding_window(128),heuristic(use_first(halving,delta_largest))))": 332,
	"opt(dictionary(sliding_window(16),continued_fractions(binary)))": 296,
	"opt(dictionary(sliding_window(16),continued_fractions(co_binary)))": 296,
	"opt(dictionary(sliding_window(16),continued_fractions(dichotomic)))": 296,
	"opt(dictionary(sliding_window(16),heuristic(use_first(halving,approximation))))": 295,
	"opt(dictionary(sliding_window(16),heuristic(use_first(halving,delta_largest))))": 296,
	"opt(dictionary(sliding_window(32),continued_fractions(binary)))": 299,
	"opt(dictionary(sliding_window(32),continued_fractions(co_binary)))": 299,
	"opt(dictionary(sliding_window(32),continued_fractions(dichotomic)))": 299,
	"opt(dictionary(sliding_window(32),heuristic(use_first(halving,approximation))))": 304,
	"opt(dictionary(sliding_window(32),heuristic(use_first(halving,delta_largest))))": 300,
	"opt(dictionary(sliding_window(4),continued_fractions(binary)))": 310,
	"opt(dictionary(sliding_window(4),continued_fractions(co_binary)))": 310,
	"opt(dictionary(sliding_window(4),continued_fractions(dichotomic)))": 310,
	"opt(dictionary(sliding_window(4),heuristic(use_first(halving,approximation))))": 310,
	"opt(dictionary(sliding_window(4),heuristic(use_first(halving,delta_largest))))": 310,
	"opt(dictionary(sliding_window(64),continued_fractions(binary)))": 348,
	"opt(dictionary(sliding_window(64),continued_fractions(co_binary)))": 348,
	"opt(dictionary(sliding_window(64),continued_fractions(dichotomic)))": 348,
	"opt(dictionary(sliding_window(64),heuristic(use_first(halving,approximation))))": 354,
	"opt(dictionary(sliding_window(64),heuristic(use_first(halving,delta_largest))))": 349,
	"opt(dictionary(sliding_window(8),continued_fractions(binary)))": 299,
	"opt(dictionary(sliding_window(8),continued_fractions(co_binary)))": 299,
	"opt(dictionary(sliding_window(8),continued_fractions(dichotomic)))": 299,
	"opt(dictionary(sliding_window(8),heuristic(use_first(halving,approximation))))": 303,
	"opt(dictionary(sliding_window(8),heuristic(use_first(halving,delta_largest))))": 299,
	"opt(dictionary(sliding_window_rtl(128),continued_fractions(binary)))": 333,
	"opt(dictionary(sliding_window_rtl(128),continued_fractions(co_binary)))": 333,
	"opt(dictionary(sliding_window_rtl(128),continued_fractions(dichotomic)))": 332,
	"opt(dictionary(sliding_window_rtl(128),heuristic(use_first(halving,approximation))))": 332,
	"opt(dictionary(sliding_window_rtl(128),heuristic(use_first(halving,delta_largest))))": 332,
	"opt(dictionary(sliding_window_rtl(16),continued_fractions(binary)))": 296,
	"opt(dictionary(sliding_window_rtl(16),continued_fractions(co_binary)))": 296,
	"opt(dictionary(sliding_window_rtl(16),continued_fractions(dichotomic)))": 296,
	"opt(dictionary(sliding_window_rtl(16),heuristic(use_first(halving,approximation))))": 298,
	"opt(dictionary(sliding_window_rtl(16),heuristic(use_first(halving,delta_largest))))": 298,
	"opt(dictionary(sliding_window_rtl(32),continued_fractions(binary)))": 302,
	"opt(dictionary(sliding_window_rtl(32),continued_fractions(co_binary)))": 302,
	"opt(dictionary(sliding_window_rtl(32),continued_fractions(dichotomic)))": 302,
	"opt(dictionary(sliding_window_rtl(32),heuristic(use_first(halving,approximation))))": 300,
	"opt(dictionary(sliding_window_rtl(32),heuristic(use_first(halving,delta_largest))))": 304,
	"opt(dictionary(sliding_window_rtl(4),continued_fractions(binary)))": 310,
	"opt(dictionary(sliding_window_rtl(4),continued_fractions(co_binary)))": 310,
	"opt(dictionary(sliding_window_rtl(4),continued_fractions(dichotomic)))": 310,
	"opt(dictionary(sliding_window_rtl(4),heuristic(use_first(halving,approximation))))": 310,
	"opt(dictionary(sliding_window_rtl(4),heuristic(use_first(halving,delta_largest))))": 310,
	"opt(dictionary(sliding_window_rtl(64),continued_fractions(binary)))": 345,
	"opt(dictionary(sliding_window_rtl(64),continued_fractions(co_binary)))": 345,
	"opt(dictionary(sliding_window_rtl(64),continued_fractions(dichotomic)))": 345,
	"opt(dictionary(sliding_window_rtl(64),heuristic(use_first(halving,approximation))))": 354,
	"opt(dictionary(sliding_window_rtl(64),heuristic(use_first(halving,delta_largest))))": 347,
	"opt(dictionary(sliding_window_rtl(8),continued_fractions(binary)))": 301,
	"opt(dictionary(sliding_window_rtl(8),continued_fractions(co_binary)))": 301,
	"opt(dictionary(sliding_window_rtl(8),continued_fractions(dichotomic)))": 301,
	"opt(dictionary(sliding_window_rtl(8),heuristic(use_first(halving,approximation))))": 299,
	"opt(dictionary(sliding_window_rtl(8),heuristic(use_first(halving,delta_largest))))": 301,
	"opt(dictionary(sliding_window_short(128,0),continued_fractions(binary)))": 364,
	"opt(dictionary(sliding_window_short(128,0),continued_fractions(co_binary)))": 424,
	"opt(dictionary(sliding_window_short(128,0),continued_fractions(dichotomic)))": 379,
	"opt(dictionary(sliding_window_short(128,0),heuristic(use_first(halving,approximation))))": 354,
	"opt(dictionary(sliding_window_short(128,0),heuristic(use_first(halving,delta_largest))))": 349,
	"opt(dictionary(sliding_window_short(128,64),continued_fractions(binary)))": 364,
	"opt(dictionary(sliding_window_short(128,64),continued_fractions(co_binary)))": 424,
	"opt(dictionary(sliding_window_short(128,64),continued_fractions(dichotomic)))": 379,
	"opt(dictionary(sliding_window_short(128,64),heuristic(use_first(halving,approximation))))": 354,
	"opt(dictionary(sliding_window_short(128,64),heuristic(use_first(halving,delta_largest))))": 349,
	"opt(dictionary(sliding_window_short(16,0),continued_fractions(binary)))": 296,
	"opt(dictionary(sliding_window_short(16,0),continued_fractions(co_binary)))": 296,
	"opt(dictionary(sliding_window_short(16,0),continued_fractions(dichotomic)))": 296,
	"opt(dictionary(sliding_window_short(16,0),heuristic(use_first(halving,approximation))))": 298,
	"opt(dictionary(sliding_window_short(16,0),heuristic(use_first(halving,delta_largest))))": 296,
	"opt(dictionary(sliding_window_short(16,8),continued_fractions(binary)))": 296,
	"opt(dictionary(sliding_window_short(16,8),continued_fractions(co_binary)))": 296,
	"opt(dictionary(sliding_window_short(16,8),continued_fractions(dichotomic)))": 296,
	"opt(dictionary(sliding_window_short(16,8),heuristic(use_first(halving,approximation))))": 298,
	"opt(dictionary(sliding_window_short(16,8),heuristic(use_first(halving,delta_largest))))": 296,
	"opt(dictionary(sliding_window_short(32,0),continued_fractions(binary)))": 293,
	"opt(dictionary(sliding_window_short(32,0),continued_fractions(co_binary)))": 293,
	"opt(dictionary(sliding_window_short(32,0),continued_fractions(dichotomic)))": 293,
	"opt(dictionary(sliding_window_short(32,0),heuristic(use_first(halving,approximation))))": 302,
	"opt(dictionary(sliding_window_short(32,0),heuristic(use_first(halving,delta_largest))))": 299,
	"opt(dictionary(sliding_window_short(32,16),continued_fractions(binary)))": 293,
	"opt(dictionary(sliding_window_short(32,16),continued_fractions(co_binary)))": 293,
	"opt(dictionary(sliding_window_short(32,16),continued_fractions(dichotomic)))": 293,
	"opt(dictionary(sliding_window_short(32,16),heuristic(use_first(halving,approximation))))": 302,
	"opt(dictionary(sliding_window_short(32,16),heuristic(use_first(halving,delta_largest))))": 299,
	"opt(dictionary(sliding_window_short(4,0),continued_fractions(binary)))": 312,
	"opt(dictionary(sliding_window_short(4,0),continued_fractions(co_binary)))": 312,
	"opt(dictionary(sliding_window_short(4,0),continued_fractions(dichotomic)))": 312,
	"opt(dictionary(sliding_window_short(4,0),heuristic(use_first(halving,approximation))))": 312,
	"opt(dictionary(sliding_window_short(4,0),heuristic(use_first(halving,delta_largest))))": 312,
	"opt(dictionary(sliding_window_short(4,2),continued_fractions(binary)))": 312,
	"opt(dictionary(sliding_window_short(4,2),continued_fractions(co_binary)))": 312,
	"opt(dictionary(sliding_window_short(4,2),continued_fractions(dichotomic)))": 312,
	"opt(dictionary(sliding_window_short(4,2),heuristic(use_first(halving,approximation))))": 312,
	"opt(dictionary(sliding_window_short(4,2),heuristic(use_first(halving,delta_largest))))": 312,
	"opt(dictionary(sliding_window_short(64,0),continued_fractions(binary)))": 348,
	"opt(dictionary(sliding_window_short(64,0),continued_fractions(co_binary)))": 348,
	"opt(dictionary(sliding_window_short(64,0),continued_fractions(dichotomic)))": 348,
	"opt(dictionary(sliding_window_short(64,0),heuristic(use_first(halving,approximation))))": 354,
	"opt(dictionary(sliding_window_short(64,0),heuristic(use_first(halving,delta_largest))))": 349,
	"opt(dictionary(sliding_window_short(64,32),continued_fractions(binary)))": 348,
	"opt(dictionary(sliding_window_short(64,32),continued_fractions(co_binary)))": 348,
	"opt(dictionary(sliding_window_short(64,32),continued_fractions(dichotomic)))": 348,
	"opt(dictionary(sliding_window_short(64,32),heuristic(use_first(halving,approximation))))": 354,
	"opt(dictionary(sliding_window_short(64,32),heuristic(use_first(halving,delta_largest))))": 349,
	"opt(dictionary(sliding_window_short(8,0),continued_fractions(binary)))": 301,
	"opt(dictionary(sliding_window_short(8,0),continued_fractions(co_binary)))": 301,
	"opt(dictionary(sliding_window_short(8,0),continued_fractions(dichotomic)))": 301,
	"opt(dictionary(sliding_window_short(8,0),heuristic(use_first(halving,approximation))))": 302,
	"opt(dictionary(sliding_window_short(8,0),heuristic(use_first(halving,delta_largest))))": 301,
	"opt(dictionary(sliding_window_short(8,4),continued_fractions(binary)))": 301,
	"opt(dictionary(sliding_window_short(8,4),continued_fractions(co_binary)))": 301,
	"opt(dictionary(sliding_window_short(8,4),continued_fractions(dichotomic)))": 301,
	"opt(dictionary(sliding_window_short(8,4),heuristic(use_first(halving,approximation))))": 302,
	"opt(dictionary(sliding_window_short(8,4),heuristic(use_first(halving,delta_largest))))": 301,
	"opt(dictionary(sliding_window_short_rtl(128,64),continued_fractions(binary)))": 371,
	"opt(dictionary(sliding_window_short_rtl(128,64),continued_fractions(co_binary)))": 429,
	"opt(dictionary(sliding_window_short_rtl(128,64),continued_fractions(dichotomic)))": 383,
	"opt(dictionary(sliding_window_short_rtl(128,64),heuristic(use_first(halving,approximation))))": 347,
	"opt(dictionary(sliding_window_short_rtl(128,64),heuristic(use_first(halving,delta_largest))))": 350,
	"opt(dictionary(sliding_window_short_rtl(16,8),continued_fractions(binary)))": 297,
	"opt(dictionary(sliding_window_short_rtl(16,8),continued_fractions(co_binary)))": 297,
	"opt(dictionary(sliding_window_short_rtl(16,8),continued_fractions(dichotomic)))": 297,
	"opt(dictionary(sliding_window_short_rtl(16,8),heuristic(use_first(halving,approximation))))": 297,
	"opt(dictionary(sliding_window_short_rtl(16,8),heuristic(use_first(halving,delta_largest))))": 298,
	"opt(dictionary(sliding_window_short_rtl(32,16),continued_fractions(binary)))": 299,
	"opt(dictionary(sliding_window_short_rtl(32,16),continued_fractions(co_binary)))": 299,
	"opt(dictionary(sliding_window_short_rtl(32,16),continued_fractions(dichotomic)))": 299,
	"opt(dictionary(sliding_window_short_rtl(32,16),heuristic(use_first(halving,approximation))))": 303,
	"opt(dictionary(sliding_window_short_rtl(32,16),heuristic(use_first(halving,delta_largest))))": 300,
	"opt(dictionary(sliding_window_short_rtl(4,2),continued_fractions(binary)))": 310,
	"opt(dictionary(sliding_window_short_rtl(4,2),continued_fractions(co_binary)))": 310,
	"opt(dictionary(sliding_window_short_rtl(4,2),continued_fractions(dichotomic)))": 310,
	"opt(dictionary(sliding_window_short_rtl(4,2),heuristic(use_first(halving,approximation))))": 310,
	"opt(dictionary(sliding_window_short_rtl(4,2),heuristic(use_first(halving,delta_largest))))": 310,
	"opt(dictionary(sliding_window_short_rtl(64,32),continued_fractions(binary)))": 348,
	"opt(dictionary(sliding_window_short_rtl(64,32),continued_fractions(co_binary)))": 348,
	"opt(dictionary(sliding_window_short_rtl(64,32),continued_fractions(dichotomic)))": 346,
	"opt(dictionary(sliding_window_short_rtl(64,32),heuristic(use_first(halving,approximation))))": 350,
	"opt(dictionary(sliding_window_short_rtl(64,32),heuristic(use_first(halving,delta_largest))))": 346,
	"opt(dictionary(sliding_window_short_rtl(8,4),continued_fractions(binary)))": 299,
	"opt(dictionary(sliding_window_short_rtl(8,4),continued_fractions(co_binary)))": 299,
	"opt(dictionary(sliding_window_short_rtl(8,4),continued_fractions(dichotomic)))": 299,
	"opt(dictionary(sliding_window_short_rtl(8,4),heuristic(use_first(halving,approximation))))": 298,
	"opt(dictionary(sliding_window_short_rtl(8,4),heuristic(use_first(halving,delta_largest))))": 299,
	"opt(runs(continued_fractions(binary)))": 299,
	"opt(runs(continued_fractions(co_binary)))": 299,
	"opt(runs(continued_fractions(dichotomic)))": 299,
	"opt(runs(heuristic(use_first(halving,approximation))))": 298,
	"opt(runs(heuristic(use_first(halving,delta_largest))))": 298
}