{
	"opt(dictionary(hybrid(11,10,sliding_window_short(10,5)),continued_fractions(binary)))": 447,
	"opt(dictionary(hybrid(11,10,sliding_window_short(10,5)),continued_fractions(co_binary)))": 447,
	"opt(dictionary(hybrid(11,10,sliding_window_short(10,5)),continued_fractions(dichotomic)))": 447,
	"opt(dictionary(hybrid(11,10,sliding_window_short(10,5)),heuristic(use_first(halving,approximation))))": 449,
	"opt(dictionary(hybrid(11,10,sliding_window_short(10,5)),heuristic(use_first(halving,delta_largest))))": 447,
	"opt(dictionary(hybrid(11,12,sliding_window_short(10,5)),continued_fractions(binary)))": 444,
	"opt(dictionary(hybrid(11,12,sliding_window_short(10,5)),continued_fractions(co_binary)))": 444,
	"opt(dictionary(hybrid(11,12,sliding_window_short(10,5)),continued_fractions(dichotomic)))": 444,
	"opt(dictionary(hybrid(11,12,sliding_window_short(10,5)),heuristic(use_first(halving,approximation))))": 444,
	"opt(dictionary(hybrid(11,12,sliding_window_short(10,5)),heuristic(use_first(halving,delta_largest))))": 444,
	"opt(dictionary(hybrid(11,14,sliding_window_short(10,5)),continued_fractions(binary)))": 442,
	"opt(dictionary(hybrid(11,14,sliding_window_short(10,5)),continued_fractions(co_binary)))": 442,
	"opt(dictionary(hybrid(11,14,sliding_window_short(10,5)),continued_fractions(dichotomic)))": 442,
	"opt(dictionary(hybrid(11,14,sliding_window_short(10,5)),heuristic(use_first(halving,approximation))))": 442,
	"opt(dictionary(hybrid(11,14,sliding_window_short(10,5)),heuristic(use_first(halving,delta_largest))))": 443,
	"opt(dictionary(hybrid(11,16,sliding_window_short(10,5)),continued_fractions(binary)))": 442,
	"opt(dictionary(hybrid(11,16,sliding_window_short(10,5)),continued_fractions(co_binary)))": 442,
	"opt(dictionary(hybrid(11,16,sliding_window_short(10,5)),continued_fractions(dichotomic)))": 442,
	"opt(dictionary(hybrid(11,16,sliding_window_short(10,5)),heuristic(use_first(halving,approximation))))": 441,
	"opt(dictionary(hybrid(11,16,sliding_window_short(10,5)),heuristic(use_first(halving,delta_largest))))": 441,
	"opt(dictionary(hybrid(11,18,sliding_window_short(10,5)),continued_fractions(binary)))": 440,
	"opt(dictionary(hybrid(11,18,sliding_window_short(10,5)),continued_fractions(co_binary)))": 440,
	"opt(dictionary(hybrid(11,18,sliding_window_short(10,5)),continued_fractions(dichotomic)))": 440,
	"opt(dictionary(hybrid(11,18,sliding_window_short(10,5)),heuristic(use_first(halving,approximation))))": 440,
	"opt(dictionary(hybrid(11,18,sliding_window_short(10,5)),heuristic(use_first(halving,delta_largest))))": 440,
	"opt(dictionary(hybrid(11,20,sliding_window_short(10,5)),continued_fractions(binary)))": 439,
	"opt(dictionary(hybrid(11,20,sliding_window_short(10,5)),continued_fractions(co_binary)))": 439,
	"opt(dictionary(hybrid(11,20,sliding_window_short(10,5)),continued_fractions(dichotomic)))": 439,
	"opt(dictionary(hybrid(11,20,sliding_window_short(10,5)),heuristic(use_first(halving,approximation))))": 438,
	"opt(dictionary(hybrid(11,20,sliding_window_short(10,5)),heuristic(use_first(halving,delta_largest))))": 440,
	"opt(dictionary(hybrid(13,12,sliding_window_short(12,6)),continued_fractions(binary)))": 446,
	"opt(dictionary(hybrid(13,12,sliding_window_short(12,6)),continued_fractions(co_binary)))": 446,
	"opt(dictionary(hybrid(13,12,sliding_window_short(12,6)),continued_fractions(dichotomic)))": 446,
	"opt(dictionary(hybrid(13,12,sliding_window_short(12,6)),heuristic(use_first(halving,approximation))))": 449,
	"opt(dictionary(hybrid(13,12,sliding_window_short(12,6)),heuristic(use_first(halving,delta_largest))))": 446,
	"opt(dictionary(hybrid(13,14,sliding_window_short(12,6)),continued_fractions(binary)))": 443,
	"opt(dictionary(hybrid(13,14,sliding_window_short(12,6)),continued_fractions(co_binary)))": 443,
	"opt(dictionary(hybrid(13,14,sliding_window_short(12,6)),continued_fractions(dichotomic)))": 443,
	"opt(dictionary(hybrid(13,14,sliding_window_short(12,6)),heuristic(use_first(halving,approximation))))": 447,
	"opt(dictionary(hybrid(13,14,sliding_window_short(12,6)),heuristic(use_first(halving,delta_largest))))": 443,
	"opt(dictionary(hybrid(13,16,sliding_window_short(12,6)),continued_fractions(binary)))": 444,
	"opt(dictionary(hybrid(13,16,sliding_window_short(12,6)),continued_fractions(co_binary)))": 444,
	"opt(dictionary(hybrid(13,16,sliding_window_short(12,6)),continued_fractions(dichotomic)))": 444,
	"opt(dictionary(hybrid(13,16,sliding_window_short(12,6)),heuristic(use_first(halving,approximation))))": 446,
	"opt(dictionary(hybrid(13,16,sliding_window_short(12,6)),heuristic(use_first(halving,delta_largest))))": 443,
	"opt(dictionary(hybrid(13,18,sliding_window_short(12,6)),continued_fractions(binary)))": 443,
	"opt(dictionary(hybrid(13,18,sliding_window_short(12,6)),continued_fractions(co_binary)))": 443,
	"opt(dictionary(hybrid(13,18,sliding_window_short(12,6)),continued_fractions(dichotomic)))": 443,
	"opt(dictionary(hybrid(13,18,sliding_window_short(12,6)),heuristic(use_first(halving,approximation))))": 446,
	"opt(dictionary(hybrid(13,18,sliding_window_short(12,6)),heuristic(use_first(halving,delta_largest))))": 442,
	"opt(dictionary(hybrid(13,20,sliding_window_short(12,6)),continued_fractions(binary)))": 442,
	"opt(dictionary(hybrid(13,20,sliding_window_short(12,6)),continued_fractions(co_binary)))": 442,
	"opt(dictionary(hybrid(13,20,sliding_window_short(12,6)),continued_fractions(dichotomic)))": 442,
	"opt(dictionary(hybrid(13,20,sliding_window_short(12,6)),heuristic(use_first(halving,approximation))))": 444,
	"opt(dictionary(hybrid(13,20,sliding_window_short(12,6)),heuristic(use_first(halving,delta_largest))))": 441,
	"opt(dictionary(hybrid(13,22,sliding_window_short(12,6)),continued_fractions(binary)))": 441,
	"opt(dictionary(hybrid(13,22,sliding_window_short(12,6)),continued_fractions(co_binary)))": 441,
	"opt(dictionary(hybrid(13,22,sliding_window_short(12,6)),continued_fractions(dichotomic)))": 441,
	"opt(dictionary(hybrid(13,22,sliding_window_short(12,6)),heuristic(use_first(halving,approximation))))": 444,
	"opt(dictionary(hybrid(13,22,sliding_window_short(12,6)),heuristic(use_first(halving,delta_largest))))": 441,
	"opt(dictionary(hybrid(15,14,sliding_window_short(14,7)),continued_fractions(binary)))": 446,
	"opt(dictionary(hybrid(15,14,sliding_window_short(14,7)),continued_fractions(co_binary)))": 446,
	"opt(dictionary(hybrid(15,14,sliding_window_short(14,7)),continued_fractions(dichotomic)))": 446,
	"opt(dictionary(hybrid(15,14,sliding_window_short(14,7)),heuristic(use_first(halving,approximation))))": 446,
	"opt(dictionary(hybrid(15,14,sliding_window_short(14,7)),heuristic(use_first(halving,delta_largest))))": 446,
	"opt(dictionary(hybrid(15,16,sliding_window_short(14,7)),continued_fractions(binary)))": 442,
	"opt(dictionary(hybrid(15,16,sliding_window_short(14,7)),continued_fractions(co_binary)))": 442,
	"opt(dictionary(hybrid(15,16,sliding_window_short(14,7)),continued_fractions(dichotomic)))": 442,
	"opt(dictionary(hybrid(15,16,sliding_window_short(14,7)),heuristic(use_first(halving,approximation))))": 440,
	"opt(dictionary(hybrid(15,16,sliding_window_short(14,7)),heuristic(use_first(halving,delta_largest))))": 442,
	"opt(dictionary(hybrid(15,18,sliding_window_short(14,7)),continued_fractions(binary)))": 442,
	"opt(dictionary(hybrid(15,18,sliding_window_short(14,7)),continued_fractions(co_binary)))": 442,
	"opt(dictionary(hybrid(15,18,sliding_window_short(14,7)),continued_fractions(dichotomic)))": 442,
	"opt(dictionary(hybrid(15,18,sliding_window_short(14,7)),heuristic(use_first(halving,approximation))))": 443,
	"opt(dictionary(hybrid(15,18,sliding_window_short(14,7)),heuristic(use_first(halving,delta_largest))))": 442,
	"opt(dictionary(hybrid(15,20,sliding_window_short(14,7)),continued_fractions(binary)))": 440,
	"opt(dictionary(hybrid(15,20,sliding_window_short(14,7)),continued_fractions(co_binary)))": 440,
	"opt(dictionary(hybrid(15,20,sliding_window_short(14,7)),continued_fractions(dichotomic)))": 440,
	"opt(dictionary(hybrid(15,20,sliding_window_short(14,7)),heuristic(use_first(halving,approximation))))": 443,
	"opt(dictionary(hybrid(15,20,sliding_window_short(14,7)),heuristic(use_first(halving,delta_largest))))": 440,
	"opt(dictionary(hybrid(15,22,sliding_window_short(14,7)),continued_fractions(binary)))": 438,
	"opt(dictionary(hybrid(15,22,sliding_window_short(14,7)),continued_fractions(co_binary)))": 438,
	"opt(dictionary(hybrid(15,22,sliding_window_short(14,7)),continued_fractions(dichotomic)))": 438,
	"opt(dictionary(hybrid(15,22,sliding_window_short(14,7)),heuristic(use_first(halving,approximation))))": 442,
	"opt(dictionary(hybrid(15,22,sliding_window_short(14,7)),heuristic(use_first(halving,delta_largest))))": 441,
	"opt(dictionary(hybrid(15,24,sliding_window_short(14,7)),continued_fractions(binary)))": 441,
	"opt(dictionary(hybrid(15,24,sliding_window_short(14,7)),continued_fractions(co_binary)))": 441,
	"opt(dictionary(hybrid(15,24,sliding_window_short(14,7)),continued_fractions(dichotomic)))": 440,
	"opt(dictionary(hybrid(15,24,sliding_window_short(14,7)),heuristic(use_first(halving,approximation))))": 440,
	"opt(dictionary(hybrid(15,24,sliding_window_short(14,7)),heuristic(use_first(halving,delta_largest))))": 437,
	"opt(dictionary(hybrid(17,16,sliding_window_short(16,8)),continued_fractions(binary)))": 443,
	"opt(dictionary(hybrid(17,16,sliding_window_short(16,8)),continued_fractions(co_binary)))": 443,
	"opt(dictionary(hybrid(17,16,sliding_window_short(16,8)),continued_fractions(dichotomic)))": 443,
	"opt(dictionary(hybrid(17,16,sliding_window_short(16,8)),heuristic(use_first(halving,approximation))))": 443,
	"opt(dictionary(hybrid(17,16,sliding_window_short(16,8)),heuristic(use_first(halving,delta_largest))))": 443,
	"opt(dictionary(hybrid(17,18,sliding_window_short(16,8)),continued_fractions(binary)))": 444,
	"opt(dictionary(hybrid(17,18,sliding_window_short(16,8)),continued_fractions(co_binary)))": 444,
	"opt(dictionary(hybrid(17,18,sliding_window_short(16,8)),continued_fractions(dichotomic)))": 444,
	"opt(dictionary(hybrid(17,18,sliding_window_short(16,8)),heuristic(use_first(halving,approximation))))": 446,
	"opt(dictionary(hybrid(17,18,sliding_window_short(16,8)),heuristic(use_first(halving,delta_largest))))": 445,
	"opt(dictionary(hybrid(17,20,sliding_window_short(16,8)),continued_fractions(binary)))": 442,
	"opt(dictionary(hybrid(17,20,sliding_window_short(16,8)),continued_fractions(co_binary)))": 442,
	"opt(dictionary(hybrid(17,20,sliding_window_short(16,8)),continued_fractions(dichotomic)))": 442,
	"opt(dictionary(hybrid(17,20,sliding_window_short(16,8)),heuristic(use_first(halving,approximation))))": 445,
	"opt(dictionary(hybrid(17,20,sliding_window_short(16,8)),heuristic(use_first(halving,delta_largest))))": 445,
	"opt(dictionary(hybrid(17,22,sliding_window_short(16,8)),continued_fractions(binary)))": 439,
	"opt(dictionary(hybrid(17,22,sliding_window_short(16,8)),continued_fractions(co_binary)))": 439,
	"opt(dictionary(hybrid(17,22,sliding_window_short(16,8)),continued_fractions(dichotomic)))": 439,
	"opt(dictionary(hybrid(17,22,sliding_window_short(16,8)),heuristic(use_first(halving,approximation))))": 443,
	"opt(dictionary(hybrid(17,22,sliding_window_short(16,8)),heuristic(use_first(halving,delta_largest))))": 443,
	"opt(dictionary(hybrid(17,24,sliding_window_short(16,8)),continued_fractions(binary)))": 442,
	"opt(dictionary(hybrid(17,24,sliding_window_short(16,8)),continued_fractions(co_binary)))": 442,
	"opt(dictionary(hybrid(17,24,sliding_window_short(16,8)),continued_fractions(dichotomic)))": 442,
	"opt(dictionary(hybrid(17,24,sliding_window_short(16,8)),heuristic(use_first(halving,approximation))))": 439,
	"opt(dictionary(hybrid(17,24,sliding_window_short(16,8)),heuristic(use_first(halving,delta_largest))))": 443,
	"opt(dictionary(hybrid(17,26,sliding_window_short(16,8)),continued_fractions(binary)))": 445,
	"opt(dictionary(hybrid(17,26,sliding_window_short(16,8)),continued_fractions(co_binary)))": 445,
	"opt(dictionary(hybrid(17,26,sliding_window_short(16,8)),continued_fractions(dichotomic)))": 444,
	"opt(dictionary(hybrid(17,26,sliding_window_short(16,8)),heuristic(use_first(halving,approximation))))": 443,
	"opt(dictionary(hybrid(17,26,sliding_window_short(16,8)),heuristic(use_first(halving,delta_largest))))": 443,
	"opt(dictionary(hybrid(19,18,sliding_window_short(18,9)),continued_fractions(binary)))": 445,
	"opt(dictionary(hybrid(19,18,sliding_window_short(18,9)),continued_fractions(co_binary)))": 445,
	"opt(dictionary(hybrid(19,18,sliding_window_short(18,9)),continued_fractions(dichotomic)))": 445,
	"opt(dictionary(hybrid(19,18,sliding_window_short(18,9)),heuristic(use_first(halving,approximation))))": 449,
	"opt(dictionary(hybrid(19,18,sliding_window_short(18,9)),heuristic(use_first(halving,delta_largest))))": 445,
	"opt(dictionary(hybrid(19,20,sliding_window_short(18,9)),continued_fractions(binary)))": 442,
	"opt(dictionary(hybrid(19,20,sliding_window_short(18,9)),continued_fractions(co_binary)))": 442,
	"opt(dictionary(hybrid(19,20,sliding_window_short(18,9)),continued_fractions(dichotomic)))": 442,
	"opt(dictionary(hybrid(19,20,sliding_window_short(18,9)),heuristic(use_first(halving,approximation))))": 444,
	"opt(dictionary(hybrid(19,20,sliding_window_short(18,9)),heuristic(use_first(halving,delta_largest))))": 446,
	"opt(dictionary(hybrid(19,22,sliding_window_short(18,9)),continued_fractions(binary)))": 440,
	"opt(dictionary(hybrid(19,22,sliding_window_short(18,9)),continued_fractions(co_binary)))": 440,
	"opt(dictionary(hybrid(19,22,sliding_window_short(18,9)),continued_fractions(dichotomic)))": 440,
	"opt(dictionary(hybrid(19,22,sliding_window_short(18,9)),heuristic(use_first(halving,approximation))))": 441,
	"opt(dictionary(hybrid(19,22,sliding_window_short(18,9)),heuristic(use_first(halving,delta_largest))))": 444,
	"opt(dictionary(hybrid(19,24,sliding_window_short(18,9)),continued_fractions(binary)))": 442,
	"opt(dictionary(hybrid(19,24,sliding_window_short(18,9)),continued_fractions(co_binary)))": 442,
	"opt(dictionary(hybrid(19,24,sliding_window_short(18,9)),continued_fractions(dichotomic)))": 442,
	"opt(dictionary(hybrid(19,24,sliding_window_short(18,9)),heuristic(use_first(halving,approximation))))": 447,
	"opt(dictionary(hybrid(19,24,sliding_window_short(18,9)),heuristic(use_first(halving,delta_largest))))": 440,
	"opt(dictionary(hybrid(19,26,sliding_window_short(18,9)),continued_fractions(binary)))": 442,
	"opt(dictionary(hybrid(19,26,sliding_window_short(18,9)),continued_fractions(co_binary)))": 442,
	"opt(dictionary(hybrid(19,26,sliding_window_short(18,9)),continued_fractions(dichotomic)))": 442,
	"opt(dictionary(hybrid(19,26,sliding_window_short(18,9)),heuristic(use_first(halving,approximation))))": 441,
	"opt(dictionary(hybrid(19,26,sliding_window_short(18,9)),heuristic(use_first(halving,delta_largest))))": 443,
	"opt(dictionary(hybrid(19,28,sliding_window_short(18,9)),continued_fractions(binary)))": 444,
	"opt(dictionary(hybrid(19,28,sliding_window_short(18,9)),continued_fractions(co_binary)))": 444,
	"opt(dictionary(hybrid(19,28,sliding_window_short(18,9)),continued_fractions(dichotomic)))": 445,
	"opt(dictionary(hybrid(19,28,sliding_window_short(18,9)),heuristic(use_first(halving,approximation))))": 443,
	"opt(dictionary(hybrid(19,28,sliding_window_short(18,9)),heuristic(use_first(halving,delta_largest))))": 443,
	"opt(dictionary(hybrid(21,20,sliding_window_short(20,10)),continued_fractions(binary)))": 443,
	"opt(dictionary(hybrid(21,20,sliding_window_short(20,10)),continued_fractions(co_binary)))": 443,
	"opt(dictionary(hybrid(21,20,sliding_window_short(20,10)),continued_fractions(dichotomic)))": 443,
	"opt(dictionary(hybrid(21,20,sliding_window_short(20,10)),heuristic(use_first(halving,approximation))))": 446,
	"opt(dictionary(hybrid(21,20,sliding_window_short(20,10)),heuristic(use_first(halving,delta_largest))))": 442,
	"opt(dictionary(hybrid(21,22,sliding_window_short(20,10)),continued_fractions(binary)))": 445,
	"opt(dictionary(hybrid(21,22,sliding_window_short(20,10)),continued_fractions(co_binary)))": 445,
	"opt(dictionary(hybrid(21,22,sliding_window_short(20,10)),continued_fractions(dichotomic)))": 445,
	"opt(dictionary(hybrid(21,22,sliding_window_short(20,10)),heuristic(use_first(halving,approximation))))": 447,
	"opt(dictionary(hybrid(21,22,sliding_window_short(20,10)),heuristic(use_first(halving,delta_largest))))": 444,
	"opt(dictionary(hybrid(21,24,sliding_window_short(20,10)),continued_fractions(binary)))": 440,
	"opt(dictionary(hybrid(21,24,sliding_window_short(20,10)),continued_fractions(co_binary)))": 440,
	"opt(dictionary(hybrid(21,24,sliding_window_short(20,10)),continued_fractions(dichotomic)))": 440,
	"opt(dictionary(hybrid(21,24,sliding_window_short(20,10)),heuristic(use_first(halving,approximation))))": 445,
	"opt(dictionary(hybrid(21,24,sliding_window_short(20,10)),heuristic(use_first(halving,delta_largest))))": 444,
	"opt(dictionary(hybrid(21,26,sliding_window_short(20,10)),continued_fractions(binary)))": 443,
	"opt(dictionary(hybrid(21,26,sliding_window_short(20,10)),continued_fractions(co_binary)))": 443,
	"opt(dictionary(hybrid(21,26,sliding_window_short(20,10)),continued_fractions(dichotomic)))": 443,
	"opt(dictionary(hybrid(21,26,sliding_window_short(20,10)),heuristic(use_first(halving,approximation))))": 445,
	"opt(dictionary(hybrid(21,26,sliding_window_short(20,10)),heuristic(use_first(halving,delta_largest))))": 439,
	"opt(dictionary(hybrid(21,28,sliding_window_short(20,10)),continued_fractions(binary)))": 441,
	"opt(dictionary(hybrid(21,28,sliding_window_short(20,10)),continued_fractions(co_binary)))": 441,
	"opt(dictionary(hybrid(21,28,sliding_window_short(20,10)),continued_fractions(dichotomic)))": 441,
	"opt(dictionary(hybrid(21,28,sliding_window_short(20,10)),heuristic(use_first(halving,approximation))))": 441,
	"opt(dictionary(hybrid(21,28,sliding_window_short(20,10)),heuristic(use_first(halving,delta_largest))))": 441,
	"opt(dictionary(hybrid(21,30,sliding_window_short(20,10)),continued_fractions(binary)))": 443,
	"opt(dictionary(hybrid(21,30,sliding_window_short(20,10)),continued_fractions(co_binary)))": 443,
	"opt(dictionary(hybrid(21,30,sliding_window_short(20,10)),continued_fractions(dichotomic)))": 443,
	"opt(dictionary(hybrid(21,30,sliding_window_short(20,10)),heuristic(use_first(halving,approximation))))": 446,
	"opt(dictionary(hybrid(21,30,sliding_window_short(20,10)),heuristic(use_first(halving,delta_largest))))": 443,
	"opt(dictionary(hybrid(3,0,sliding_window(2)),continued_fractions(binary)))": 475,
	"opt(dictionary(hybrid(3,0,sliding_window(2)),continued_fractions(co_binary)))": 475,
	"opt(dictionary(hybrid(3,0,sliding_window(2)),continued_fractions(dichotomic)))": 445,
	"opt(dictionary(hybrid(3,0,sliding_window(2)),heuristic(use_first(halving,approximation))))": 475,
	"opt(dictionary(hybrid(3,0,sliding_window(2)),heuristic(use_first(halving,delta_largest))))": 622,
	"opt(dictionary(hybrid(3,0,sliding_window_short(2,0)),continued_fractions(binary)))": 475,
	"opt(dictionary(hybrid(3,0,sliding_window_short(2,0)),continued_fractions(co_binary)))": 475,
	"opt(dictionary(hybrid(3,0,sliding_window_short(2,0)),continued_fractions(dichotomic)))": 445,
	"opt(dictionary(hybrid(3,0,sliding_window_short(2,0)),heuristic(use_first(halving,approximation))))": 475,
	"opt(dictionary(hybrid(3,0,sliding_window_short(2,0)),heuristic(use_first(halving,delta_largest))))": 622,
	"opt(dictionary(hybrid(3,0,sliding_window_short(2,1)),continued_fractions(binary)))": 475,
	"opt(dictionary(hybrid(3,0,sliding_window_short(2,1)),continued_fractions(co_binary)))": 475,
	"opt(dictionary(hybrid(3,0,sliding_window_short(2,1)),continued_fractions(dichotomic)))": 445,
	"opt(dictionary(hybrid(3,0,sliding_window_short(2,1)),heuristic(use_first(halving,approximation))))": 475,
	"opt(dictionary(hybrid(3,0,sliding_window_short(2,1)),heuristic(use_first(halving,delta_largest))))": 622,
	"opt(dictionary(hybrid(3,0,sliding_window_short_rtl(2,1)),continued_fractions(binary)))": 475,
	"opt(dictionary(hybrid(3,0,sliding_window_short_rtl(2,1)),continued_fractions(co_binary)))": 475,
	"opt(dictionary(hybrid(3,0,sliding_window_short_rtl(2,1)),continued_fractions(dichotomic)))": 445,
	"opt(dictionary(hybrid(3,0,sliding_window_short_rtl(2,1)),heuristic(use_first(halving,approximation))))": 475,
	"opt(dictionary(hybrid(3,0,sliding_window_short_rtl(2,1)),heuristic(use_first(halving,delta_largest))))": 622,
	"opt(dictionary(hybrid(3,16,sliding_window(2)),continued_fractions(binary)))": 452,
	"opt(dictionary(hybrid(3,16,sliding_window(2)),continued_fractions(co_binary)))": 452,
	"opt(dictionary(hybrid(3,16,sliding_window(2)),continued_fractions(dichotomic)))": 452,
	"opt(dictionary(hybrid(3,16,sliding_window(2)),heuristic(use_first(halving,approximation))))": 452,
	"opt(dictionary(hybrid(3,16,sliding_window(2)),heuristic(use_first(halving,delta_largest))))": 455,
	"opt(dictionary(hybrid(3,16,sliding_window_short(2,1)),continued_fractions(binary)))": 452,
	"opt(dictionary(hybrid(3,16,sliding_window_short(2,1)),continued_fractions(co_binary)))": 452,
	"opt(dictionary(hybrid(3,16,sliding_window_short(2,1)),continued_fractions(dichotomic)))": 452,
	"opt(dictionary(hybrid(3,16,sliding_window_short(2,1)),heuristic(use_first(halving,approximation))))": 452,
	"opt(dictionary(hybrid(3,16,sliding_window_short(2,1)),heuristic(use_first(halving,delta_largest))))": 455,
	"opt(dictionary(hybrid(3,16,sliding_window_short_rtl(2,1)),continued_fractions(binary)))": 452,
	"opt(dictionary(hybrid(3,16,sliding_window_short_rtl(2,1)),continued_fractions(co_binary)))": 452,
	"opt(dictionary(hybrid(3,16,sliding_window_short_rtl(2,1)),continued_fractions(dichotomic)))": 452,
	"opt(dictionary(hybrid(3,16,sliding_window_short_rtl(2,1)),heuristic(use_first(halving,approximation))))": 452,
	"opt(dictionary(hybrid(3,16,sliding_window_short_rtl(2,1)),heuristic(use_first(halving,delta_largest))))": 455,
	"opt(dictionary(hybrid(3,32,sliding_window(2)),continued_fractions(binary)))": 449,
	"opt(dictionary(hybrid(3,32,sliding_window(2)),continued_fractions(co_binary)))": 449,
	"opt(dictionary(hybrid(3,32,sliding_window(2)),continued_fractions(dichotomic)))": 447,
	"opt(dictionary(hybrid(3,32,sliding_window(2)),heuristic(use_first(halving,approximation))))": 449,
	"opt(dictionary(hybrid(3,32,sliding_window(2)),heuristic(use_first(halving,delta_largest))))": 465,
	"opt(dictionary(hybrid(3,32,sliding_window_short(2,1)),continued_fractions(binary)))": 449,
	"opt(dictionary(hybrid(3,32,sliding_window_short(2,1)),continued_fractions(co_binary)))": 449,
	"opt(dictionary(hybrid(3,32,sliding_window_short(2,1)),continued_fractions(dichotomic)))": 447,
	"opt(dictionary(hybrid(3,32,sliding_window_short(2,1)),heuristic(use_first(halving,approximation))))": 449,
	"opt(dictionary(hybrid(3,32,sliding_window_short(2,1)),heuristic(use_first(halving,delta_largest))))": 465,
	"opt(dictionary(hybrid(3,32,sliding_window_short_rtl(2,1)),continued_fractions(binary)))": 449,
	"opt(dictionary(hybrid(3,32,sliding_window_short_rtl(2,1)),continued_fractions(co_binary)))": 449,
	"opt(dictionary(hybrid(3,32,sliding_window_short_rtl(2,1)),continued_fractions(dichotomic)))": 447,
	"opt(dictionary(hybrid(3,32,sliding_window_short_rtl(2,1)),heuristic(use_first(halving,approximation))))": 449,
	"opt(dictionary(hybrid(3,32,sliding_window_short_rtl(2,1)),heuristic(use_first(halving,delta_largest))))": 465,
	"opt(dictionary(hybrid(3,64,sliding_window(2)),continued_fractions(binary)))": 452,
	"opt(dictionary(hybrid(3,64,sliding_window(2)),continued_fractions(co_binary)))": 452,
	"opt(dictionary(hybrid(3,64,sliding_window(2)),continued_fractions(dichotomic)))": 445,
	"opt(dictionary(hybrid(3,64,sliding_window(2)),heuristic(use_first(halving,approximation))))": 452,
	"opt(dictionary(hybrid(3,64,sliding_window(2)),heuristic(use_first(halving,delta_largest))))": 495,
	"opt(dictionary(hybrid(3,64,sliding_window_short(2,1)),continued_fractions(binary)))": 452,
	"opt(dictionary(hybrid(3,64,sliding_window_short(2,1)),continued_fractions(co_binary)))": 452,
	"opt(dictionary(hybrid(3,64,sliding_window_short(2,1)),continued_fractions(dichotomic)))": 445,
	"opt(dictionary(hybrid(3,64,sliding_window_short(2,1)),heuristic(use_first(halving,approximation))))": 452,
	"opt(dictionary(hybrid(3,64,sliding_window_short(2,1)),heuristic(use_first(halving,delta_largest))))": 495,
	"opt(dictionary(hybrid(3,64,sliding_window_short_rtl(2,1)),continued_fractions(binary)))": 452,
	"opt(dictionary(hybrid(3,64,sliding_window_short_rtl(2,1)),continued_fractions(co_binary)))": 452,
	"opt(dictionary(hybrid(3,64,sliding_window_short_rtl(2,1)),continued_fractions(dichotomic)))": 445,
	"opt(dictionary(hybrid(3,64,sliding_window_short_rtl(2,1)),heuristic(use_first(halving,approximation))))": 452,
	"opt(dictionary(hybrid(3,64,sliding_window_short_rtl(2,1)),heuristic(use_first(halving,delta_largest))))": 495,
	"opt(dictionary(hybrid(4,0,sliding_window(3)),continued_fractions(binary)))": 471,
	"opt(dictionary(hybrid(4,0,sliding_window(3)),continued_fractions(co_binary)))": 471,
	"opt(dictionary(hybrid(4,0,sliding_window(3)),continued_fractions(dichotomic)))": 441,
	"opt(dictionary(hybrid(4,0,sliding_window(3)),heuristic(use_first(halving,approximation))))": 471,
	"opt(dictionary(hybrid(4,0,sliding_window(3)),heuristic(use_first(halving,delta_largest))))": 618,
	"opt(dictionary(hybrid(4,0,sliding_window_short(3,0)),continued_fractions(binary)))": 471,
	"opt(dictionary(hybrid(4,0,sliding_window_short(3,0)),continued_fractions(co_binary)))": 471,
	"opt(dictionary(hybrid(4,0,sliding_window_short(3,0)),continued_fractions(dichotomic)))": 441,
	"opt(dictionary(hybrid(4,0,sliding_window_short(3,0)),heuristic(use_first(halving,approximation))))": 471,
	"opt(dictionary(hybrid(4,0,sliding_window_short(3,0)),heuristic(use_first(halving,delta_largest))))": 618,
	"opt(dictionary(hybrid(4,0,sliding_window_short(3,1)),continued_fractions(binary)))": 471,
	"opt(dictionary(hybrid(4,0,sliding_window_short(3,1)),continued_fractions(co_binary)))": 471,
	"opt(dictionary(hybrid(4,0,sliding_window_short(3,1)),continued_fractions(dichotomic)))": 441,
	"opt(dictionary(hybrid(4,0,sliding_window_short(3,1)),heuristic(use_first(halving,approximation))))": 471,
	"opt(dictionary(hybrid(4,0,sliding_window_short(3,1)),heuristic(use_first(halving,delta_largest))))": 618,
	"opt(dictionary(hybrid(4,0,sliding_window_short_rtl(3,1)),continued_fractions(binary)))": 471,
	"opt(dictionary(hybrid(4,0,sliding_window_short_rtl(3,1)),continued_fractions(co_binary)))": 471,
	"opt(dictionary(hybrid(4,0,sliding_window_short_rtl(3,1)),continued_fractions(dichotomic)))": 441,
	"opt(dictionary(hybrid(4,0,sliding_window_short_rtl(3,1)),heuristic(use_first(halving,approximation))))": 471,
	"opt(dictionary(hybrid(4,0,sliding_window_short_rtl(3,1)),heuristic(use_first(halving,delta_largest))))": 618,
	"opt(dictionary(hybrid(4,16,sliding_window(3)),continued_fractions(binary)))": 448,
	"opt(dictionary(hybrid(4,16,sliding_window(3)),continued_fractions(co_binary)))": 448,
	"opt(dictionary(hybrid(4,16,sliding_window(3)),continued_fractions(dichotomic)))": 448,
	"opt(dictionary(hybrid(4,16,sliding_window(3)),heuristic(use_first(halving,approximation))))": 448,
	"opt(dictionary(hybrid(4,16,sliding_window(3)),heuristic(use_first(halving,delta_largest))))": 451,
	"opt(dictionary(hybrid(4,16,sliding_window_short(3,1)),continued_fractions(binary)))": 448,
	"opt(dictionary(hybrid(4,16,sliding_window_short(3,1)),continued_fractions(co_binary)))": 448,
	"opt(dictionary(hybrid(4,16,sliding_window_short(3,1)),continued_fractions(dichotomic)))": 448,
	"opt(dictionary(hybrid(4,16,sliding_window_short(3,1)),heuristic(use_first(halving,approximation))))": 448,
	"opt(dictionary(hybrid(4,16,sliding_window_short(3,1)),heuristic(use_first(halving,delta_largest))))": 451,
	"opt(dictionary(hybrid(4,16,sliding_window_short_rtl(3,1)),continued_fractions(binary)))": 448,
	"opt(dictionary(hybrid(4,16,sliding_window_short_rtl(3,1)),continued_fractions(co_binary)))": 448,
	"opt(dictionary(hybrid(4,16,sliding_window_short_rtl(3,1)),continued_fractions(dichotomic)))": 448,
	"opt(dictionary(hybrid(4,16,sliding_window_short_rtl(3,1)),heuristic(use_first(halving,approximation))))": 448,
	"opt(dictionary(hybrid(4,16,sliding_window_short_rtl(3,1)),heuristic(use_first(halving,delta_largest))))": 451,
	"opt(dictionary(hybrid(4,32,sliding_window(3)),continued_fractions(binary)))": 445,
	"opt(dictionary(hybrid(4,32,sliding_window(3)),continued_fractions(co_binary)))": 445,
	"opt(dictionary(hybrid(4,32,sliding_window(3)),continued_fractions(dichotomic)))": 443,
	"opt(dictionary(hybrid(4,32,sliding_window(3)),heuristic(use_first(halving,approximation))))": 445,
	"opt(dictionary(hybrid(4,32,sliding_window(3)),heuristic(use_first(halving,delta_largest))))": 462,
	"opt(dictionary(hybrid(4,32,sliding_window_short(3,1)),continued_fractions(binary)))": 445,
	"opt(dictionary(hybrid(4,32,sliding_window_short(3,1)),continued_fractions(co_binary)))": 445,
	"opt(dictionary(hybrid(4,32,sliding_window_short(3,1)),continued_fractions(dichotomic)))": 443,
	"opt(dictionary(hybrid(4,32,sliding_window_short(3,1)),heuristic(use_first(halving,approximation))))": 445,
	"opt(dictionary(hybrid(4,32,sliding_window_short(3,1)),heuristic(use_first(halving,delta_largest))))": 462,
	"opt(dictionary(hybrid(4,32,sliding_window_short_rtl(3,1)),continued_fractions(binary)))": 445,
	"opt(dictionary(hybrid(4,32,sliding_window_short_rtl(3,1)),continued_fractions(co_binary)))": 445,
	"opt(dictionary(hybrid(4,32,sliding_window_short_rtl(3,1)),continued_fractions(dichotomic)))": 443,
	"opt(dictionary(hybrid(4,32,sliding_window_short_rtl(3,1)),heuristic(use_first(halving,approximation))))": 445,
	"opt(dictionary(hybrid(4,32,sliding_window_short_rtl(3,1)),heuristic(use_first(halving,delta_largest))))": 462,
	"opt(dictionary(hybrid(4,64,sliding_window(3)),continued_fractions(binary)))": 448,
	"opt(dictionary(hybrid(4,64,sliding_window(3)),continued_fractions(co_binary)))": 448,
	"opt(dictionary(hybrid(4,64,sliding_window(3)),continued_fractions(dichotomic)))": 441,
	"opt(dictionary(hybrid(4,64,sliding_window(3)),heuristic(use_first(halving,approximation))))": 448,
	"opt(dictionary(hybrid(4,64,sliding_window(3)),heuristic(use_first(halving,delta_largest))))": 491,
	"opt(dictionary(hybrid(4,64,sliding_window_short(3,1)),continued_fractions(binary)))": 448,
	"opt(dictionary(hybrid(4,64,sliding_window_short(3,1)),continued_fractions(co_binary)))": 448,
	"opt(dictionary(hybrid(4,64,sliding_window_short(3,1)),continued_fractions(dichotomic)))": 441,
	"opt(dictionary(hybrid(4,64,sliding_window_short(3,1)),heuristic(use_first(halving,approximation))))": 448,
	"opt(dictionary(hybrid(4,64,sliding_window_short(3,1)),heuristic(use_first(halving,delta_largest))))": 491,
	"opt(dictionary(hybrid(4,64,sliding_window_short_rtl(3,1)),continued_fractions(binary)))": 448,
	"opt(dictionary(hybrid(4,64,sliding_window_short_rtl(3,1)),continued_fractions(co_binary)))": 448,
	"opt(dictionary(hybrid(4,64,sliding_window_short_rtl(3,1)),continued_fractions(dichotomic)))": 441,
	"opt(dictionary(hybrid(4,64,sliding_window_short_rtl(3,1)),heuristic(use_first(halving,approximation))))": 448,
	"opt(dictionary(hybrid(4,64,sliding_window_short_rtl(3,1)),heuristic(use_first(halving,delta_largest))))": 491,
	"opt(dictionary(hybrid(5,0,sliding_window(4)),continued_fractions(binary)))": 464,
	"opt(dictionary(hybrid(5,0,sliding_window(4)),continued_fractions(co_binary)))": 464,
	"opt(dictionary(hybrid(5,0,sliding_window(4)),continued_fractions(dichotomic)))": 434,
	"opt(dictionary(hybrid(5,0,sliding_window(4)),heuristic(use_first(halving,approximation))))": 464,
	"opt(dictionary(hybrid(5,0,sliding_window(4)),heuristic(use_first(halving,delta_largest))))": 611,
	"opt(dictionary(hybrid(5,0,sliding_window_short(4,0)),continued_fractions(binary)))": 466,
	"opt(dictionary(hybrid(5,0,sliding_window_short(4,0)),continued_fractions(co_binary)))": 466,
	"opt(dictionary(hybrid(5,0,sliding_window_short(4,0)),continued_fractions(dichotomic)))": 436,
	"opt(dictionary(hybrid(5,0,sliding_window_short(4,0)),heuristic(use_first(halving,approximation))))": 466,
	"opt(dictionary(hybrid(5,0,sliding_window_short(4,0)),heuristic(use_first(halving,delta_largest))))": 613,
	"opt(dictionary(hybrid(5,0,sliding_window_short(4,2)),continued_fractions(binary)))": 466,
	"opt(dictionary(hybrid(5,0,sliding_window_short(4,2)),continued_fractions(co_binary)))": 466,
	"opt(dictionary(hybrid(5,0,sliding_window_short(4,2)),continued_fractions(dichotomic)))": 436,
	"opt(dictionary(hybrid(5,0,sliding_window_short(4,2)),heuristic(use_first(halving,approximation))))": 466,
	"opt(dictionary(hybrid(5,0,sliding_window_short(4,2)),heuristic(use_first(halving,delta_largest))))": 613,
	"opt(dictionary(hybrid(5,0,sliding_window_short_rtl(4,2)),continued_fractions(binary)))": 466,
	"opt(dictionary(hybrid(5,0,sliding_window_short_rtl(4,2)),continued_fractions(co_binary)))": 466,
	"opt(dictionary(hybrid(5,0,sliding_window_short_rtl(4,2)),continued_fractions(dichotomic)))": 436,
	"opt(dictionary(hybrid(5,0,sliding_window_short_rtl(4,2)),heuristic(use_first(halving,approximation))))": 466,
	"opt(dictionary(hybrid(5,0,sliding_window_short_rtl(4,2)),heuristic(use_first(halving,delta_largest))))": 613,
	"opt(dictionary(hybrid(5,16,sliding_window(4)),continued_fractions(binary)))": 441,
	"opt(dictionary(hybrid(5,16,sliding_window(4)),continued_fractions(co_binary)))": 441,
	"opt(dictionary(hybrid(5,16,sliding_window(4)),continued_fractions(dichotomic)))": 441,
	"opt(dictionary(hybrid(5,16,sliding_window(4)),heuristic(use_first(halving,approximation))))": 441,
	"opt(dictionary(hybrid(5,16,sliding_window(4)),heuristic(use_first(halving,delta_largest))))": 444,
	"opt(dictionary(hybrid(5,16,sliding_window_short(4,2)),continued_fractions(binary)))": 443,
	"opt(dictionary(hybrid(5,16,sliding_window_short(4,2)),continued_fractions(co_binary)))": 443,
	"opt(dictionary(hybrid(5,16,sliding_window_short(4,2)),continued_fractions(dichotomic)))": 443,
	"opt(dictionary(hybrid(5,16,sliding_window_short(4,2)),heuristic(use_first(halving,approximation))))": 443,
	"opt(dictionary(hybrid(5,16,sliding_window_short(4,2)),heuristic(use_first(halving,delta_largest))))": 446,
	"opt(dictionary(hybrid(5,16,sliding_window_short_rtl(4,2)),continued_fractions(binary)))": 443,
	"opt(dictionary(hybrid(5,16,sliding_window_short_rtl(4,2)),continued_fractions(co_binary)))": 443,
	"opt(dictionary(hybrid(5,16,sliding_window_short_rtl(4,2)),continued_fractions(dichotomic)))": 443,
	"opt(dictionary(hybrid(5,16,sliding_window_short_rtl(4,2)),heuristic(use_first(halving,approximation))))": 443,
	"opt(dictionary(hybrid(5,16,sliding_window_short_rtl(4,2)),heuristic(use_first(halving,delta_largest))))": 446,
	"opt(dictionary(hybrid(5,32,sliding_window(4)),continued_fractions(binary)))": 438,
	"opt(dictionary(hybrid(5,32,sliding_window(4)),continued_fractions(co_binary)))": 438,
	"opt(dictionary(hybrid(5,32,sliding_window(4)),continued_fractions(dichotomic)))": 436,
	"opt(dictionary(hybrid(5,32,sliding_window(4)),heuristic(use_first(halving,approximation))))": 438,
	"opt(dictionary(hybrid(5,32,sliding_window(4)),heuristic(use_first(halving,delta_largest))))": 455,
	"opt(dictionary(hybrid(5,32,sliding_window_short(4,2)),continued_fractions(binary)))": 440,
	"opt(dictionary(hybrid(5,32,sliding_window_short(4,2)),continued_fractions(co_binary)))": 440,
	"opt(dictionary(hybrid(5,32,sliding_window_short(4,2)),continued_fractions(dichotomic)))": 438,
	"opt(dictionary(hybrid(5,32,sliding_window_short(4,2)),heuristic(use_first(halving,approximation))))": 440,
	"opt(dictionary(hybrid(5,32,sliding_window_short(4,2)),heuristic(use_first(halving,delta_largest))))": 457,
	"opt(dictionary(hybrid(5,32,sliding_window_short_rtl(4,2)),continued_fractions(binary)))": 440,
	"opt(dictionary(hybrid(5,32,sliding_window_short_rtl(4,2)),continued_fractions(co_binary)))": 440,
	"opt(dictionary(hybrid(5,32,sliding_window_short_rtl(4,2)),continued_fractions(dichotomic)))": 438,
	"opt(dictionary(hybrid(5,32,sliding_window_short_rtl(4,2)),heuristic(use_first(halving,approximation))))": 440,
	"opt(dictionary(hybrid(5,32,sliding_window_short_rtl(4,2)),heuristic(use_first(halving,delta_largest))))": 457,
	"opt(dictionary(hybrid(5,64,sliding_window(4)),continued_fractions(binary)))": 441,
	"opt(dictionary(hybrid(5,64,sliding_window(4)),continued_fractions(co_binary)))": 441,
	"opt(dictionary(hybrid(5,64,sliding_window(4)),continued_fractions(dichotomic)))": 434,
	"opt(dictionary(hybrid(5,64,sliding_window(4)),heuristic(use_first(halving,approximation))))": 441,
	"opt(dictionary(hybrid(5,64,sliding_window(4)),heuristic(use_first(halving,delta_largest))))": 484,
	"opt(dictionary(hybrid(5,64,sliding_window_short(4,2)),continued_fractions(binary)))": 443,
	"opt(dictionary(hybrid(5,64,sliding_window_short(4,2)),continued_fractions(co_binary)))": 443,
	"opt(dictionary(hybrid(5,64,sliding_window_short(4,2)),continued_fractions(dichotomic)))": 436,
	"opt(dictionary(hybrid(5,64,sliding_window_short(4,2)),heuristic(use_first(halving,approximation))))": 443,
	"opt(dictionary(hybrid(5,64,sliding_window_short(4,2)),heuristic(use_first(halving,delta_largest))))": 486,
	"opt(dictionary(hybrid(5,64,sliding_window_short_rtl(4,2)),continued_fractions(binary)))": 443,
	"opt(dictionary(hybrid(5,64,sliding_window_short_rtl(4,2)),continued_fractions(co_binary)))": 443,
	"opt(dictionary(hybrid(5,64,sliding_window_short_rtl(4,2)),continued_fractions(dichotomic)))": 436,
	"opt(dictionary(hybrid(5,64,sliding_window_short_rtl(4,2)),heuristic(use_first(halving,approximation))))": 443,
	"opt(dictionary(hybrid(5,64,sliding_window_short_rtl(4,2)),heuristic(use_first(halving,delta_largest))))": 486,
	"opt(dictionary(hybrid(6,0,sliding_window(5)),continued_fractions(binary)))": 465,
	"opt(dictionary(hybrid(6,0,sliding_window(5)),continued_fractions(co_binary)))": 465,
	"opt(dictionary(hybrid(6,0,sliding_window(5)),continued_fractions(dichotomic)))": 435,
	"opt(dictionary(hybrid(6,0,sliding_window(5)),heuristic(use_first(halving,approximation))))": 465,
	"opt(dictionary(hybrid(6,0,sliding_window(5)),heuristic(use_first(halving,delta_largest))))": 612,
	"opt(dictionary(hybrid(6,0,sliding_window_short(5,0)),continued_fractions(binary)))": 463,
	"opt(dictionary(hybrid(6,0,sliding_window_short(5,0)),continued_fractions(co_binary)))": 463,
	"opt(dictionary(hybrid(6,0,sliding_window_short(5,0)),continued_fractions(dichotomic)))": 433,
	"opt(dictionary(hybrid(6,0,sliding_window_short(5,0)),heuristic(use_first(halving,approximation))))": 463,
	"opt(dictionary(hybrid(6,0,sliding_window_short(5,0)),heuristic(use_first(halving,delta_largest))))": 610,
	"opt(dictionary(hybrid(6,0,sliding_window_short(5,2)),continued_fractions(binary)))": 463,
	"opt(dictionary(hybrid(6,0,sliding_window_short(5,2)),continued_fractions(co_binary)))": 463,
	"opt(dictionary(hybrid(6,0,sliding_window_short(5,2)),continued_fractions(dichotomic)))": 433,
	"opt(dictionary(hybrid(6,0,sliding_window_short(5,2)),heuristic(use_first(halving,approximation))))": 463,
	"opt(dictionary(hybrid(6,0,sliding_window_short(5,2)),heuristic(use_first(halving,delta_largest))))": 610,
	"opt(dictionary(hybrid(6,0,sliding_window_short_rtl(5,2)),continued_fractions(binary)))": 463,
	"opt(dictionary(hybrid(6,0,sliding_window_short_rtl(5,2)),continued_fractions(co_binary)))": 463,
	"opt(dictionary(hybrid(6,0,sliding_window_short_rtl(5,2)),continued_fractions(dichotomic)))": 433,
	"opt(dictionary(hybrid(6,0,sliding_window_short_rtl(5,2)),heuristic(use_first(halving,approximation))))": 463,
	"opt(dictionary(hybrid(6,0,sliding_window_short_rtl(5,2)),heuristic(use_first(halving,delta_largest))))": 610,
	"opt(dictionary(hybrid(6,16,sliding_window(5)),continued_fractions(binary)))": 441,
	"opt(dictionary(hybrid(6,16,sliding_window(5)),continued_fractions(co_binary)))": 441,
	"opt(dictionary(hybrid(6,16,sliding_window(5)),continued_fractions(dichotomic)))": 441,
	"opt(dictionary(hybrid(6,16,sliding_window(5)),heuristic(use_first(halving,approximation))))": 441,
	"opt(dictionary(hybrid(6,16,sliding_window(5)),heuristic(use_first(halving,delta_largest))))": 445,
	"opt(dictionary(hybrid(6,16,sliding_window_short(5,2)),continued_fractions(binary)))": 440,
	"opt(dictionary(hybrid(6,16,sliding_window_short(5,2)),continued_fractions(co_binary)))": 440,
	"opt(dictionary(hybrid(6,16,sliding_window_short(5,2)),continued_fractions(dichotomic)))": 440,
	"opt(dictionary(hybrid(6,16,sliding_window_short(5,2)),heuristic(use_first(halving,approximation))))": 440,
	"opt(dictionary(hybrid(6,16,sliding_window_short(5,2)),heuristic(use_first(halving,delta_largest))))": 444,
	"opt(dictionary(hybrid(6,16,sliding_window_short_rtl(5,2)),continued_fractions(binary)))": 440,
	"opt(dictionary(hybrid(6,16,sliding_window_short_rtl(5,2)),continued_fractions(co_binary)))": 440,
	"opt(dictionary(hybrid(6,16,sliding_window_short_rtl(5,2)),continued_fractions(dichotomic)))": 440,
	"opt(dictionary(hybrid(6,16,sliding_window_short_rtl(5,2)),heuristic(use_first(halving,approximation))))": 440,
	"opt(dictionary(hybrid(6,16,sliding_window_short_rtl(5,2)),heuristic(use_first(halving,delta_largest))))": 444,
	"opt(dictionary(hybrid(6,32,sliding_window(5)),continued_fractions(binary)))": 438,
	"opt(dictionary(hybrid(6,32,sliding_window(5)),continued_fractions(co_binary)))": 438,
	"opt(dictionary(hybrid(6,32,sliding_window(5)),continued_fractions(dichotomic)))": 436,
	"opt(dictionary(hybrid(6,32,sliding_window(5)),heuristic(use_first(halving,approximation))))": 438,
	"opt(dictionary(hybrid(6,32,sliding_window(5)),heuristic(use_first(halving,delta_largest))))": 456,
	"opt(dictionary(hybrid(6,32,sliding_window_short(5,2)),continued_fractions(binary)))": 437,
	"opt(dictionary(hybrid(6,32,sliding_window_short(5,2)),continued_fractions(co_binary)))": 437,
	"opt(dictionary(hybrid(6,32,sliding_window_short(5,2)),continued_fractions(dichotomic)))": 435,
	"opt(dictionary(hybrid(6,32,sliding_window_short(5,2)),heuristic(use_first(halving,approximation))))": 437,
	"opt(dictionary(hybrid(6,32,sliding_window_short(5,2)),heuristic(use_first(halving,delta_largest))))": 455,
	"opt(dictionary(hybrid(6,32,sliding_window_short_rtl(5,2)),continued_fractions(binary)))": 437,
	"opt(dictionary(hybrid(6,32,sliding_window_short_rtl(5,2)),continued_fractions(co_binary)))": 437,
	"opt(dictionary(hybrid(6,32,sliding_window_short_rtl(5,2)),continued_fractions(dichotomic)))": 435,
	"opt(dictionary(hybrid(6,32,sliding_window_short_rtl(5,2)),heuristic(use_first(halving,approximation))))": 437,
	"opt(dictionary(hybrid(6,32,sliding_window_short_rtl(5,2)),heuristic(use_first(halving,delta_largest))))": 455,
	"opt(dictionary(hybrid(6,64,sliding_window(5)),continued_fractions(binary)))": 442,
	"opt(dictionary(hybrid(6,64,sliding_window(5)),continued_fractions(co_binary)))": 442,
	"opt(dictionary(hybrid(6,64,sliding_window(5)),continued_fractions(dichotomic)))": 435,
	"opt(dictionary(hybrid(6,64,sliding_window(5)),heuristic(use_first(halving,approximation))))": 442,
	"opt(dictionary(hybrid(6,64,sliding_window(5)),heuristic(use_first(halving,delta_largest))))": 485,
	"opt(dictionary(hybrid(6,64,sliding_window_short(5,2)),continued_fractions(binary)))": 440,
	"opt(dictionary(hybrid(6,64,sliding_window_short(5,2)),continued_fractions(co_binary)))": 440,
	"opt(dictionary(hybrid(6,64,sliding_window_short(5,2)),continued_fractions(dichotomic)))": 433,
	"opt(dictionary(hybrid(6,64,sliding_window_short(5,2)),heuristic(use_first(halving,approximation))))": 440,
	"opt(dictionary(hybrid(6,64,sliding_window_short(5,2)),heuristic(use_first(halving,delta_largest))))": 483,
	"opt(dictionary(hybrid(6,64,sliding_window_short_rtl(5,2)),continued_fractions(binary)))": 440,
	"opt(dictionary(hybrid(6,64,sliding_window_short_rtl(5,2)),continued_fractions(co_binary)))": 440,
	"opt(dictionary(hybrid(6,64,sliding_window_short_rtl(5,2)),continued_fractions(dichotomic)))": 433,
	"opt(dictionary(hybrid(6,64,sliding_window_short_rtl(5,2)),heuristic(use_first(halving,approximation))))": 440,
	"opt(dictionary(hybrid(6,64,sliding_window_short_rtl(5,2)),heuristic(use_first(halving,delta_largest))))": 483,
	"opt(dictionary(hybrid(7,0,sliding_window(6)),continued_fractions(binary)))": 520,
	"opt(dictionary(hybrid(7,0,sliding_window(6)),continued_fractions(co_binary)))": 520,
	"opt(dictionary(hybrid(7,0,sliding_window(6)),continued_fractions(dichotomic)))": 454,
	"opt(dictionary(hybrid(7,0,sliding_window(6)),heuristic(use_first(halving,approximation))))": 460,
	"opt(dictionary(hybrid(7,0,sliding_window(6)),heuristic(use_first(halving,delta_largest))))": 612,
	"opt(dictionary(hybrid(7,0,sliding_window_short(6,0)),continued_fractions(binary)))": 518,
	"opt(dictionary(hybrid(7,0,sliding_window_short(6,0)),continued_fractions(co_binary)))": 518,
	"opt(dictionary(hybrid(7,0,sliding_window_short(6,0)),continued_fractions(dichotomic)))": 452,
	"opt(dictionary(hybrid(7,0,sliding_window_short(6,0)),heuristic(use_first(halving,approximation))))": 458,
	"opt(dictionary(hybrid(7,0,sliding_window_short(6,0)),heuristic(use_first(halving,delta_largest))))": 609,
	"opt(dictionary(hybrid(7,0,sliding_window_short(6,3)),continued_fractions(binary)))": 518,
	"opt(dictionary(hybrid(7,0,sliding_window_short(6,3)),continued_fractions(co_binary)))": 518,
	"opt(dictionary(hybrid(7,0,sliding_window_short(6,3)),continued_fractions(dichotomic)))": 452,
	"opt(dictionary(hybrid(7,0,sliding_window_short(6,3)),heuristic(use_first(halving,approximation))))": 458,
	"opt(dictionary(hybrid(7,0,sliding_window_short(6,3)),heuristic(use_first(halving,delta_largest))))": 609,
	"opt(dictionary(hybrid(7,0,sliding_window_short_rtl(6,3)),continued_fractions(binary)))": 520,
	"opt(dictionary(hybrid(7,0,sliding_window_short_rtl(6,3)),continued_fractions(co_binary)))": 520,
	"opt(dictionary(hybrid(7,0,sliding_window_short_rtl(6,3)),continued_fractions(dichotomic)))": 454,
	"opt(dictionary(hybrid(7,0,sliding_window_short_rtl(6,3)),heuristic(use_first(halving,approximation))))": 459,
	"opt(dictionary(hybrid(7,0,sliding_window_short_rtl(6,3)),heuristic(use_first(halving,delta_largest))))": 609,
	"opt(dictionary(hybrid(7,16,sliding_window(6)),continued_fractions(binary)))": 443,
	"opt(dictionary(hybrid(7,16,sliding_window(6)),continued_fractions(co_binary)))": 443,
	"opt(dictionary(hybrid(7,16,sliding_window(6)),continued_fractions(dichotomic)))": 442,
	"opt(dictionary(hybrid(7,16,sliding_window(6)),heuristic(use_first(halving,approximation))))": 441,
	"opt(dictionary(hybrid(7,16,sliding_window(6)),heuristic(use_first(halving,delta_largest))))": 445,
	"opt(dictionary(hybrid(7,16,sliding_window_short(6,3)),continued_fractions(binary)))": 442,
	"opt(dictionary(hybrid(7,16,sliding_window_short(6,3)),continued_fractions(co_binary)))": 442,
	"opt(dictionary(hybrid(7,16,sliding_window_short(6,3)),continued_fractions(dichotomic)))": 442,
	"opt(dictionary(hybrid(7,16,sliding_window_short(6,3)),heuristic(use_first(halving,approximation))))": 441,
	"opt(dictionary(hybrid(7,16,sliding_window_short(6,3)),heuristic(use_first(halving,delta_largest))))": 445,
	"opt(dictionary(hybrid(7,16,sliding_window_short_rtl(6,3)),continued_fractions(binary)))": 442,
	"opt(dictionary(hybrid(7,16,sliding_window_short_rtl(6,3)),continued_fractions(co_binary)))": 442,
	"opt(dictionary(hybrid(7,16,sliding_window_short_rtl(6,3)),continued_fractions(dichotomic)))": 442,
	"opt(dictionary(hybrid(7,16,sliding_window_short_rtl(6,3)),heuristic(use_first(halving,approximation))))": 442,
	"opt(dictionary(hybrid(7,16,sliding_window_short_rtl(6,3)),heuristic(use_first(halving,delta_largest))))": 445,
	"opt(dictionary(hybrid(7,32,sliding_window(6)),continued_fractions(binary)))": 448,
	"opt(dictionary(hybrid(7,32,sliding_window(6)),continued_fractions(co_binary)))": 448,
	"opt(dictionary(hybrid(7,32,sliding_window(6)),continued_fractions(dichotomic)))": 442,
	"opt(dictionary(hybrid(7,32,sliding_window(6)),heuristic(use_first(halving,approximation))))": 439,
	"opt(dictionary(hybrid(7,32,sliding_window(6)),heuristic(use_first(halving,delta_largest))))": 456,
	"opt(dictionary(hybrid(7,32,sliding_window_short(6,3)),continued_fractions(binary)))": 444,
	"opt(dictionary(hybrid(7,32,sliding_window_short(6,3)),continued_fractions(co_binary)))": 444,
	"opt(dictionary(hybrid(7,32,sliding_window_short(6,3)),continued_fractions(dichotomic)))": 441,
	"opt(dictionary(hybrid(7,32,sliding_window_short(6,3)),heuristic(use_first(halving,approximation))))": 437,
	"opt(dictionary(hybrid(7,32,sliding_window_short(6,3)),heuristic(use_first(halving,delta_largest))))": 453,
	"opt(dictionary(hybrid(7,32,sliding_window_short_rtl(6,3)),continued_fractions(binary)))": 444,
	"opt(dictionary(hybrid(7,32,sliding_window_short_rtl(6,3)),continued_fractions(co_binary)))": 444,
	"opt(dictionary(hybrid(7,32,sliding_window_short_rtl(6,3)),continued_fractions(dichotomic)))": 441,
	"opt(dictionary(hybrid(7,32,sliding_window_short_rtl(6,3)),heuristic(use_first(halving,approximation))))": 438,
	"opt(dictionary(hybrid(7,32,sliding_window_short_rtl(6,3)),heuristic(use_first(halving,delta_largest))))": 453,
	"opt(dictionary(hybrid(7,64,sliding_window(6)),continued_fractions(binary)))": 459,
	"opt(dictionary(hybrid(7,64,sliding_window(6)),continued_fractions(co_binary)))": 459,
	"opt(dictionary(hybrid(7,64,sliding_window(6)),continued_fractions(dichotomic)))": 444,
	"opt(dictionary(hybrid(7,64,sliding_window(6)),heuristic(use_first(halving,approximation))))": 440,
	"opt(dictionary(hybrid(7,64,sliding_window(6)),heuristic(use_first(halving,delta_largest))))": 484,
	"opt(dictionary(hybrid(7,64,sliding_window_short(6,3)),continued_fractions(binary)))": 459,
	"opt(dictionary(hybrid(7,64,sliding_window_short(6,3)),continued_fractions(co_binary)))": 459,
	"opt(dictionary(hybrid(7,64,sliding_window_short(6,3)),continued_fractions(dichotomic)))": 441,
	"opt(dictionary(hybrid(7,64,sliding_window_short(6,3)),heuristic(use_first(halving,approximation))))": 440,
	"opt(dictionary(hybrid(7,64,sliding_window_short(6,3)),heuristic(use_first(halving,delta_largest))))": 484,
	"opt(dictionary(hybrid(7,64,sliding_window_short_rtl(6,3)),continued_fractions(binary)))": 459,
	"opt(dictionary(hybrid(7,64,sliding_window_short_rtl(6,3)),continued_fractions(co_binary)))": 459,
	"opt(dictionary(hybrid(7,64,sliding_window_short_rtl(6,3)),continued_fractions(dichotomic)))": 441,
	"opt(dictionary(hybrid(7,64,sliding_window_short_rtl(6,3)),heuristic(use_first(halving,approximation))))": 441,
	"opt(dictionary(hybrid(7,64,sliding_window_short_rtl(6,3)),heuristic(use_first(halving,delta_largest))))": 484,
	"opt(dictionary(hybrid(8,0,sliding_window(7)),continued_fractions(binary)))": 523,
	"opt(dictionary(hybrid(8,0,sliding_window(7)),continued_fractions(co_binary)))": 523,
	"opt(dictionary(hybrid(8,0,sliding_window(7)),continued_fractions(dichotomic)))": 451,
	"opt(dictionary(hybrid(8,0,sliding_window(7)),heuristic(use_first(halving,approximation))))": 458,
	"opt(dictionary(hybrid(8,0,sliding_window(7)),heuristic(use_first(halving,delta_largest))))": 611,
	"opt(dictionary(hybrid(8,0,sliding_window_short(7,0)),continued_fractions(binary)))": 521,
	"opt(dictionary(hybrid(8,0,sliding_window_short(7,0)),continued_fractions(co_binary)))": 521,
	"opt(dictionary(hybrid(8,0,sliding_window_short(7,0)),continued_fractions(dichotomic)))": 449,
	"opt(dictionary(hybrid(8,0,sliding_window_short(7,0)),heuristic(use_first(halving,approximation))))": 454,
	"opt(dictionary(hybrid(8,0,sliding_window_short(7,0)),heuristic(use_first(halving,delta_largest))))": 608,
	"opt(dictionary(hybrid(8,0,sliding_window_short(7,3)),continued_fractions(binary)))": 521,
	"opt(dictionary(hybrid(8,0,sliding_window_short(7,3)),continued_fractions(co_binary)))": 521,
	"opt(dictionary(hybrid(8,0,sliding_window_short(7,3)),continued_fractions(dichotomic)))": 449,
	"opt(dictionary(hybrid(8,0,sliding_window_short(7,3)),heuristic(use_first(halving,approximation))))": 454,
	"opt(dictionary(hybrid(8,0,sliding_window_short(7,3)),heuristic(use_first(halving,delta_largest))))": 608,
	"opt(dictionary(hybrid(8,0,sliding_window_short_rtl(7,3)),continued_fractions(binary)))": 523,
	"opt(dictionary(hybrid(8,0,sliding_window_short_rtl(7,3)),continued_fractions(co_binary)))": 523,
	"opt(dictionary(hybrid(8,0,sliding_window_short_rtl(7,3)),continued_fractions(dichotomic)))": 451,
	"opt(dictionary(hybrid(8,0,sliding_window_short_rtl(7,3)),heuristic(use_first(halving,approximation))))": 453,
	"opt(dictionary(hybrid(8,0,sliding_window_short_rtl(7,3)),heuristic(use_first(halving,delta_largest))))": 608,
	"opt(dictionary(hybrid(8,16,sliding_window(7)),continued_fractions(binary)))": 443,
	"opt(dictionary(hybrid(8,16,sliding_window(7)),continued_fractions(co_binary)))": 443,
	"opt(dictionary(hybrid(8,16,sliding_window(7)),continued_fractions(dichotomic)))": 443,
	"opt(dictionary(hybrid(8,16,sliding_window(7)),heuristic(use_first(halving,approximation))))": 444,
	"opt(dictionary(hybrid(8,16,sliding_window(7)),heuristic(use_first(halving,delta_largest))))": 444,
	"opt(dictionary(hybrid(8,16,sliding_window_short(7,3)),continued_fractions(binary)))": 440,
	"opt(dictionary(hybrid(8,16,sliding_window_short(7,3)),continued_fractions(co_binary)))": 440,
	"opt(dictionary(hybrid(8,16,sliding_window_short(7,3)),continued_fractions(dichotomic)))": 440,
	"opt(dictionary(hybrid(8,16,sliding_window_short(7,3)),heuristic(use_first(halving,approximation))))": 440,
	"opt(dictionary(hybrid(8,16,sliding_window_short(7,3)),heuristic(use_first(halving,delta_largest))))": 441,
	"opt(dictionary(hybrid(8,16,sliding_window_short_rtl(7,3)),continued_fractions(binary)))": 441,
	"opt(dictionary(hybrid(8,16,sliding_window_short_rtl(7,3)),continued_fractions(co_binary)))": 441,
	"opt(dictionary(hybrid(8,16,sliding_window_short_rtl(7,3)),continued_fractions(dichotomic)))": 441,
	"opt(dictionary(hybrid(8,16,sliding_window_short_rtl(7,3)),heuristic(use_first(halving,approximation))))": 440,
	"opt(dictionary(hybrid(8,16,sliding_window_short_rtl(7,3)),heuristic(use_first(halving,delta_largest))))": 442,
	"opt(dictionary(hybrid(8,32,sliding_window(7)),continued_fractions(binary)))": 445,
	"opt(dictionary(hybrid(8,32,sliding_window(7)),continued_fractions(co_binary)))": 445,
	"opt(dictionary(hybrid(8,32,sliding_window(7)),continued_fractions(dichotomic)))": 442,
	"opt(dictionary(hybrid(8,32,sliding_window(7)),heuristic(use_first(halving,approximation))))": 441,
	"opt(dictionary(hybrid(8,32,sliding_window(7)),heuristic(use_first(halving,delta_largest))))": 455,
	"opt(dictionary(hybrid(8,32,sliding_window_short(7,3)),continued_fractions(binary)))": 443,
	"opt(dictionary(hybrid(8,32,sliding_window_short(7,3)),continued_fractions(co_binary)))": 443,
	"opt(dictionary(hybrid(8,32,sliding_window_short(7,3)),continued_fractions(dichotomic)))": 440,
	"opt(dictionary(hybrid(8,32,sliding_window_short(7,3)),heuristic(use_first(halving,approximation))))": 437,
	"opt(dictionary(hybrid(8,32,sliding_window_short(7,3)),heuristic(use_first(halving,delta_largest))))": 451,
	"opt(dictionary(hybrid(8,32,sliding_window_short_rtl(7,3)),continued_fractions(binary)))": 443,
	"opt(dictionary(hybrid(8,32,sliding_window_short_rtl(7,3)),continued_fractions(co_binary)))": 443,
	"opt(dictionary(hybrid(8,32,sliding_window_short_rtl(7,3)),continued_fractions(dichotomic)))": 440,
	"opt(dictionary(hybrid(8,32,sliding_window_short_rtl(7,3)),heuristic(use_first(halving,approximation))))": 437,
	"opt(dictionary(hybrid(8,32,sliding_window_short_rtl(7,3)),heuristic(use_first(halving,delta_largest))))": 452,
	"opt(dictionary(hybrid(8,64,sliding_window(7)),continued_fractions(binary)))": 462,
	"opt(dictionary(hybrid(8,64,sliding_window(7)),continued_fractions(co_binary)))": 462,
	"opt(dictionary(hybrid(8,64,sliding_window(7)),continued_fractions(dichotomic)))": 445,
	"opt(dictionary(hybrid(8,64,sliding_window(7)),heuristic(use_first(halving,approximation))))": 443,
	"opt(dictionary(hybrid(8,64,sliding_window(7)),heuristic(use_first(halving,delta_largest))))": 482,
	"opt(dictionary(hybrid(8,64,sliding_window_short(7,3)),continued_fractions(binary)))": 459,
	"opt(dictionary(hybrid(8,64,sliding_window_short(7,3)),continued_fractions(co_binary)))": 459,
	"opt(dictionary(hybrid(8,64,sliding_window_short(7,3)),continued_fractions(dichotomic)))": 442,
	"opt(dictionary(hybrid(8,64,sliding_window_short(7,3)),heuristic(use_first(halving,approximation))))": 438,
	"opt(dictionary(hybrid(8,64,sliding_window_short(7,3)),heuristic(use_first(halving,delta_largest))))": 480,
	"opt(dictionary(hybrid(8,64,sliding_window_short_rtl(7,3)),continued_fractions(binary)))": 460,
	"opt(dictionary(hybrid(8,64,sliding_window_short_rtl(7,3)),continued_fractions(co_binary)))": 460,
	"opt(dictionary(hybrid(8,64,sliding_window_short_rtl(7,3)),continued_fractions(dichotomic)))": 443,
	"opt(dictionary(hybrid(8,64,sliding_window_short_rtl(7,3)),heuristic(use_first(halving,approximation))))": 438,
	"opt(dictionary(hybrid(8,64,sliding_window_short_rtl(7,3)),heuristic(use_first(halving,delta_largest))))": 480,
	"opt(dictionary(hybrid(9,0,sliding_window(8)),continued_fractions(binary)))": 520,
	"opt(dictionary(hybrid(9,0,sliding_window(8)),continued_fractions(co_binary)))": 520,
	"opt(dictionary(hybrid(9,0,sliding_window(8)),continued_fractions(dichotomic)))": 458,
	"opt(dictionary(hybrid(9,0,sliding_window(8)),heuristic(use_first(halving,approximation))))": 451,
	"opt(dictionary(hybrid(9,0,sliding_window(8)),heuristic(use_first(halving,delta_largest))))": 607,
	"opt(dictionary(hybrid(9,0,sliding_window_short(8,0)),continued_fractions(binary)))": 486,
	"opt(dictionary(hybrid(9,0,sliding_window_short(8,0)),continued_fractions(co_binary)))": 486,
	"opt(dictionary(hybrid(9,0,sliding_window_short(8,0)),continued_fractions(dichotomic)))": 455,
	"opt(dictionary(hybrid(9,0,sliding_window_short(8,0)),heuristic(use_first(halving,approximation))))": 450,
	"opt(dictionary(hybrid(9,0,sliding_window_short(8,0)),heuristic(use_first(halving,delta_largest))))": 604,
	"opt(dictionary(hybrid(9,0,sliding_window_short(8,4)),continued_fractions(binary)))": 486,
	"opt(dictionary(hybrid(9,0,sliding_window_short(8,4)),continued_fractions(co_binary)))": 486,
	"opt(dictionary(hybrid(9,0,sliding_window_short(8,4)),continued_fractions(dichotomic)))": 455,
	"opt(dictionary(hybrid(9,0,sliding_window_short(8,4)),heuristic(use_first(halving,approximation))))": 450,
	"opt(dictionary(hybrid(9,0,sliding_window_short(8,4)),heuristic(use_first(halving,delta_largest))))": 604,
	"opt(dictionary(hybrid(9,0,sliding_window_short_rtl(8,4)),continued_fractions(binary)))": 511,
	"opt(dictionary(hybrid(9,0,sliding_window_short_rtl(8,4)),continued_fractions(co_binary)))": 511,
	"opt(dictionary(hybrid(9,0,sliding_window_short_rtl(8,4)),continued_fractions(dichotomic)))": 458,
	"opt(dictionary(hybrid(9,0,sliding_window_short_rtl(8,4)),heuristic(use_first(halving,approximation))))": 451,
	"opt(dictionary(hybrid(9,0,sliding_window_short_rtl(8,4)),heuristic(use_first(halving,delta_largest))))": 608,
	"opt(dictionary(hybrid(9,16,sliding_window(8)),continued_fractions(binary)))": 443,
	"opt(dictionary(hybrid(9,16,sliding_window(8)),continued_fractions(co_binary)))": 443,
	"opt(dictionary(hybrid(9,16,sliding_window(8)),continued_fractions(dichotomic)))": 443,
	"opt(dictionary(hybrid(9,16,sliding_window(8)),heuristic(use_first(halving,approximation))))": 441,
	"opt(dictionary(hybrid(9,16,sliding_window(8)),heuristic(use_first(halving,delta_largest))))": 439,
	"opt(dictionary(hybrid(9,16,sliding_window_short(8,4)),continued_fractions(binary)))": 441,
	"opt(dictionary(hybrid(9,16,sliding_window_short(8,4)),continued_fractions(co_binary)))": 441,
	"opt(dictionary(hybrid(9,16,sliding_window_short(8,4)),continued_fractions(dichotomic)))": 440,
	"opt(dictionary(hybrid(9,16,sliding_window_short(8,4)),heuristic(use_first(halving,approximation))))": 438,
	"opt(dictionary(hybrid(9,16,sliding_window_short(8,4)),heuristic(use_first(halving,delta_largest))))": 440,
	"opt(dictionary(hybrid(9,16,sliding_window_short_rtl(8,4)),continued_fractions(binary)))": 442,
	"opt(dictionary(hybrid(9,16,sliding_window_short_rtl(8,4)),continued_fractions(co_binary)))": 442,
	"opt(dictionary(hybrid(9,16,sliding_window_short_rtl(8,4)),continued_fractions(dichotomic)))": 442,
	"opt(dictionary(hybrid(9,16,sliding_window_short_rtl(8,4)),heuristic(use_first(halving,approximation))))": 440,
	"opt(dictionary(hybrid(9,16,sliding_window_short_rtl(8,4)),heuristic(use_first(halving,delta_largest))))": 440,
	"opt(dictionary(hybrid(9,32,sliding_window(8)),continued_fractions(binary)))": 447,
	"opt(dictionary(hybrid(9,32,sliding_window(8)),continued_fractions(co_binary)))": 447,
	"opt(dictionary(hybrid(9,32,sliding_window(8)),continued_fractions(dichotomic)))": 441,
	"opt(dictionary(hybrid(9,32,sliding_window(8)),heuristic(use_first(halving,approximation))))": 437,
	"opt(dictionary(hybrid(9,32,sliding_window(8)),heuristic(use_first(halving,delta_largest))))": 447,
	"opt(dictionary(hybrid(9,32,sliding_window_short(8,4)),continued_fractions(binary)))": 441,
	"opt(dictionary(hybrid(9,32,sliding_window_short(8,4)),continued_fractions(co_binary)))": 441,
	"opt(dictionary(hybrid(9,32,sliding_window_short(8,4)),continued_fractions(dichotomic)))": 438,
	"opt(dictionary(hybrid(9,32,sliding_window_short(8,4)),heuristic(use_first(halving,approximation))))": 434,
	"opt(dictionary(hybrid(9,32,sliding_window_short(8,4)),heuristic(use_first(halving,delta_largest))))": 448,
	"opt(dictionary(hybrid(9,32,sliding_window_short_rtl(8,4)),continued_fractions(binary)))": 442,
	"opt(dictionary(hybrid(9,32,sliding_window_short_rtl(8,4)),continued_fractions(co_binary)))": 442,
	"opt(dictionary(hybrid(9,32,sliding_window_short_rtl(8,4)),continued_fractions(dichotomic)))": 441,
	"opt(dictionary(hybrid(9,32,sliding_window_short_rtl(8,4)),heuristic(use_first(halving,approximation))))": 436,
	"opt(dictionary(hybrid(9,32,sliding_window_short_rtl(8,4)),heuristic(use_first(halving,delta_largest))))": 448,
	"opt(dictionary(hybrid(9,64,sliding_window(8)),continued_fractions(binary)))": 460,
	"opt(dictionary(hybrid(9,64,sliding_window(8)),continued_fractions(co_binary)))": 460,
	"opt(dictionary(hybrid(9,64,sliding_window(8)),continued_fractions(dichotomic)))": 441,
	"opt(dictionary(hybrid(9,64,sliding_window(8)),heuristic(use_first(halving,approximation))))": 438,
	"opt(dictionary(hybrid(9,64,sliding_window(8)),heuristic(use_first(halving,delta_largest))))": 476,
	"opt(dictionary(hybrid(9,64,sliding_window_short(8,4)),continued_fractions(binary)))": 447,
	"opt(dictionary(hybrid(9,64,sliding_window_short(8,4)),continued_fractions(co_binary)))": 447,
	"opt(dictionary(hybrid(9,64,sliding_window_short(8,4)),continued_fractions(dichotomic)))": 439,
	"opt(dictionary(hybrid(9,64,sliding_window_short(8,4)),heuristic(use_first(halving,approximation))))": 435,
	"opt(dictionary(hybrid(9,64,sliding_window_short(8,4)),heuristic(use_first(halving,delta_largest))))": 477,
	"opt(dictionary(hybrid(9,64,sliding_window_short_rtl(8,4)),continued_fractions(binary)))": 457,
	"opt(dictionary(hybrid(9,64,sliding_window_short_rtl(8,4)),continued_fractions(co_binary)))": 457,
	"opt(dictionary(hybrid(9,64,sliding_window_short_rtl(8,4)),continued_fractions(dichotomic)))": 443,
	"opt(dictionary(hybrid(9,64,sliding_window_short_rtl(8,4)),heuristic(use_first(halving,approximation))))": 437,
	"opt(dictionary(hybrid(9,64,sliding_window_short_rtl(8,4)),heuristic(use_first(halving,delta_largest))))": 477,
	"opt(dictionary(run_length(0),continued_fractions(binary)))": 475,
	"opt(dictionary(run_length(0),continued_fractions(co_binary)))": 475,
	"opt(dictionary(run_length(0),continued_fractions(dichotomic)))": 445,
	"opt(dictionary(run_length(0),heuristic(use_first(halving,approximation))))": 475,
	"opt(dictionary(run_length(0),heuristic(use_first(halving,delta_largest))))": 622,
	"opt(dictionary(run_length(128),continued_fractions(binary)))": 452,
	"opt(dictionary(run_length(128),continued_fractions(co_binary)))": 452,
	"opt(dictionary(run_length(128),continued_fractions(dichotomic)))": 445,
	"opt(dictionary(run_length(128),heuristic(use_first(halving,approximation))))": 452,
	"opt(dictionary(run_length(128),heuristic(use_first(halving,delta_largest))))": 492,
	"opt(dictionary(run_length(16),continued_fractions(binary)))": 452,
	"opt(dictionary(run_length(16),continued_fractions(co_binary)))": 452,
	"opt(dictionary(run_length(16),continued_fractions(dichotomic)))": 452,
	"opt(dictionary(run_length(16),heuristic(use_first(halving,approximation))))": 452,
	"opt(dictionary(run_length(16),heuristic(use_first(halving,delta_largest))))": 455,
	"opt(dictionary(run_length(32),continued_fractions(binary)))": 449,
	"opt(dictionary(run_length(32),continued_fractions(co_binary)))": 449,
	"opt(dictionary(run_length(32),continued_fractions(dichotomic)))": 447,
	"opt(dictionary(run_length(32),heuristic(use_first(halving,approximation))))": 449,
	"opt(dictionary(run_length(32),heuristic(use_first(halving,delta_largest))))": 465,
	"opt(dictionary(run_length(64),continued_fractions(binary)))": 452,
	"opt(dictionary(run_length(64),continued_fractions(co_binary)))": 452,
	"opt(dictionary(run_length(64),continued_fractions(dichotomic)))": 445,
	"opt(dictionary(run_length(64),heuristic(use_first(halving,approximation))))": 452,
	"opt(dictionary(run_length(64),heuristic(use_first(halving,delta_largest))))": 495,
	"opt(dictionary(sliding_window(128),continued_fractions(binary)))": 477,
	"opt(dictionary(sliding_window(128),continued_fractions(co_binary)))": 477,
	"opt(dictionary(sliding_window(128),continued_fractions(dichotomic)))": 476,
	"opt(dictionary(sliding_window(128),heuristic(use_first(halving,approximation))))": 474,
	"opt(dictionary(sliding_window(128),heuristic(use_first(halving,delta_largest))))": 473,
	"opt(dictionary(sliding_window(16),continued_fractions(binary)))": 443,
	"opt(dictionary(sliding_window(16),continued_fractions(co_binary)))": 443,
	"opt(dictionary(sliding_window(16),continued_fractions(dichotomic)))": 443,
	"opt(dictionary(sliding_window(16),heuristic(use_first(halving,approximation))))": 445,
	"opt(dictionary(sliding_window(16),heuristic(use_first(halving,delta_largest))))": 443,
	"opt(dictionary(sliding_window(32),continued_fractions(binary)))": 446,
	"opt(dictionary(sliding_window(32),continued_fractions(co_binary)))": 446,
	"opt(dictionary(sliding_window(32),continued_fractions(dichotomic)))": 446,
	"opt(dictionary(sliding_window(32),heuristic(use_first(halving,approximation))))": 450,
	"opt(dictionary(sliding_window(32),heuristic(use_first(halving,delta_largest))))": 445,
	"opt(dictionary(sliding_window(4),continued_fractions(binary)))": 474,
	"opt(dictionary(sliding_window(4),continued_fractions(co_binary)))": 474,
	"opt(dictionary(sliding_window(4),continued_fractions(dichotomic)))": 474,
	"opt(dictionary(sliding_window(4),heuristic(use_first(halving,approximation))))": 474,
	"opt(dictionary(sliding_window(4),heuristic(use_first(halving,delta_largest))))": 474,
	"opt(dictionary(sliding_window(64),continued_fractions(binary)))": 450,
	"opt(dictionary(sliding_window(64),continued_fractions(co_binary)))": 450,
	"opt(dictionary(sliding_window(64),continued_fractions(dichotomic)))": 450,
	"opt(dictionary(sliding_window(64),heuristic(use_first(halving,approximation))))": 453,
	"opt(dictionary(sliding_window(64),heuristic(use_first(halving,delta_largest))))": 455,
	"opt(dictionary(sliding_window(8),continued_fractions(binary)))": 450,
	"opt(dictionary(sliding_window(8),continued_fractions(co_binary)))": 450,
	"opt(dictionary(sliding_window(8),continued_fractions(dichotomic)))": 450,
	"opt(dictionary(sliding_window(8),heuristic(use_first(halving,approximation))))": 452,
	"opt(dictionary(sliding_window(8),heuristic(use_first(halving,delta_largest))))": 450,
	"opt(dictionary(sliding_window_rtl(128),continued_fractions(binary)))": 477,
	"opt(dictionary(sliding_window_rtl(128),continued_fractions(co_binary)))": 477,
	"opt(dictionary(sliding_window_rtl(128),continued_fractions(dichotomic)))": 476,
	"opt(dictionary(sliding_window_rtl(128),heuristic(use_first(halving,approximation))))": 474,
	"opt(dictionary(sliding_window_rtl(128),heuristic(use_first(halving,delta_largest))))": 473,
	"opt(dictionary(sliding_window_rtl(16),continued_fractions(binary)))": 451,
	"opt(dictionary(sliding_window_rtl(16),continued_fractions(co_binary)))": 451,
	"opt(dictionary(sliding_window_rtl(16),continued_fractions(dichotomic)))": 451,
	"opt(dictionary(sliding_window_rtl(16),heuristic(use_first(halving,approximation))))": 455,
	"opt(dictionary(sliding_window_rtl(16),heuristic(use_first(halving,delta_largest))))": 453,
	"opt(dictionary(sliding_window_rtl(32),continued_fractions(binary)))": 458,
	"opt(dictionary(sliding_window_rtl(32),continued_fractions(co_binary)))": 458,
	"opt(dictionary(sliding_window_rtl(32),continued_fractions(dichotomic)))": 458,
	"opt(dictionary(sliding_window_rtl(32),heuristic(use_first(halving,approximation))))": 460,
	"opt(dictionary(sliding_window_rtl(32),heuristic(use_first(halving,delta_largest))))": 454,
	"opt(dictionary(sliding_window_rtl(4),continued_fractions(binary)))": 474,
	"opt(dictionary(sliding_window_rtl(4),continued_fractions(co_binary)))": 474,
	"opt(dictionary(sliding_window_rtl(4),continued_fractions(dichotomic)))": 474,
	"opt(dictionary(sliding_window_rtl(4),heuristic(use_first(halving,approximation))))": 474,
	"opt(dictionary(sliding_window_rtl(4),heuristic(use_first(halving,delta_largest))))": 474,
	"opt(dictionary(sliding_window_rtl(64),continued_fractions(binary)))": 458,
	"opt(dictionary(sliding_window_rtl(64),continued_fractions(co_binary)))": 458,
	"opt(dictionary(sliding_window_rtl(64),continued_fractions(dichotomic)))": 458,
	"opt(dictionary(sliding_window_rtl(64),heuristic(use_first(halving,approximation))))": 463,
	"opt(dictionary(sliding_window_rtl(64),heuristic(use_first(halving,delta_largest))))": 458,
	"opt(dictionary(sliding_window_rtl(8),continued_fractions(binary)))": 455,
	"opt(dictionary(sliding_window_rtl(8),continued_fractions(co_binary)))": 455,
	"opt(dictionary(sliding_window_rtl(8),continued_fractions(dichotomic)))": 455,
	"opt(dictionary(sliding_window_rtl(8),heuristic(use_first(halving,approximation))))": 456,
	"opt(dictionary(sliding_window_rtl(8),heuristic(use_first(halving,delta_largest))))": 455,
	"opt(dictionary(sliding_window_short(128,0),continued_fractions(binary)))": 477,
	"opt(dictionary(sliding_window_short(128,0),continued_fractions(co_binary)))": 477,
	"opt(dictionary(sliding_window_short(128,0),continued_fractions(dichotomic)))": 476,
	"opt(dictionary(sliding_window_short(128,0),heuristic(use_first(halving,approximation))))": 474,
	"opt(dictionary(sliding_window_short(128,0),heuristic(use_first(halving,delta_largest))))": 473,
	"opt(dictionary(sliding_window_short(128,64),continued_fractions(binary)))": 479,
	"opt(dictionary(sliding_window_short(128,64),continued_fractions(co_binary)))": 479,
	"opt(dictionary(sliding_window_short(128,64),continued_fractions(dichotomic)))": 479,
	"opt(dictionary(sliding_window_short(128,64),heuristic(use_first(halving,approximation))))": 471,
	"opt(dictionary(sliding_window_short(128,64),heuristic(use_first(halving,delta_largest))))": 471,
	"opt(dictionary(sliding_window_short(16,0),continued_fractions(binary)))": 443,
	"opt(dictionary(sliding_window_short(16,0),continued_fractions(co_binary)))": 443,
	"opt(dictionary(sliding_window_short(16,0),continued_fractions(dichotomic)))": 443,
	"opt(dictionary(sliding_window_short(16,0),heuristic(use_first(halving,approximation))))": 442,
	"opt(dictionary(sliding_window_short(16,0),heuristic(use_first(halving,delta_largest))))": 441,
	"opt(dictionary(sliding_window_short(16,8),continued_fractions(binary)))": 443,
	"opt(dictionary(sliding_window_short(16,8),continued_fractions(co_binary)))": 443,
	"opt(dictionary(sliding_window_short(16,8),continued_fractions(dichotomic)))": 443,
	"opt(dictionary(sliding_window_short(16,8),heuristic(use_first(halving,approximation))))": 443,
	"opt(dictionary(sliding_window_short(16,8),heuristic(use_first(halving,delta_largest))))": 443,
	"opt(dictionary(sliding_window_short(32,0),continued_fractions(binary)))": 443,
	"opt(dictionary(sliding_window_short(32,0),continued_fractions(co_binary)))": 443,
	"opt(dictionary(sliding_window_short(32,0),continued_fractions(dichotomic)))": 443,
	"opt(dictionary(sliding_window_short(32,0),heuristic(use_first(halving,approximation))))": 448,
	"opt(dictionary(sliding_window_short(32,0),heuristic(use_first(halving,delta_largest))))": 443,
	"opt(dictionary(sliding_window_short(32,16),continued_fractions(binary)))": 443,
	"opt(dictionary(sliding_window_short(32,16),continued_fractions(co_binary)))": 443,
	"opt(dictionary(sliding_window_short(32,16),continued_fractions(dichotomic)))": 443,
	"opt(dictionary(sliding_window_short(32,16),heuristic(use_first(halving,approximation))))": 448,
	"opt(dictionary(sliding_window_short(32,16),heuristic(use_first(halving,delta_largest))))": 444,
	"opt(dictionary(sliding_window_short(4,0),continued_fractions(binary)))": 476,
	"opt(dictionary(sliding_window_short(4,0),continued_fractions(co_binary)))": 476,
	"opt(dictionary(sliding_window_short(4,0),continued_fractions(dichotomic)))": 476,
	"opt(dictionary(sliding_window_short(4,0),heuristic(use_first(halving,approximation))))": 476,
	"opt(dictionary(sliding_window_short(4,0),heuristic(use_first(halving,delta_largest))))": 476,
	"opt(dictionary(sliding_window_short(4,2),continued_fractions(binary)))": 476,
	"opt(dictionary(sliding_window_short(4,2),continued_fractions(co_binary)))": 476,
	"opt(dictionary(sliding_window_short(4,2),continued_fractions(dichotomic)))": 476,
	"opt(dictionary(sliding_window_short(4,2),heuristic(use_first(halving,approximation))))": 476,
	"opt(dictionary(sliding_window_short(4,2),heuristic(use_first(halving,delta_largest))))": 476,
	"opt(dictionary(sliding_window_short(64,0),continued_fractions(binary)))": 452,
	"opt(dictionary(sliding_window_short(64,0),continued_fractions(co_binary)))": 452,
	"opt(dictionary(sliding_window_short(64,0),continued_fractions(dichotomic)))": 452,
	"opt(dictionary(sliding_window_short(64,0),heuristic(use_first(halving,approximation))))": 459,
	"opt(dictionary(sliding_window_short(64,0),heuristic(use_first(halving,delta_largest))))": 450,
	"opt(dictionary(sliding_window_short(64,32),continued_fractions(binary)))": 450,
	"opt(dictionary(sliding_window_short(64,32),continued_fractions(co_binary)))": 450,
	"opt(dictionary(sliding_window_short(64,32),continued_fractions(dichotomic)))": 450,
	"opt(dictionary(sliding_window_short(64,32),heuristic(use_first(halving,approximation))))": 455,
	"opt(dictionary(sliding_window_short(64,32),heuristic(use_first(halving,delta_largest))))": 458,
	"opt(dictionary(sliding_window_short(8,0),continued_fractions(binary)))": 451,
	"opt(dictionary(sliding_window_short(8,0),continued_fractions(co_binary)))": 451,
	"opt(dictionary(sliding_window_short(8,0),continued_fractions(dichotomic)))": 451,
	"opt(dictionary(sliding_window_short(8,0),heuristic(use_first(halving,approximation))))": 449,
	"opt(dictionary(sliding_window_short(8,0),heuristic(use_first(halving,delta_largest))))": 451,
	"opt(dictionary(sliding_window_short(8,4),continued_fractions(binary)))": 451,
	"opt(dictionary(sliding_window_short(8,4),continued_fractions(co_binary)))": 451,
	"opt(dictionary(sliding_window_short(8,4),continued_fractions(dichotomic)))": 451,
	"opt(dictionary(sliding_window_short(8,4),heuristic(use_first(halving,approximation))))": 449,
	"opt(dictionary(sliding_window_short(8,4),heuristic(use_first(halving,delta_largest))))": 451,
	"opt(dictionary(sliding_window_short_rtl(128,64),continued_fractions(binary)))": 535,
	"opt(dictionary(sliding_window_short_rtl(128,64),continued_fractions(co_binary)))": 545,
	"opt(dictionary(sliding_window_short_rtl(128,64),continued_fractions(dichotomic)))": 537,
	"opt(dictionary(sliding_window_short_rtl(128,64),heuristic(use_first(halving,approximation))))": 543,
	"opt(dictionary(sliding_window_short_rtl(128,64),heuristic(use_first(halving,delta_largest))))": 536,
	"opt(dictionary(sliding_window_short_rtl(16,8),continued_fractions(binary)))": 451,
	"opt(dictionary(sliding_window_short_rtl(16,8),continued_fractions(co_binary)))": 451,
	"opt(dictionary(sliding_window_short_rtl(16,8),continued_fractions(dichotomic)))": 451,
	"opt(dictionary(sliding_window_short_rtl(16,8),heuristic(use_first(halving,approximation))))": 455,
	"opt(dictionary(sliding_window_short_rtl(16,8),heuristic(use_first(halving,delta_largest))))": 453,
	"opt(dictionary(sliding_window_short_rtl(32,16),continued_fractions(binary)))": 466,
	"opt(dictionary(sliding_window_short_rtl(32,16),continued_fractions(co_binary)))": 466,
	"opt(dictionary(sliding_window_short_rtl(32,16),continued_fractions(dichotomic)))": 466,
	"opt(dictionary(sliding_window_short_rtl(32,16),heuristic(use_first(halving,approximation))))": 472,
	"opt(dictionary(sliding_window_short_rtl(32,16),heuristic(use_first(halving,delta_largest))))": 470,
	"opt(dictionary(sliding_window_short_rtl(4,2),continued_fractions(binary)))": 477,
	"opt(dictionary(sliding_window_short_rtl(4,2),continued_fractions(co_binary)))": 477,
	"opt(dictionary(sliding_window_short_rtl(4,2),continued_fractions(dichotomic)))": 477,
	"opt(dictionary(sliding_window_short_rtl(4,2),heuristic(use_first(halving,approximation))))": 477,
	"opt(dictionary(sliding_window_short_rtl(4,2),heuristic(use_first(halving,delta_largest))))": 477,
	"opt(dictionary(sliding_window_short_rtl(64,32),continued_fractions(binary)))": 509,
	"opt(dictionary(sliding_window_short_rtl(64,32),continued_fractions(co_binary)))": 509,
	"opt(dictionary(sliding_window_short_rtl(64,32),continued_fractions(dichotomic)))": 509,
	"opt(dictionary(sliding_window_short_rtl(64,32),heuristic(use_first(halving,approximation))))": 513,
	"opt(dictionary(sliding_window_short_rtl(64,32),heuristic(use_first(halving,delta_largest))))": 507,
	"opt(dictionary(sliding_window_short_rtl(8,4),continued_fractions(binary)))": 452,
	"opt(dictionary(sliding_window_short_rtl(8,4),continued_fractions(co_binary)))": 452,
	"opt(dictionary(sliding_window_short_rtl(8,4),continued_fractions(dichotomic)))": 452,
	"opt(dictionary(sliding_window_short_rtl(8,4),heuristic(use_first(halving,approximation))))": 452,
	"opt(dictionary(sliding_window_short_rtl(8,4),heuristic(use_first(halving,delta_largest))))": 452,
	"opt(runs(continued_fractions(binary)))": 445,
	"opt(runs(continued_fractions(co_binary)))": 445,
	"opt(runs(continued_fractions(dichotomic)))": 445,
	"opt(runs(heuristic(use_first(halving,approximation))))": 444,
	"opt(runs(heuristic(use_first(halving,delta_largest))))": 444
}