{
	"opt(dictionary(hybrid(2,0),continued_fractions(binary)))": 423,
	"opt(dictionary(hybrid(2,0),continued_fractions(co_binary)))": 423,
	"opt(dictionary(hybrid(2,0),continued_fractions(dichotomic)))": 399,
	"opt(dictionary(hybrid(2,0),heuristic(use_first(halving,approximation))))": 409,
	"opt(dictionary(hybrid(2,0),heuristic(use_first(halving,delta_largest))))": 605,
	"opt(dictionary(hybrid(2,16),continued_fractions(binary)))": 417,
	"opt(dictionary(hybrid(2,16),continued_fractions(co_binary)))": 417,
	"opt(dictionary(hybrid(2,16),continued_fractions(dichotomic)))": 409,
	"opt(dictionary(hybrid(2,16),heuristic(use_first(halving,approximation))))": 411,
	"opt(dictionary(hybrid(2,16),heuristic(use_first(halving,delta_largest))))": 414,
	"opt(dictionary(hybrid(2,32),continued_fractions(binary)))": 423,
	"opt(dictionary(hybrid(2,32),continued_fractions(co_binary)))": 423,
	"opt(dictionary(hybrid(2,32),continued_fractions(dichotomic)))": 401,
	"opt(dictionary(hybrid(2,32),heuristic(use_first(halving,approximation))))": 409,
	"opt(dictionary(hybrid(2,32),heuristic(use_first(halving,delta_largest))))": 420,
	"opt(dictionary(hybrid(2,64),continued_fractions(binary)))": 421,
	"opt(dictionary(hybrid(2,64),continued_fractions(co_binary)))": 421,
	"opt(dictionary(hybrid(2,64),continued_fractions(dichotomic)))": 399,
	"opt(dictionary(hybrid(2,64),heuristic(use_first(halving,approximation))))": 407,
	"opt(dictionary(hybrid(2,64),heuristic(use_first(halving,delta_largest))))": 418,
	"opt(dictionary(hybrid(3,0),continued_fractions(binary)))": 423,
	"opt(dictionary(hybrid(3,0),continued_fractions(co_binary)))": 423,
	"opt(dictionary(hybrid(3,0),continued_fractions(dichotomic)))": 399,
	"opt(dictionary(hybrid(3,0),heuristic(use_first(halving,approximation))))": 409,
	"opt(dictionary(hybrid(3,0),heuristic(use_first(halving,delta_largest))))": 605,
	"opt(dictionary(hybrid(3,16),continued_fractions(binary)))": 417,
	"opt(dictionary(hybrid(3,16),continued_fractions(co_binary)))": 417,
	"opt(dictionary(hybrid(3,16),continued_fractions(dichotomic)))": 409,
	"opt(dictionary(hybrid(3,16),heuristic(use_first(halving,approximation))))": 411,
	"opt(dictionary(hybrid(3,16),heuristic(use_first(halving,delta_largest))))": 414,
	"opt(dictionary(hybrid(3,32),continued_fractions(binary)))": 423,
	"opt(dictionary(hybrid(3,32),continued_fractions(co_binary)))": 423,
	"opt(dictionary(hybrid(3,32),continued_fractions(dichotomic)))": 401,
	"opt(dictionary(hybrid(3,32),heuristic(use_first(halving,approximation))))": 409,
	"opt(dictionary(hybrid(3,32),heuristic(use_first(halving,delta_largest))))": 420,
	"opt(dictionary(hybrid(3,64),continued_fractions(binary)))": 421,
	"opt(dictionary(hybrid(3,64),continued_fractions(co_binary)))": 421,
	"opt(dictionary(hybrid(3,64),continued_fractions(dichotomic)))": 399,
	"opt(dictionary(hybrid(3,64),heuristic(use_first(halving,approximation))))": 407,
	"opt(dictionary(hybrid(3,64),heuristic(use_first(halving,delta_largest))))": 418,
	"opt(dictionary(hybrid(4,0),continued_fractions(binary)))": 423,
	"opt(dictionary(hybrid(4,0),continued_fractions(co_binary)))": 423,
	"opt(dictionary(hybrid(4,0),continued_fractions(dichotomic)))": 399,
	"opt(dictionary(hybrid(4,0),heuristic(use_first(halving,approximation))))": 409,
	"opt(dictionary(hybrid(4,0),heuristic(use_first(halving,delta_largest))))": 605,
	"opt(dictionary(hybrid(4,16),continued_fractions(binary)))": 417,
	"opt(dictionary(hybrid(4,16),continued_fractions(co_binary)))": 417,
	"opt(dictionary(hybrid(4,16),continued_fractions(dichotomic)))": 409,
	"opt(dictionary(hybrid(4,16),heuristic(use_first(halving,approximation))))": 411,
	"opt(dictionary(hybrid(4,16),heuristic(use_first(halving,delta_largest))))": 414,
	"opt(dictionary(hybrid(4,32),continued_fractions(binary)))": 423,
	"opt(dictionary(hybrid(4,32),continued_fractions(co_binary)))": 423,
	"opt(dictionary(hybrid(4,32),continued_fractions(dichotomic)))": 401,
	"opt(dictionary(hybrid(4,32),heuristic(use_first(halving,approximation))))": 409,
	"opt(dictionary(hybrid(4,32),heuristic(use_first(halving,delta_largest))))": 420,
	"opt(dictionary(hybrid(4,64),continued_fractions(binary)))": 421,
	"opt(dictionary(hybrid(4,64),continued_fractions(co_binary)))": 421,
	"opt(dictionary(hybrid(4,64),continued_fractions(dichotomic)))": 399,
	"opt(dictionary(hybrid(4,64),heuristic(use_first(halving,approximation))))": 407,
	"opt(dictionary(hybrid(4,64),heuristic(use_first(halving,delta_largest))))": 418,
	"opt(dictionary(hybrid(5,0),continued_fractions(binary)))": 423,
	"opt(dictionary(hybrid(5,0),continued_fractions(co_binary)))": 423,
	"opt(dictionary(hybrid(5,0),continued_fractions(dichotomic)))": 399,
	"opt(dictionary(hybrid(5,0),heuristic(use_first(halving,approximation))))": 409,
	"opt(dictionary(hybrid(5,0),heuristic(use_first(halving,delta_largest))))": 605,
	"opt(dictionary(hybrid(5,16),continued_fractions(binary)))": 417,
	"opt(dictionary(hybrid(5,16),continued_fractions(co_binary)))": 417,
	"opt(dictionary(hybrid(5,16),continued_fractions(dichotomic)))": 409,
	"opt(dictionary(hybrid(5,16),heuristic(use_first(halving,approximation))))": 411,
	"opt(dictionary(hybrid(5,16),heuristic(use_first(halving,delta_largest))))": 414,
	"opt(dictionary(hybrid(5,32),continued_fractions(binary)))": 423,
	"opt(dictionary(hybrid(5,32),continued_fractions(co_binary)))": 423,
	"opt(dictionary(hybrid(5,32),continued_fractions(dichotomic)))": 401,
	"opt(dictionary(hybrid(5,32),heuristic(use_first(halving,approximation))))": 409,
	"opt(dictionary(hybrid(5,32),heuristic(use_first(halving,delta_largest))))": 420,
	"opt(dictionary(hybrid(5,64),continued_fractions(binary)))": 421,
	"opt(dictionary(hybrid(5,64),continued_fractions(co_binary)))": 421,
	"opt(dictionary(hybrid(5,64),continued_fractions(dichotomic)))": 399,
	"opt(dictionary(hybrid(5,64),heuristic(use_first(halving,approximation))))": 407,
	"opt(dictionary(hybrid(5,64),heuristic(use_first(halving,delta_largest))))": 418,
	"opt(dictionary(hybrid(6,0),continued_fractions(binary)))": 423,
	"opt(dictionary(hybrid(6,0),continued_fractions(co_binary)))": 423,
	"opt(dictionary(hybrid(6,0),continued_fractions(dichotomic)))": 399,
	"opt(dictionary(hybrid(6,0),heuristic(use_first(halving,approximation))))": 409,
	"opt(dictionary(hybrid(6,0),heuristic(use_first(halving,delta_largest))))": 605,
	"opt(dictionary(hybrid(6,16),continued_fractions(binary)))": 417,
	"opt(dictionary(hybrid(6,16),continued_fractions(co_binary)))": 417,
	"opt(dictionary(hybrid(6,16),continued_fractions(dichotomic)))": 409,
	"opt(dictionary(hybrid(6,16),heuristic(use_first(halving,approximation))))": 411,
	"opt(dictionary(hybrid(6,16),heuristic(use_first(halving,delta_largest))))": 414,
	"opt(dictionary(hybrid(6,32),continued_fractions(binary)))": 423,
	"opt(dictionary(hybrid(6,32),continued_fractions(co_binary)))": 423,
	"opt(dictionary(hybrid(6,32),continued_fractions(dichotomic)))": 401,
	"opt(dictionary(hybrid(6,32),heuristic(use_first(halving,approximation))))": 409,
	"opt(dictionary(hybrid(6,32),heuristic(use_first(halving,delta_largest))))": 420,
	"opt(dictionary(hybrid(6,64),continued_fractions(binary)))": 421,
	"opt(dictionary(hybrid(6,64),continued_fractions(co_binary)))": 421,
	"opt(dictionary(hybrid(6,64),continued_fractions(dichotomic)))": 399,
	"opt(dictionary(hybrid(6,64),heuristic(use_first(halving,approximation))))": 407,
	"opt(dictionary(hybrid(6,64),heuristic(use_first(halving,delta_largest))))": 418,
	"opt(dictionary(hybrid(7,0),continued_fractions(binary)))": 423,
	"opt(dictionary(hybrid(7,0),continued_fractions(co_binary)))": 423,
	"opt(dictionary(hybrid(7,0),continued_fractions(dichotomic)))": 399,
	"opt(dictionary(hybrid(7,0),heuristic(use_first(halving,approximation))))": 409,
	"opt(dictionary(hybrid(7,0),heuristic(use_first(halving,delta_largest))))": 605,
	"opt(dictionary(hybrid(7,16),continued_fractions(binary)))": 417,
	"opt(dictionary(hybrid(7,16),continued_fractions(co_binary)))": 417,
	"opt(dictionary(hybrid(7,16),continued_fractions(dichotomic)))": 409,
	"opt(dictionary(hybrid(7,16),heuristic(use_first(halving,approximation))))": 411,
	"opt(dictionary(hybrid(7,16),heuristic(use_first(halving,delta_largest))))": 414,
	"opt(dictionary(hybrid(7,32),continued_fractions(binary)))": 423,
	"opt(dictionary(hybrid(7,32),continued_fractions(co_binary)))": 423,
	"opt(dictionary(hybrid(7,32),continued_fractions(dichotomic)))": 401,
	"opt(dictionary(hybrid(7,32),heuristic(use_first(halving,approximation))))": 409,
	"opt(dictionary(hybrid(7,32),heuristic(use_first(halving,delta_largest))))": 420,
	"opt(dictionary(hybrid(7,64),continued_fractions(binary)))": 421,
	"opt(dictionary(hybrid(7,64),continued_fractions(co_binary)))": 421,
	"opt(dictionary(hybrid(7,64),continued_fractions(dichotomic)))": 399,
	"opt(dictionary(hybrid(7,64),heuristic(use_first(halving,approximation))))": 407,
	"opt(dictionary(hybrid(7,64),heuristic(use_first(halving,delta_largest))))": 418,
	"opt(dictionary(hybrid(8,0),continued_fractions(binary)))": 423,
	"opt(dictionary(hybrid(8,0),continued_fractions(co_binary)))": 423,
	"opt(dictionary(hybrid(8,0),continued_fractions(dichotomic)))": 399,
	"opt(dictionary(hybrid(8,0),heuristic(use_first(halving,approximation))))": 409,
	"opt(dictionary(hybrid(8,0),heuristic(use_first(halving,delta_largest))))": 605,
	"opt(dictionary(hybrid(8,16),continued_fractions(binary)))": 417,
	"opt(dictionary(hybrid(8,16),continued_fractions(co_binary)))": 417,
	"opt(dictionary(hybrid(8,16),continued_fractions(dichotomic)))": 409,
	"opt(dictionary(hybrid(8,16),heuristic(use_first(halving,approximation))))": 411,
	"opt(dictionary(hybrid(8,16),heuristic(use_first(halving,delta_largest))))": 414,
	"opt(dictionary(hybrid(8,32),continued_fractions(binary)))": 423,
	"opt(dictionary(hybrid(8,32),continued_fractions(co_binary)))": 423,
	"opt(dictionary(hybrid(8,32),continued_fractions(dichotomic)))": 401,
	"opt(dictionary(hybrid(8,32),heuristic(use_first(halving,approximation))))": 409,
	"opt(dictionary(hybrid(8,32),heuristic(use_first(halving,delta_largest))))": 420,
	"opt(dictionary(hybrid(8,64),continued_fractions(binary)))": 421,
	"opt(dictionary(hybrid(8,64),continued_fractions(co_binary)))": 421,
	"opt(dictionary(hybrid(8,64),continued_fractions(dichotomic)))": 399,
	"opt(dictionary(hybrid(8,64),heuristic(use_first(halving,approximation))))": 407,
	"opt(dictionary(hybrid(8,64),heuristic(use_first(halving,delta_largest))))": 418,
	"opt(dictionary(run_length(0),continued_fractions(binary)))": 423,
	"opt(dictionary(run_length(0),continued_fractions(co_binary)))": 423,
	"opt(dictionary(run_length(0),continued_fractions(dichotomic)))": 399,
	"opt(dictionary(run_length(0),heuristic(use_first(halving,approximation))))": 409,
	"opt(dictionary(run_length(0),heuristic(use_first(halving,delta_largest))))": 605,
	"opt(dictionary(run_length(128),continued_fractions(binary)))": 421,
	"opt(dictionary(run_length(128),continued_fractions(co_binary)))": 421,
	"opt(dictionary(run_length(128),continued_fractions(dichotomic)))": 399,
	"opt(dictionary(run_length(128),heuristic(use_first(halving,approximation))))": 407,
	"opt(dictionary(run_length(128),heuristic(use_first(halving,delta_largest))))": 479,
	"opt(dictionary(run_length(16),continued_fractions(binary)))": 417,
	"opt(dictionary(run_length(16),continued_fractions(co_binary)))": 417,
	"opt(dictionary(run_length(16),continued_fractions(dichotomic)))": 409,
	"opt(dictionary(run_length(16),heuristic(use_first(halving,approximation))))": 411,
	"opt(dictionary(run_length(16),heuristic(use_first(halving,delta_largest))))": 414,
	"opt(dictionary(run_length(32),continued_fractions(binary)))": 423,
	"opt(dictionary(run_length(32),continued_fractions(co_binary)))": 423,
	"opt(dictionary(run_length(32),continued_fractions(dichotomic)))": 401,
	"opt(dictionary(run_length(32),heuristic(use_first(halving,approximation))))": 409,
	"opt(dictionary(run_length(32),heuristic(use_first(halving,delta_largest))))": 420,
	"opt(dictionary(run_length(64),continued_fractions(binary)))": 421,
	"opt(dictionary(run_length(64),continued_fractions(co_binary)))": 421,
	"opt(dictionary(run_length(64),continued_fractions(dichotomic)))": 399,
	"opt(dictionary(run_length(64),heuristic(use_first(halving,approximation))))": 407,
	"opt(dictionary(run_length(64),heuristic(use_first(halving,delta_largest))))": 418,
	"opt(dictionary(sliding_window(128),continued_fractions(binary)))": 451,
	"opt(dictionary(sliding_window(128),continued_fractions(co_binary)))": 451,
	"opt(dictionary(sliding_window(128),continued_fractions(dichotomic)))": 419,
	"opt(dictionary(sliding_window(128),heuristic(use_first(halving,approximation))))": 406,
	"opt(dictionary(sliding_window(128),heuristic(use_first(halving,delta_largest))))": 421,
	"opt(dictionary(sliding_window(16),continued_fractions(binary)))": 417,
	"opt(dictionary(sliding_window(16),continued_fractions(co_binary)))": 417,
	"opt(dictionary(sliding_window(16),continued_fractions(dichotomic)))": 409,
	"opt(dictionary(sliding_window(16),heuristic(use_first(halving,approximation))))": 411,
	"opt(dictionary(sliding_window(16),heuristic(use_first(halving,delta_largest))))": 414,
	"opt(dictionary(sliding_window(32),continued_fractions(binary)))": 423,
	"opt(dictionary(sliding_window(32),continued_fractions(co_binary)))": 423,
	"opt(dictionary(sliding_window(32),continued_fractions(dichotomic)))": 401,
	"opt(dictionary(sliding_window(32),heuristic(use_first(halving,approximation))))": 409,
	"opt(dictionary(sliding_window(32),heuristic(use_first(halving,delta_largest))))": 420,
	"opt(dictionary(sliding_window(4),continued_fractions(binary)))": 465,
	"opt(dictionary(sliding_window(4),continued_fractions(co_binary)))": 465,
	"opt(dictionary(sliding_window(4),continued_fractions(dichotomic)))": 465,
	"opt(dictionary(sliding_window(4),heuristic(use_first(halving,approximation))))": 465,
	"opt(dictionary(sliding_window(4),heuristic(use_first(halving,delta_largest))))": 465,
	"opt(dictionary(sliding_window(64),continued_fractions(binary)))": 421,
	"opt(dictionary(sliding_window(64),continued_fractions(co_binary)))": 421,
	"opt(dictionary(sliding_window(64),continued_fractions(dichotomic)))": 399,
	"opt(dictionary(sliding_window(64),heuristic(use_first(halving,approximation))))": 407,
	"opt(dictionary(sliding_window(64),heuristic(use_first(halving,delta_largest))))": 418,
	"opt(dictionary(sliding_window(8),continued_fractions(binary)))": 429,
	"opt(dictionary(sliding_window(8),continued_fractions(co_binary)))": 429,
	"opt(dictionary(sliding_window(8),continued_fractions(dichotomic)))": 427,
	"opt(dictionary(sliding_window(8),heuristic(use_first(halving,approximation))))": 427,
	"opt(dictionary(sliding_window(8),heuristic(use_first(halving,delta_largest))))": 427,
	"opt(runs(continued_fractions(binary)))": 399,
	"opt(runs(continued_fractions(co_binary)))": 399,
	"opt(runs(continued_fractions(dichotomic)))": 399,
	"opt(runs(heuristic(use_first(halving,approximation))))": 397,
	"opt(runs(heuristic(use_first(halving,delta_largest))))": 397
}