{
	"opt(dictionary(hybrid(11,10,sliding_window_short(10,5)),continued_fractions(binary)))": 461,
	"opt(dictionary(hybrid(11,10,sliding_window_short(10,5)),continued_fractions(co_binary)))": 461,
	"opt(dictionary(hybrid(11,10,sliding_window_short(10,5)),continued_fractions(dichotomic)))": 461,
	"opt(dictionary(hybrid(11,10,sliding_window_short(10,5)),heuristic(use_first(halving,approximation))))": 460,
	"opt(dictionary(hybrid(11,10,sliding_window_short(10,5)),heuristic(use_first(halving,delta_largest))))": 461,
	"opt(dictionary(hybrid(11,12,sliding_window_short(10,5)),continued_fractions(binary)))": 454,
	"opt(dictionary(hybrid(11,12,sliding_window_short(10,5)),continued_fractions(co_binary)))": 454,
	"opt(dictionary(hybrid(11,12,sliding_window_short(10,5)),continued_fractions(dichotomic)))": 452,
	"opt(dictionary(hybrid(11,12,sliding_window_short(10,5)),heuristic(use_first(halving,approximation))))": 452,
	"opt(dictionary(hybrid(11,12,sliding_window_short(10,5)),heuristic(use_first(halving,delta_largest))))": 452,
	"opt(dictionary(hybrid(11,14,sliding_window_short(10,5)),continued_fractions(binary)))": 450,
	"opt(dictionary(hybrid(11,14,sliding_window_short(10,5)),continued_fractions(co_binary)))": 450,
	"opt(dictionary(hybrid(11,14,sliding_window_short(10,5)),continued_fractions(dichotomic)))": 450,
	"opt(dictionary(hybrid(11,14,sliding_window_short(10,5)),heuristic(use_first(halving,approximation))))": 449,
	"opt(dictionary(hybrid(11,14,sliding_window_short(10,5)),heuristic(use_first(halving,delta_largest))))": 449,
	"opt(dictionary(hybrid(11,16,sliding_window_short(10,5)),continued_fractions(binary)))": 446,
	"opt(dictionary(hybrid(11,16,sliding_window_short(10,5)),continued_fractions(co_binary)))": 446,
	"opt(dictionary(hybrid(11,16,sliding_window_short(10,5)),continued_fractions(dichotomic)))": 446,
	"opt(dictionary(hybrid(11,16,sliding_window_short(10,5)),heuristic(use_first(halving,approximation))))": 445,
	"opt(dictionary(hybrid(11,16,sliding_window_short(10,5)),heuristic(use_first(halving,delta_largest))))": 445,
	"opt(dictionary(hybrid(11,18,sliding_window_short(10,5)),continued_fractions(binary)))": 443,
	"opt(dictionary(hybrid(11,18,sliding_window_short(10,5)),continued_fractions(co_binary)))": 443,
	"opt(dictionary(hybrid(11,18,sliding_window_short(10,5)),continued_fractions(dichotomic)))": 443,
	"opt(dictionary(hybrid(11,18,sliding_window_short(10,5)),heuristic(use_first(halving,approximation))))": 443,
	"opt(dictionary(hybrid(11,18,sliding_window_short(10,5)),heuristic(use_first(halving,delta_largest))))": 445,
	"opt(dictionary(hybrid(11,20,sliding_window_short(10,5)),continued_fractions(binary)))": 443,
	"opt(dictionary(hybrid(11,20,sliding_window_short(10,5)),continued_fractions(co_binary)))": 443,
	"opt(dictionary(hybrid(11,20,sliding_window_short(10,5)),continued_fractions(dichotomic)))": 443,
	"opt(dictionary(hybrid(11,20,sliding_window_short(10,5)),heuristic(use_first(halving,approximation))))": 441,
	"opt(dictionary(hybrid(11,20,sliding_window_short(10,5)),heuristic(use_first(halving,delta_largest))))": 443,
	"opt(dictionary(hybrid(13,12,sliding_window_short(12,6)),continued_fractions(binary)))": 454,
	"opt(dictionary(hybrid(13,12,sliding_window_short(12,6)),continued_fractions(co_binary)))": 454,
	"opt(dictionary(hybrid(13,12,sliding_window_short(12,6)),continued_fractions(dichotomic)))": 452,
	"opt(dictionary(hybrid(13,12,sliding_window_short(12,6)),heuristic(use_first(halving,approximation))))": 452,
	"opt(dictionary(hybrid(13,12,sliding_window_short(12,6)),heuristic(use_first(halving,delta_largest))))": 452,
	"opt(dictionary(hybrid(13,14,sliding_window_short(12,6)),continued_fractions(binary)))": 450,
	"opt(dictionary(hybrid(13,14,sliding_window_short(12,6)),continued_fractions(co_binary)))": 450,
	"opt(dictionary(hybrid(13,14,sliding_window_short(12,6)),continued_fractions(dichotomic)))": 450,
	"opt(dictionary(hybrid(13,14,sliding_window_short(12,6)),heuristic(use_first(halving,approximation))))": 449,
	"opt(dictionary(hybrid(13,14,sliding_window_short(12,6)),heuristic(use_first(halving,delta_largest))))": 449,
	"opt(dictionary(hybrid(13,16,sliding_window_short(12,6)),continued_fractions(binary)))": 448,
	"opt(dictionary(hybrid(13,16,sliding_window_short(12,6)),continued_fractions(co_binary)))": 448,
	"opt(dictionary(hybrid(13,16,sliding_window_short(12,6)),continued_fractions(dichotomic)))": 447,
	"opt(dictionary(hybrid(13,16,sliding_window_short(12,6)),heuristic(use_first(halving,approximation))))": 446,
	"opt(dictionary(hybrid(13,16,sliding_window_short(12,6)),heuristic(use_first(halving,delta_largest))))": 449,
	"opt(dictionary(hybrid(13,18,sliding_window_short(12,6)),continued_fractions(binary)))": 443,
	"opt(dictionary(hybrid(13,18,sliding_window_short(12,6)),continued_fractions(co_binary)))": 443,
	"opt(dictionary(hybrid(13,18,sliding_window_short(12,6)),continued_fractions(dichotomic)))": 443,
	"opt(dictionary(hybrid(13,18,sliding_window_short(12,6)),heuristic(use_first(halving,approximation))))": 443,
	"opt(dictionary(hybrid(13,18,sliding_window_short(12,6)),heuristic(use_first(halving,delta_largest))))": 445,
	"opt(dictionary(hybrid(13,20,sliding_window_short(12,6)),continued_fractions(binary)))": 442,
	"opt(dictionary(hybrid(13,20,sliding_window_short(12,6)),continued_fractions(co_binary)))": 442,
	"opt(dictionary(hybrid(13,20,sliding_window_short(12,6)),continued_fractions(dichotomic)))": 442,
	"opt(dictionary(hybrid(13,20,sliding_window_short(12,6)),heuristic(use_first(halving,approximation))))": 441,
	"opt(dictionary(hybrid(13,20,sliding_window_short(12,6)),heuristic(use_first(halving,delta_largest))))": 441,
	"opt(dictionary(hybrid(13,22,sliding_window_short(12,6)),continued_fractions(binary)))": 439,
	"opt(dictionary(hybrid(13,22,sliding_window_short(12,6)),continued_fractions(co_binary)))": 439,
	"opt(dictionary(hybrid(13,22,sliding_window_short(12,6)),continued_fractions(dichotomic)))": 439,
	"opt(dictionary(hybrid(13,22,sliding_window_short(12,6)),heuristic(use_first(halving,approximation))))": 439,
	"opt(dictionary(hybrid(13,22,sliding_window_short(12,6)),heuristic(use_first(halving,delta_largest))))": 440,
	"opt(dictionary(hybrid(15,14,sliding_window_short(14,7)),continued_fractions(binary)))": 450,
	"opt(dictionary(hybrid(15,14,sliding_window_short(14,7)),continued_fractions(co_binary)))": 450,
	"opt(dictionary(hybrid(15,14,sliding_window_short(14,7)),continued_fractions(dichotomic)))": 450,
	"opt(dictionary(hybrid(15,14,sliding_window_short(14,7)),heuristic(use_first(halving,approximation))))": 449,
	"opt(dictionary(hybrid(15,14,sliding_window_short(14,7)),heuristic(use_first(halving,delta_largest))))": 449,
	"opt(dictionary(hybrid(15,16,sliding_window_short(14,7)),continued_fractions(binary)))": 447,
	"opt(dictionary(hybrid(15,16,sliding_window_short(14,7)),continued_fractions(co_binary)))": 447,
	"opt(dictionary(hybrid(15,16,sliding_window_short(14,7)),continued_fractions(dichotomic)))": 446,
	"opt(dictionary(hybrid(15,16,sliding_window_short(14,7)),heuristic(use_first(halving,approximation))))": 449,
	"opt(dictionary(hybrid(15,16,sliding_window_short(14,7)),heuristic(use_first(halving,delta_largest))))": 449,
	"opt(dictionary(hybrid(15,18,sliding_window_short(14,7)),continued_fractions(binary)))": 443,
	"opt(dictionary(hybrid(15,18,sliding_window_short(14,7)),continued_fractions(co_binary)))": 443,
	"opt(dictionary(hybrid(15,18,sliding_window_short(14,7)),continued_fractions(dichotomic)))": 443,
	"opt(dictionary(hybrid(15,18,sliding_window_short(14,7)),heuristic(use_first(halving,approximation))))": 443,
	"opt(dictionary(hybrid(15,18,sliding_window_short(14,7)),heuristic(use_first(halving,delta_largest))))": 445,
	"opt(dictionary(hybrid(15,20,sliding_window_short(14,7)),continued_fractions(binary)))": 443,
	"opt(dictionary(hybrid(15,20,sliding_window_short(14,7)),continued_fractions(co_binary)))": 443,
	"opt(dictionary(hybrid(15,20,sliding_window_short(14,7)),continued_fractions(dichotomic)))": 442,
	"opt(dictionary(hybrid(15,20,sliding_window_short(14,7)),heuristic(use_first(halving,approximation))))": 443,
	"opt(dictionary(hybrid(15,20,sliding_window_short(14,7)),heuristic(use_first(halving,delta_largest))))": 443,
	"opt(dictionary(hybrid(15,22,sliding_window_short(14,7)),continued_fractions(binary)))": 439,
	"opt(dictionary(hybrid(15,22,sliding_window_short(14,7)),continued_fractions(co_binary)))": 439,
	"opt(dictionary(hybrid(15,22,sliding_window_short(14,7)),continued_fractions(dichotomic)))": 439,
	"opt(dictionary(hybrid(15,22,sliding_window_short(14,7)),heuristic(use_first(halving,approximation))))": 439,
	"opt(dictionary(hybrid(15,22,sliding_window_short(14,7)),heuristic(use_first(halving,delta_largest))))": 440,
	"opt(dictionary(hybrid(15,24,sliding_window_short(14,7)),continued_fractions(binary)))": 442,
	"opt(dictionary(hybrid(15,24,sliding_window_short(14,7)),continued_fractions(co_binary)))": 442,
	"opt(dictionary(hybrid(15,24,sliding_window_short(14,7)),continued_fractions(dichotomic)))": 436,
	"opt(dictionary(hybrid(15,24,sliding_window_short(14,7)),heuristic(use_first(halving,approximation))))": 437,
	"opt(dictionary(hybrid(15,24,sliding_window_short(14,7)),heuristic(use_first(halving,delta_largest))))": 445,
	"opt(dictionary(hybrid(17,16,sliding_window_short(16,8)),continued_fractions(binary)))": 447,
	"opt(dictionary(hybrid(17,16,sliding_window_short(16,8)),continued_fractions(co_binary)))": 447,
	"opt(dictionary(hybrid(17,16,sliding_window_short(16,8)),continued_fractions(dichotomic)))": 446,
	"opt(dictionary(hybrid(17,16,sliding_window_short(16,8)),heuristic(use_first(halving,approximation))))": 449,
	"opt(dictionary(hybrid(17,16,sliding_window_short(16,8)),heuristic(use_first(halving,delta_largest))))": 449,
	"opt(dictionary(hybrid(17,18,sliding_window_short(16,8)),continued_fractions(binary)))": 446,
	"opt(dictionary(hybrid(17,18,sliding_window_short(16,8)),continued_fractions(co_binary)))": 446,
	"opt(dictionary(hybrid(17,18,sliding_window_short(16,8)),continued_fractions(dichotomic)))": 444,
	"opt(dictionary(hybrid(17,18,sliding_window_short(16,8)),heuristic(use_first(halving,approximation))))": 445,
	"opt(dictionary(hybrid(17,18,sliding_window_short(16,8)),heuristic(use_first(halving,delta_largest))))": 451,
	"opt(dictionary(hybrid(17,20,sliding_window_short(16,8)),continued_fractions(binary)))": 443,
	"opt(dictionary(hybrid(17,20,sliding_window_short(16,8)),continued_fractions(co_binary)))": 443,
	"opt(dictionary(hybrid(17,20,sliding_window_short(16,8)),continued_fractions(dichotomic)))": 442,
	"opt(dictionary(hybrid(17,20,sliding_window_short(16,8)),heuristic(use_first(halving,approximation))))": 443,
	"opt(dictionary(hybrid(17,20,sliding_window_short(16,8)),heuristic(use_first(halving,delta_largest))))": 443,
	"opt(dictionary(hybrid(17,22,sliding_window_short(16,8)),continued_fractions(binary)))": 442,
	"opt(dictionary(hybrid(17,22,sliding_window_short(16,8)),continued_fractions(co_binary)))": 442,
	"opt(dictionary(hybrid(17,22,sliding_window_short(16,8)),continued_fractions(dichotomic)))": 441,
	"opt(dictionary(hybrid(17,22,sliding_window_short(16,8)),heuristic(use_first(halving,approximation))))": 441,
	"opt(dictionary(hybrid(17,22,sliding_window_short(16,8)),heuristic(use_first(halving,delta_largest))))": 443,
	"opt(dictionary(hybrid(17,24,sliding_window_short(16,8)),continued_fractions(binary)))": 442,
	"opt(dictionary(hybrid(17,24,sliding_window_short(16,8)),continued_fractions(co_binary)))": 442,
	"opt(dictionary(hybrid(17,24,sliding_window_short(16,8)),continued_fractions(dichotomic)))": 436,
	"opt(dictionary(hybrid(17,24,sliding_window_short(16,8)),heuristic(use_first(halving,approximation))))": 437,
	"opt(dictionary(hybrid(17,24,sliding_window_short(16,8)),heuristic(use_first(halving,delta_largest))))": 445,
	"opt(dictionary(hybrid(17,26,sliding_window_short(16,8)),continued_fractions(binary)))": 436,
	"opt(dictionary(hybrid(17,26,sliding_window_short(16,8)),continued_fractions(co_binary)))": 436,
	"opt(dictionary(hybrid(17,26,sliding_window_short(16,8)),continued_fractions(dichotomic)))": 436,
	"opt(dictionary(hybrid(17,26,sliding_window_short(16,8)),heuristic(use_first(halving,approximation))))": 437,
	"opt(dictionary(hybrid(17,26,sliding_window_short(16,8)),heuristic(use_first(halving,delta_largest))))": 441,
	"opt(dictionary(hybrid(19,18,sliding_window_short(18,9)),continued_fractions(binary)))": 444,
	"opt(dictionary(hybrid(19,18,sliding_window_short(18,9)),continued_fractions(co_binary)))": 444,
	"opt(dictionary(hybrid(19,18,sliding_window_short(18,9)),continued_fractions(dichotomic)))": 444,
	"opt(dictionary(hybrid(19,18,sliding_window_short(18,9)),heuristic(use_first(halving,approximation))))": 445,
	"opt(dictionary(hybrid(19,18,sliding_window_short(18,9)),heuristic(use_first(halving,delta_largest))))": 449,
	"opt(dictionary(hybrid(19,20,sliding_window_short(18,9)),continued_fractions(binary)))": 443,
	"opt(dictionary(hybrid(19,20,sliding_window_short(18,9)),continued_fractions(co_binary)))": 443,
	"opt(dictionary(hybrid(19,20,sliding_window_short(18,9)),continued_fractions(dichotomic)))": 442,
	"opt(dictionary(hybrid(19,20,sliding_window_short(18,9)),heuristic(use_first(halving,approximation))))": 443,
	"opt(dictionary(hybrid(19,20,sliding_window_short(18,9)),heuristic(use_first(halving,delta_largest))))": 443,
	"opt(dictionary(hybrid(19,22,sliding_window_short(18,9)),continued_fractions(binary)))": 440,
	"opt(dictionary(hybrid(19,22,sliding_window_short(18,9)),continued_fractions(co_binary)))": 440,
	"opt(dictionary(hybrid(19,22,sliding_window_short(18,9)),continued_fractions(dichotomic)))": 439,
	"opt(dictionary(hybrid(19,22,sliding_window_short(18,9)),heuristic(use_first(halving,approximation))))": 443,
	"opt(dictionary(hybrid(19,22,sliding_window_short(18,9)),heuristic(use_first(halving,delta_largest))))": 447,
	"opt(dictionary(hybrid(19,24,sliding_window_short(18,9)),continued_fractions(binary)))": 442,
	"opt(dictionary(hybrid(19,24,sliding_window_short(18,9)),continued_fractions(co_binary)))": 442,
	"opt(dictionary(hybrid(19,24,sliding_window_short(18,9)),continued_fractions(dichotomic)))": 436,
	"opt(dictionary(hybrid(19,24,sliding_window_short(18,9)),heuristic(use_first(halving,approximation))))": 437,
	"opt(dictionary(hybrid(19,24,sliding_window_short(18,9)),heuristic(use_first(halving,delta_largest))))": 445,
	"opt(dictionary(hybrid(19,26,sliding_window_short(18,9)),continued_fractions(binary)))": 436,
	"opt(dictionary(hybrid(19,26,sliding_window_short(18,9)),continued_fractions(co_binary)))": 436,
	"opt(dictionary(hybrid(19,26,sliding_window_short(18,9)),continued_fractions(dichotomic)))": 436,
	"opt(dictionary(hybrid(19,26,sliding_window_short(18,9)),heuristic(use_first(halving,approximation))))": 437,
	"opt(dictionary(hybrid(19,26,sliding_window_short(18,9)),heuristic(use_first(halving,delta_largest))))": 441,
	"opt(dictionary(hybrid(19,28,sliding_window_short(18,9)),continued_fractions(binary)))": 435,
	"opt(dictionary(hybrid(19,28,sliding_window_short(18,9)),continued_fractions(co_binary)))": 435,
	"opt(dictionary(hybrid(19,28,sliding_window_short(18,9)),continued_fractions(dichotomic)))": 435,
	"opt(dictionary(hybrid(19,28,sliding_window_short(18,9)),heuristic(use_first(halving,approximation))))": 436,
	"opt(dictionary(hybrid(19,28,sliding_window_short(18,9)),heuristic(use_first(halving,delta_largest))))": 436,
	"opt(dictionary(hybrid(21,20,sliding_window_short(20,10)),continued_fractions(binary)))": 443,
	"opt(dictionary(hybrid(21,20,sliding_window_short(20,10)),continued_fractions(co_binary)))": 443,
	"opt(dictionary(hybrid(21,20,sliding_window_short(20,10)),continued_fractions(dichotomic)))": 442,
	"opt(dictionary(hybrid(21,20,sliding_window_short(20,10)),heuristic(use_first(halving,approximation))))": 443,
	"opt(dictionary(hybrid(21,20,sliding_window_short(20,10)),heuristic(use_first(halving,delta_largest))))": 443,
	"opt(dictionary(hybrid(21,22,sliding_window_short(20,10)),continued_fractions(binary)))": 440,
	"opt(dictionary(hybrid(21,22,sliding_window_short(20,10)),continued_fractions(co_binary)))": 440,
	"opt(dictionary(hybrid(21,22,sliding_window_short(20,10)),continued_fractions(dichotomic)))": 439,
	"opt(dictionary(hybrid(21,22,sliding_window_short(20,10)),heuristic(use_first(halving,approximation))))": 443,
	"opt(dictionary(hybrid(21,22,sliding_window_short(20,10)),heuristic(use_first(halving,delta_largest))))": 447,
	"opt(dictionary(hybrid(21,24,sliding_window_short(20,10)),continued_fractions(binary)))": 442,
	"opt(dictionary(hybrid(21,24,sliding_window_short(20,10)),continued_fractions(co_binary)))": 442,
	"opt(dictionary(hybrid(21,24,sliding_window_short(20,10)),continued_fractions(dichotomic)))": 436,
	"opt(dictionary(hybrid(21,24,sliding_window_short(20,10)),heuristic(use_first(halving,approximation))))": 437,
	"opt(dictionary(hybrid(21,24,sliding_window_short(20,10)),heuristic(use_first(halving,delta_largest))))": 445,
	"opt(dictionary(hybrid(21,26,sliding_window_short(20,10)),continued_fractions(binary)))": 436,
	"opt(dictionary(hybrid(21,26,sliding_window_short(20,10)),continued_fractions(co_binary)))": 436,
	"opt(dictionary(hybrid(21,26,sliding_window_short(20,10)),continued_fractions(dichotomic)))": 436,
	"opt(dictionary(hybrid(21,26,sliding_window_short(20,10)),heuristic(use_first(halving,approximation))))": 437,
	"opt(dictionary(hybrid(21,26,sliding_window_short(20,10)),heuristic(use_first(halving,delta_largest))))": 441,
	"opt(dictionary(hybrid(21,28,sliding_window_short(20,10)),continued_fractions(binary)))": 441,
	"opt(dictionary(hybrid(21,28,sliding_window_short(20,10)),continued_fractions(co_binary)))": 441,
	"opt(dictionary(hybrid(21,28,sliding_window_short(20,10)),continued_fractions(dichotomic)))": 440,
	"opt(dictionary(hybrid(21,28,sliding_window_short(20,10)),heuristic(use_first(halving,approximation))))": 436,
	"opt(dictionary(hybrid(21,28,sliding_window_short(20,10)),heuristic(use_first(halving,delta_largest))))": 440,
	"opt(dictionary(hybrid(21,30,sliding_window_short(20,10)),continued_fractions(binary)))": 436,
	"opt(dictionary(hybrid(21,30,sliding_window_short(20,10)),continued_fractions(co_binary)))": 436,
	"opt(dictionary(hybrid(21,30,sliding_window_short(20,10)),continued_fractions(dichotomic)))": 436,
	"opt(dictionary(hybrid(21,30,sliding_window_short(20,10)),heuristic(use_first(halving,approximation))))": 434,
	"opt(dictionary(hybrid(21,30,sliding_window_short(20,10)),heuristic(use_first(halving,delta_largest))))": 434,
	"opt(dictionary(hybrid(3,0,sliding_window(2)),continued_fractions(binary)))": 620,
	"opt(dictionary(hybrid(3,0,sliding_window(2)),continued_fractions(co_binary)))": 620,
	"opt(dictionary(hybrid(3,0,sliding_window(2)),continued_fractions(dichotomic)))": 427,
	"opt(dictionary(hybrid(3,0,sliding_window(2)),heuristic(use_first(halving,approximation))))": 620,
	"opt(dictionary(hybrid(3,0,sliding_window(2)),heuristic(use_first(halving,delta_largest))))": 821,
	"opt(dictionary(hybrid(3,0,sliding_window_short(2,0)),continued_fractions(binary)))": 620,
	"opt(dictionary(hybrid(3,0,sliding_window_short(2,0)),continued_fractions(co_binary)))": 620,
	"opt(dictionary(hybrid(3,0,sliding_window_short(2,0)),continued_fractions(dichotomic)))": 427,
	"opt(dictionary(hybrid(3,0,sliding_window_short(2,0)),heuristic(use_first(halving,approximation))))": 620,
	"opt(dictionary(hybrid(3,0,sliding_window_short(2,0)),heuristic(use_first(halving,delta_largest))))": 821,
	"opt(dictionary(hybrid(3,0,sliding_window_short(2,1)),continued_fractions(binary)))": 620,
	"opt(dictionary(hybrid(3,0,sliding_window_short(2,1)),continued_fractions(co_binary)))": 620,
	"opt(dictionary(hybrid(3,0,sliding_window_short(2,1)),continued_fractions(dichotomic)))": 427,
	"opt(dictionary(hybrid(3,0,sliding_window_short(2,1)),heuristic(use_first(halving,approximation))))": 620,
	"opt(dictionary(hybrid(3,0,sliding_window_short(2,1)),heuristic(use_first(halving,delta_largest))))": 821,
	"opt(dictionary(hybrid(3,0,sliding_window_short_rtl(2,1)),continued_fractions(binary)))": 620,
	"opt(dictionary(hybrid(3,0,sliding_window_short_rtl(2,1)),continued_fractions(co_binary)))": 620,
	"opt(dictionary(hybrid(3,0,sliding_window_short_rtl(2,1)),continued_fractions(dichotomic)))": 427,
	"opt(dictionary(hybrid(3,0,sliding_window_short_rtl(2,1)),heuristic(use_first(halving,approximation))))": 620,
	"opt(dictionary(hybrid(3,0,sliding_window_short_rtl(2,1)),heuristic(use_first(halving,delta_largest))))": 821,
	"opt(dictionary(hybrid(3,16,sliding_window(2)),continued_fractions(binary)))": 446,
	"opt(dictionary(hybrid(3,16,sliding_window(2)),continued_fractions(co_binary)))": 446,
	"opt(dictionary(hybrid(3,16,sliding_window(2)),continued_fractions(dichotomic)))": 446,
	"opt(dictionary(hybrid(3,16,sliding_window(2)),heuristic(use_first(halving,approximation))))": 446,
	"opt(dictionary(hybrid(3,16,sliding_window(2)),heuristic(use_first(halving,delta_largest))))": 446,
	"opt(dictionary(hybrid(3,16,sliding_window_short(2,1)),continued_fractions(binary)))": 446,
	"opt(dictionary(hybrid(3,16,sliding_window_short(2,1)),continued_fractions(co_binary)))": 446,
	"opt(dictionary(hybrid(3,16,sliding_window_short(2,1)),continued_fractions(dichotomic)))": 446,
	"opt(dictionary(hybrid(3,16,sliding_window_short(2,1)),heuristic(use_first(halving,approximation))))": 446,
	"opt(dictionary(hybrid(3,16,sliding_window_short(2,1)),heuristic(use_first(halving,delta_largest))))": 446,
	"opt(dictionary(hybrid(3,16,sliding_window_short_rtl(2,1)),continued_fractions(binary)))": 446,
	"opt(dictionary(hybrid(3,16,sliding_window_short_rtl(2,1)),continued_fractions(co_binary)))": 446,
	"opt(dictionary(hybrid(3,16,sliding_window_short_rtl(2,1)),continued_fractions(dichotomic)))": 446,
	"opt(dictionary(hybrid(3,16,sliding_window_short_rtl(2,1)),heuristic(use_first(halving,approximation))))": 446,
	"opt(dictionary(hybrid(3,16,sliding_window_short_rtl(2,1)),heuristic(use_first(halving,delta_largest))))": 446,
	"opt(dictionary(hybrid(3,32,sliding_window(2)),continued_fractions(binary)))": 435,
	"opt(dictionary(hybrid(3,32,sliding_window(2)),continued_fractions(co_binary)))": 435,
	"opt(dictionary(hybrid(3,32,sliding_window(2)),continued_fractions(dichotomic)))": 435,
	"opt(dictionary(hybrid(3,32,sliding_window(2)),heuristic(use_first(halving,approximation))))": 435,
	"opt(dictionary(hybrid(3,32,sliding_window(2)),heuristic(use_first(halving,delta_largest))))": 444,
	"opt(dictionary(hybrid(3,32,sliding_window_short(2,1)),continued_fractions(binary)))": 435,
	"opt(dictionary(hybrid(3,32,sliding_window_short(2,1)),continued_fractions(co_binary)))": 435,
	"opt(dictionary(hybrid(3,32,sliding_window_short(2,1)),continued_fractions(dichotomic)))": 435,
	"opt(dictionary(hybrid(3,32,sliding_window_short(2,1)),heuristic(use_first(halving,approximation))))": 435,
	"opt(dictionary(hybrid(3,32,sliding_window_short(2,1)),heuristic(use_first(halving,delta_largest))))": 444,
	"opt(dictionary(hybrid(3,32,sliding_window_short_rtl(2,1)),continued_fractions(binary)))": 435,
	"opt(dictionary(hybrid(3,32,sliding_window_short_rtl(2,1)),continued_fractions(co_binary)))": 435,
	"opt(dictionary(hybrid(3,32,sliding_window_short_rtl(2,1)),continued_fractions(dichotomic)))": 435,
	"opt(dictionary(hybrid(3,32,sliding_window_short_rtl(2,1)),heuristic(use_first(halving,approximation))))": 435,
	"opt(dictionary(hybrid(3,32,sliding_window_short_rtl(2,1)),heuristic(use_first(halving,delta_largest))))": 444,
	"opt(dictionary(hybrid(3,64,sliding_window(2)),continued_fractions(binary)))": 430,
	"opt(dictionary(hybrid(3,64,sliding_window(2)),continued_fractions(co_binary)))": 430,
	"opt(dictionary(hybrid(3,64,sliding_window(2)),continued_fractions(dichotomic)))": 430,
	"opt(dictionary(hybrid(3,64,sliding_window(2)),heuristic(use_first(halving,approximation))))": 430,
	"opt(dictionary(hybrid(3,64,sliding_window(2)),heuristic(use_first(halving,delta_largest))))": 448,
	"opt(dictionary(hybrid(3,64,sliding_window_short(2,1)),continued_fractions(binary)))": 430,
	"opt(dictionary(hybrid(3,64,sliding_window_short(2,1)),continued_fractions(co_binary)))": 430,
	"opt(dictionary(hybrid(3,64,sliding_window_short(2,1)),continued_fractions(dichotomic)))": 430,
	"opt(dictionary(hybrid(3,64,sliding_window_short(2,1)),heuristic(use_first(halving,approximation))))": 430,
	"opt(dictionary(hybrid(3,64,sliding_window_short(2,1)),heuristic(use_first(halving,delta_largest))))": 448,
	"opt(dictionary(hybrid(3,64,sliding_window_short_rtl(2,1)),continued_fractions(binary)))": 430,
	"opt(dictionary(hybrid(3,64,sliding_window_short_rtl(2,1)),continued_fractions(co_binary)))": 430,
	"opt(dictionary(hybrid(3,64,sliding_window_short_rtl(2,1)),continued_fractions(dichotomic)))": 430,
	"opt(dictionary(hybrid(3,64,sliding_window_short_rtl(2,1)),heuristic(use_first(halving,approximation))))": 430,
	"opt(dictionary(hybrid(3,64,sliding_window_short_rtl(2,1)),heuristic(use_first(halving,delta_largest))))": 448,
	"opt(dictionary(hybrid(4,0,sliding_window(3)),continued_fractions(binary)))": 620,
	"opt(dictionary(hybrid(4,0,sliding_window(3)),continued_fractions(co_binary)))": 620,
	"opt(dictionary(hybrid(4,0,sliding_window(3)),continued_fractions(dichotomic)))": 427,
	"opt(dictionary(hybrid(4,0,sliding_window(3)),heuristic(use_first(halving,approximation))))": 620,
	"opt(dictionary(hybrid(4,0,sliding_window(3)),heuristic(use_first(halving,delta_largest))))": 821,
	"opt(dictionary(hybrid(4,0,sliding_window_short(3,0)),continued_fractions(binary)))": 620,
	"opt(dictionary(hybrid(4,0,sliding_window_short(3,0)),continued_fractions(co_binary)))": 620,
	"opt(dictionary(hybrid(4,0,sliding_window_short(3,0)),continued_fractions(dichotomic)))": 427,
	"opt(dictionary(hybrid(4,0,sliding_window_short(3,0)),heuristic(use_first(halving,approximation))))": 620,
	"opt(dictionary(hybrid(4,0,sliding_window_short(3,0)),heuristic(use_first(halving,delta_largest))))": 821,
	"opt(dictionary(hybrid(4,0,sliding_window_short(3,1)),continued_fractions(binary)))": 620,
	"opt(dictionary(hybrid(4,0,sliding_window_short(3,1)),continued_fractions(co_binary)))": 620,
	"opt(dictionary(hybrid(4,0,sliding_window_short(3,1)),continued_fractions(dichotomic)))": 427,
	"opt(dictionary(hybrid(4,0,sliding_window_short(3,1)),heuristic(use_first(halving,approximation))))": 620,
	"opt(dictionary(hybrid(4,0,sliding_window_short(3,1)),heuristic(use_first(halving,delta_largest))))": 821,
	"opt(dictionary(hybrid(4,0,sliding_window_short_rtl(3,1)),continued_fractions(binary)))": 620,
	"opt(dictionary(hybrid(4,0,sliding_window_short_rtl(3,1)),continued_fractions(co_binary)))": 620,
	"opt(dictionary(hybrid(4,0,sliding_window_short_rtl(3,1)),continued_fractions(dichotomic)))": 427,
	"opt(dictionary(hybrid(4,0,sliding_window_short_rtl(3,1)),heuristic(use_first(halving,approximation))))": 620,
	"opt(dictionary(hybrid(4,0,sliding_window_short_rtl(3,1)),heuristic(use_first(halving,delta_largest))))": 821,
	"opt(dictionary(hybrid(4,16,sliding_window(3)),continued_fractions(binary)))": 446,
	"opt(dictionary(hybrid(4,16,sliding_window(3)),continued_fractions(co_binary)))": 446,
	"opt(dictionary(hybrid(4,16,sliding_window(3)),continued_fractions(dichotomic)))": 446,
	"opt(dictionary(hybrid(4,16,sliding_window(3)),heuristic(use_first(halving,approximation))))": 446,
	"opt(dictionary(hybrid(4,16,sliding_window(3)),heuristic(use_first(halving,delta_largest))))": 446,
	"opt(dictionary(hybrid(4,16,sliding_window_short(3,1)),continued_fractions(binary)))": 446,
	"opt(dictionary(hybrid(4,16,sliding_window_short(3,1)),continued_fractions(co_binary)))": 446,
	"opt(dictionary(hybrid(4,16,sliding_window_short(3,1)),continued_fractions(dichotomic)))": 446,
	"opt(dictionary(hybrid(4,16,sliding_window_short(3,1)),heuristic(use_first(halving,approximation))))": 446,
	"opt(dictionary(hybrid(4,16,sliding_window_short(3,1)),heuristic(use_first(halving,delta_largest))))": 446,
	"opt(dictionary(hybrid(4,16,sliding_window_short_rtl(3,1)),continued_fractions(binary)))": 446,
	"opt(dictionary(hybrid(4,16,sliding_window_short_rtl(3,1)),continued_fractions(co_binary)))": 446,
	"opt(dictionary(hybrid(4,16,sliding_window_short_rtl(3,1)),continued_fractions(dichotomic)))": 446,
	"opt(dictionary(hybrid(4,16,sliding_window_short_rtl(3,1)),heuristic(use_first(halving,approximation))))": 446,
	"opt(dictionary(hybrid(4,16,sliding_window_short_rtl(3,1)),heuristic(use_first(halving,delta_largest))))": 446,
	"opt(dictionary(hybrid(4,32,sliding_window(3)),continued_fractions(binary)))": 435,
	"opt(dictionary(hybrid(4,32,sliding_window(3)),continued_fractions(co_binary)))": 435,
	"opt(dictionary(hybrid(4,32,sliding_window(3)),continued_fractions(dichotomic)))": 435,
	"opt(dictionary(hybrid(4,32,sliding_window(3)),heuristic(use_first(halving,approximation))))": 435,
	"opt(dictionary(hybrid(4,32,sliding_window(3)),heuristic(use_first(halving,delta_largest))))": 444,
	"opt(dictionary(hybrid(4,32,sliding_window_short(3,1)),continued_fractions(binary)))": 435,
	"opt(dictionary(hybrid(4,32,sliding_window_short(3,1)),continued_fractions(co_binary)))": 435,
	"opt(dictionary(hybrid(4,32,sliding_window_short(3,1)),continued_fractions(dichotomic)))": 435,
	"opt(dictionary(hybrid(4,32,sliding_window_short(3,1)),heuristic(use_first(halving,approximation))))": 435,
	"opt(dictionary(hybrid(4,32,sliding_window_short(3,1)),heuristic(use_first(halving,delta_largest))))": 444,
	"opt(dictionary(hybrid(4,32,sliding_window_short_rtl(3,1)),continued_fractions(binary)))": 435,
	"opt(dictionary(hybrid(4,32,sliding_window_short_rtl(3,1)),continued_fractions(co_binary)))": 435,
	"opt(dictionary(hybrid(4,32,sliding_window_short_rtl(3,1)),continued_fractions(dichotomic)))": 435,
	"opt(dictionary(hybrid(4,32,sliding_window_short_rtl(3,1)),heuristic(use_first(halving,approximation))))": 435,
	"opt(dictionary(hybrid(4,32,sliding_window_short_rtl(3,1)),heuristic(use_first(halving,delta_largest))))": 444,
	"opt(dictionary(hybrid(4,64,sliding_window(3)),continued_fractions(binary)))": 430,
	"opt(dictionary(hybrid(4,64,sliding_window(3)),continued_fractions(co_binary)))": 430,
	"opt(dictionary(hybrid(4,64,sliding_window(3)),continued_fractions(dichotomic)))": 430,
	"opt(dictionary(hybrid(4,64,sliding_window(3)),heuristic(use_first(halving,approximation))))": 430,
	"opt(dictionary(hybrid(4,64,sliding_window(3)),heuristic(use_first(halving,delta_largest))))": 448,
	"opt(dictionary(hybrid(4,64,sliding_window_short(3,1)),continued_fractions(binary)))": 430,
	"opt(dictionary(hybrid(4,64,sliding_window_short(3,1)),continued_fractions(co_binary)))": 430,
	"opt(dictionary(hybrid(4,64,sliding_window_short(3,1)),continued_fractions(dichotomic)))": 430,
	"opt(dictionary(hybrid(4,64,sliding_window_short(3,1)),heuristic(use_first(halving,approximation))))": 430,
	"opt(dictionary(hybrid(4,64,sliding_window_short(3,1)),heuristic(use_first(halving,delta_largest))))": 448,
	"opt(dictionary(hybrid(4,64,sliding_window_short_rtl(3,1)),continued_fractions(binary)))": 430,
	"opt(dictionary(hybrid(4,64,sliding_window_short_rtl(3,1)),continued_fractions(co_binary)))": 430,
	"opt(dictionary(hybrid(4,64,sliding_window_short_rtl(3,1)),continued_fractions(dichotomic)))": 430,
	"opt(dictionary(hybrid(4,64,sliding_window_short_rtl(3,1)),heuristic(use_first(halving,approximation))))": 430,
	"opt(dictionary(hybrid(4,64,sliding_window_short_rtl(3,1)),heuristic(use_first(halving,delta_largest))))": 448,
	"opt(dictionary(hybrid(5,0,sliding_window(4)),continued_fractions(binary)))": 620,
	"opt(dictionary(hybrid(5,0,sliding_window(4)),continued_fractions(co_binary)))": 620,
	"opt(dictionary(hybrid(5,0,sliding_window(4)),continued_fractions(dichotomic)))": 437,
	"opt(dictionary(hybrid(5,0,sliding_window(4)),heuristic(use_first(halving,approximation))))": 519,
	"opt(dictionary(hybrid(5,0,sliding_window(4)),heuristic(use_first(halving,delta_largest))))": 819,
	"opt(dictionary(hybrid(5,0,sliding_window_short(4,0)),continued_fractions(binary)))": 620,
	"opt(dictionary(hybrid(5,0,sliding_window_short(4,0)),continued_fractions(co_binary)))": 620,
	"opt(dictionary(hybrid(5,0,sliding_window_short(4,0)),continued_fractions(dichotomic)))": 437,
	"opt(dictionary(hybrid(5,0,sliding_window_short(4,0)),heuristic(use_first(halving,approximation))))": 519,
	"opt(dictionary(hybrid(5,0,sliding_window_short(4,0)),heuristic(use_first(halving,delta_largest))))": 819,
	"opt(dictionary(hybrid(5,0,sliding_window_short(4,2)),continued_fractions(binary)))": 620,
	"opt(dictionary(hybrid(5,0,sliding_window_short(4,2)),continued_fractions(co_binary)))": 620,
	"opt(dictionary(hybrid(5,0,sliding_window_short(4,2)),continued_fractions(dichotomic)))": 437,
	"opt(dictionary(hybrid(5,0,sliding_window_short(4,2)),heuristic(use_first(halving,approximation))))": 519,
	"opt(dictionary(hybrid(5,0,sliding_window_short(4,2)),heuristic(use_first(halving,delta_largest))))": 819,
	"opt(dictionary(hybrid(5,0,sliding_window_short_rtl(4,2)),continued_fractions(binary)))": 620,
	"opt(dictionary(hybrid(5,0,sliding_window_short_rtl(4,2)),continued_fractions(co_binary)))": 620,
	"opt(dictionary(hybrid(5,0,sliding_window_short_rtl(4,2)),continued_fractions(dichotomic)))": 437,
	"opt(dictionary(hybrid(5,0,sliding_window_short_rtl(4,2)),heuristic(use_first(halving,approximation))))": 519,
	"opt(dictionary(hybrid(5,0,sliding_window_short_rtl(4,2)),heuristic(use_first(halving,delta_largest))))": 819,
	"opt(dictionary(hybrid(5,16,sliding_window(4)),continued_fractions(binary)))": 446,
	"opt(dictionary(hybrid(5,16,sliding_window(4)),continued_fractions(co_binary)))": 446,
	"opt(dictionary(hybrid(5,16,sliding_window(4)),continued_fractions(dichotomic)))": 446,
	"opt(dictionary(hybrid(5,16,sliding_window(4)),heuristic(use_first(halving,approximation))))": 445,
	"opt(dictionary(hybrid(5,16,sliding_window(4)),heuristic(use_first(halving,delta_largest))))": 445,
	"opt(dictionary(hybrid(5,16,sliding_window_short(4,2)),continued_fractions(binary)))": 446,
	"opt(dictionary(hybrid(5,16,sliding_window_short(4,2)),continued_fractions(co_binary)))": 446,
	"opt(dictionary(hybrid(5,16,sliding_window_short(4,2)),continued_fractions(dichotomic)))": 446,
	"opt(dictionary(hybrid(5,16,sliding_window_short(4,2)),heuristic(use_first(halving,approximation))))": 445,
	"opt(dictionary(hybrid(5,16,sliding_window_short(4,2)),heuristic(use_first(halving,delta_largest))))": 445,
	"opt(dictionary(hybrid(5,16,sliding_window_short_rtl(4,2)),continued_fractions(binary)))": 446,
	"opt(dictionary(hybrid(5,16,sliding_window_short_rtl(4,2)),continued_fractions(co_binary)))": 446,
	"opt(dictionary(hybrid(5,16,sliding_window_short_rtl(4,2)),continued_fractions(dichotomic)))": 446,
	"opt(dictionary(hybrid(5,16,sliding_window_short_rtl(4,2)),heuristic(use_first(halving,approximation))))": 445,
	"opt(dictionary(hybrid(5,16,sliding_window_short_rtl(4,2)),heuristic(use_first(halving,delta_largest))))": 445,
	"opt(dictionary(hybrid(5,32,sliding_window(4)),continued_fractions(binary)))": 434,
	"opt(dictionary(hybrid(5,32,sliding_window(4)),continued_fractions(co_binary)))": 434,
	"opt(dictionary(hybrid(5,32,sliding_window(4)),continued_fractions(dichotomic)))": 434,
	"opt(dictionary(hybrid(5,32,sliding_window(4)),heuristic(use_first(halving,approximation))))": 434,
	"opt(dictionary(hybrid(5,32,sliding_window(4)),heuristic(use_first(halving,delta_largest))))": 443,
	"opt(dictionary(hybrid(5,32,sliding_window_short(4,2)),continued_fractions(binary)))": 434,
	"opt(dictionary(hybrid(5,32,sliding_window_short(4,2)),continued_fractions(co_binary)))": 434,
	"opt(dictionary(hybrid(5,32,sliding_window_short(4,2)),continued_fractions(dichotomic)))": 434,
	"opt(dictionary(hybrid(5,32,sliding_window_short(4,2)),heuristic(use_first(halving,approximation))))": 434,
	"opt(dictionary(hybrid(5,32,sliding_window_short(4,2)),heuristic(use_first(halving,delta_largest))))": 443,
	"opt(dictionary(hybrid(5,32,sliding_window_short_rtl(4,2)),continued_fractions(binary)))": 434,
	"opt(dictionary(hybrid(5,32,sliding_window_short_rtl(4,2)),continued_fractions(co_binary)))": 434,
	"opt(dictionary(hybrid(5,32,sliding_window_short_rtl(4,2)),continued_fractions(dichotomic)))": 434,
	"opt(dictionary(hybrid(5,32,sliding_window_short_rtl(4,2)),heuristic(use_first(halving,approximation))))": 434,
	"opt(dictionary(hybrid(5,32,sliding_window_short_rtl(4,2)),heuristic(use_first(halving,delta_largest))))": 443,
	"opt(dictionary(hybrid(5,64,sliding_window(4)),continued_fractions(binary)))": 431,
	"opt(dictionary(hybrid(5,64,sliding_window(4)),continued_fractions(co_binary)))": 431,
	"opt(dictionary(hybrid(5,64,sliding_window(4)),continued_fractions(dichotomic)))": 430,
	"opt(dictionary(hybrid(5,64,sliding_window(4)),heuristic(use_first(halving,approximation))))": 429,
	"opt(dictionary(hybrid(5,64,sliding_window(4)),heuristic(use_first(halving,delta_largest))))": 448,
	"opt(dictionary(hybrid(5,64,sliding_window_short(4,2)),continued_fractions(binary)))": 431,
	"opt(dictionary(hybrid(5,64,sliding_window_short(4,2)),continued_fractions(co_binary)))": 431,
	"opt(dictionary(hybrid(5,64,sliding_window_short(4,2)),continued_fractions(dichotomic)))": 430,
	"opt(dictionary(hybrid(5,64,sliding_window_short(4,2)),heuristic(use_first(halving,approximation))))": 429,
	"opt(dictionary(hybrid(5,64,sliding_window_short(4,2)),heuristic(use_first(halving,delta_largest))))": 448,
	"opt(dictionary(hybrid(5,64,sliding_window_short_rtl(4,2)),continued_fractions(binary)))": 431,
	"opt(dictionary(hybrid(5,64,sliding_window_short_rtl(4,2)),continued_fractions(co_binary)))": 431,
	"opt(dictionary(hybrid(5,64,sliding_window_short_rtl(4,2)),continued_fractions(dichotomic)))": 430,
	"opt(dictionary(hybrid(5,64,sliding_window_short_rtl(4,2)),heuristic(use_first(halving,approximation))))": 429,
	"opt(dictionary(hybrid(5,64,sliding_window_short_rtl(4,2)),heuristic(use_first(halving,delta_largest))))": 448,
	"opt(dictionary(hybrid(6,0,sliding_window(5)),continued_fractions(binary)))": 620,
	"opt(dictionary(hybrid(6,0,sliding_window(5)),continued_fractions(co_binary)))": 620,
	"opt(dictionary(hybrid(6,0,sliding_window(5)),continued_fractions(dichotomic)))": 437,
	"opt(dictionary(hybrid(6,0,sliding_window(5)),heuristic(use_first(halving,approximation))))": 519,
	"opt(dictionary(hybrid(6,0,sliding_window(5)),heuristic(use_first(halving,delta_largest))))": 819,
	"opt(dictionary(hybrid(6,0,sliding_window_short(5,0)),continued_fractions(binary)))": 620,
	"opt(dictionary(hybrid(6,0,sliding_window_short(5,0)),continued_fractions(co_binary)))": 620,
	"opt(dictionary(hybrid(6,0,sliding_window_short(5,0)),continued_fractions(dichotomic)))": 437,
	"opt(dictionary(hybrid(6,0,sliding_window_short(5,0)),heuristic(use_first(halving,approximation))))": 519,
	"opt(dictionary(hybrid(6,0,sliding_window_short(5,0)),heuristic(use_first(halving,delta_largest))))": 819,
	"opt(dictionary(hybrid(6,0,sliding_window_short(5,2)),continued_fractions(binary)))": 620,
	"opt(dictionary(hybrid(6,0,sliding_window_short(5,2)),continued_fractions(co_binary)))": 620,
	"opt(dictionary(hybrid(6,0,sliding_window_short(5,2)),continued_fractions(dichotomic)))": 437,
	"opt(dictionary(hybrid(6,0,sliding_window_short(5,2)),heuristic(use_first(halving,approximation))))": 519,
	"opt(dictionary(hybrid(6,0,sliding_window_short(5,2)),heuristic(use_first(halving,delta_largest))))": 819,
	"opt(dictionary(hybrid(6,0,sliding_window_short_rtl(5,2)),continued_fractions(binary)))": 620,
	"opt(dictionary(hybrid(6,0,sliding_window_short_rtl(5,2)),continued_fractions(co_binary)))": 620,
	"opt(dictionary(hybrid(6,0,sliding_window_short_rtl(5,2)),continued_fractions(dichotomic)))": 437,
	"opt(dictionary(hybrid(6,0,sliding_window_short_rtl(5,2)),heuristic(use_first(halving,approximation))))": 519,
	"opt(dictionary(hybrid(6,0,sliding_window_short_rtl(5,2)),heuristic(use_first(halving,delta_largest))))": 819,
	"opt(dictionary(hybrid(6,16,sliding_window(5)),continued_fractions(binary)))": 446,
	"opt(dictionary(hybrid(6,16,sliding_window(5)),continued_fractions(co_binary)))": 446,
	"opt(dictionary(hybrid(6,16,sliding_window(5)),continued_fractions(dichotomic)))": 446,
	"opt(dictionary(hybrid(6,16,sliding_window(5)),heuristic(use_first(halving,approximation))))": 445,
	"opt(dictionary(hybrid(6,16,sliding_window(5)),heuristic(use_first(halving,delta_largest))))": 445,
	"opt(dictionary(hybrid(6,16,sliding_window_short(5,2)),continued_fractions(binary)))": 446,
	"opt(dictionary(hybrid(6,16,sliding_window_short(5,2)),continued_fractions(co_binary)))": 446,
	"opt(dictionary(hybrid(6,16,sliding_window_short(5,2)),continued_fractions(dichotomic)))": 446,
	"opt(dictionary(hybrid(6,16,sliding_window_short(5,2)),heuristic(use_first(halving,approximation))))": 445,
	"opt(dictionary(hybrid(6,16,sliding_window_short(5,2)),heuristic(use_first(halving,delta_largest))))": 445,
	"opt(dictionary(hybrid(6,16,sliding_window_short_rtl(5,2)),continued_fractions(binary)))": 446,
	"opt(dictionary(hybrid(6,16,sliding_window_short_rtl(5,2)),continued_fractions(co_binary)))": 446,
	"opt(dictionary(hybrid(6,16,sliding_window_short_rtl(5,2)),continued_fractions(dichotomic)))": 446,
	"opt(dictionary(hybrid(6,16,sliding_window_short_rtl(5,2)),heuristic(use_first(halving,approximation))))": 445,
	"opt(dictionary(hybrid(6,16,sliding_window_short_rtl(5,2)),heuristic(use_first(halving,delta_largest))))": 445,
	"opt(dictionary(hybrid(6,32,sliding_window(5)),continued_fractions(binary)))": 434,
	"opt(dictionary(hybrid(6,32,sliding_window(5)),continued_fractions(co_binary)))": 434,
	"opt(dictionary(hybrid(6,32,sliding_window(5)),continued_fractions(dichotomic)))": 434,
	"opt(dictionary(hybrid(6,32,sliding_window(5)),heuristic(use_first(halving,approximation))))": 434,
	"opt(dictionary(hybrid(6,32,sliding_window(5)),heuristic(use_first(halving,delta_largest))))": 443,
	"opt(dictionary(hybrid(6,32,sliding_window_short(5,2)),continued_fractions(binary)))": 434,
	"opt(dictionary(hybrid(6,32,sliding_window_short(5,2)),continued_fractions(co_binary)))": 434,
	"opt(dictionary(hybrid(6,32,sliding_window_short(5,2)),continued_fractions(dichotomic)))": 434,
	"opt(dictionary(hybrid(6,32,sliding_window_short(5,2)),heuristic(use_first(halving,approximation))))": 434,
	"opt(dictionary(hybrid(6,32,sliding_window_short(5,2)),heuristic(use_first(halving,delta_largest))))": 443,
	"opt(dictionary(hybrid(6,32,sliding_window_short_rtl(5,2)),continued_fractions(binary)))": 434,
	"opt(dictionary(hybrid(6,32,sliding_window_short_rtl(5,2)),continued_fractions(co_binary)))": 434,
	"opt(dictionary(hybrid(6,32,sliding_window_short_rtl(5,2)),continued_fractions(dichotomic)))": 434,
	"opt(dictionary(hybrid(6,32,sliding_window_short_rtl(5,2)),heuristic(use_first(halving,approximation))))": 434,
	"opt(dictionary(hybrid(6,32,sliding_window_short_rtl(5,2)),heuristic(use_first(halving,delta_largest))))": 443,
	"opt(dictionary(hybrid(6,64,sliding_window(5)),continued_fractions(binary)))": 431,
	"opt(dictionary(hybrid(6,64,sliding_window(5)),continued_fractions(co_binary)))": 431,
	"opt(dictionary(hybrid(6,64,sliding_window(5)),continued_fractions(dichotomic)))": 430,
	"opt(dictionary(hybrid(6,64,sliding_window(5)),heuristic(use_first(halving,approximation))))": 429,
	"opt(dictionary(hybrid(6,64,sliding_window(5)),heuristic(use_first(halving,delta_largest))))": 448,
	"opt(dictionary(hybrid(6,64,sliding_window_short(5,2)),continued_fractions(binary)))": 431,
	"opt(dictionary(hybrid(6,64,sliding_window_short(5,2)),continued_fractions(co_binary)))": 431,
	"opt(dictionary(hybrid(6,64,sliding_window_short(5,2)),continued_fractions(dichotomic)))": 430,
	"opt(dictionary(hybrid(6,64,sliding_window_short(5,2)),heuristic(use_first(halving,approximation))))": 429,
	"opt(dictionary(hybrid(6,64,sliding_window_short(5,2)),heuristic(use_first(halving,delta_largest))))": 448,
	"opt(dictionary(hybrid(6,64,sliding_window_short_rtl(5,2)),continued_fractions(binary)))": 431,
	"opt(dictionary(hybrid(6,64,sliding_window_short_rtl(5,2)),continued_fractions(co_binary)))": 431,
	"opt(dictionary(hybrid(6,64,sliding_window_short_rtl(5,2)),continued_fractions(dichotomic)))": 430,
	"opt(dictionary(hybrid(6,64,sliding_window_short_rtl(5,2)),heuristic(use_first(halving,approximation))))": 429,
	"opt(dictionary(hybrid(6,64,sliding_window_short_rtl(5,2)),heuristic(use_first(halving,delta_largest))))": 448,
	"opt(dictionary(hybrid(7,0,sliding_window(6)),continued_fractions(binary)))": 620,
	"opt(dictionary(hybrid(7,0,sliding_window(6)),continued_fractions(co_binary)))": 620,
	"opt(dictionary(hybrid(7,0,sliding_window(6)),continued_fractions(dichotomic)))": 437,
	"opt(dictionary(hybrid(7,0,sliding_window(6)),heuristic(use_first(halving,approximation))))": 519,
	"opt(dictionary(hybrid(7,0,sliding_window(6)),heuristic(use_first(halving,delta_largest))))": 819,
	"opt(dictionary(hybrid(7,0,sliding_window_short(6,0)),continued_fractions(binary)))": 620,
	"opt(dictionary(hybrid(7,0,sliding_window_short(6,0)),continued_fractions(co_binary)))": 620,
	"opt(dictionary(hybrid(7,0,sliding_window_short(6,0)),continued_fractions(dichotomic)))": 437,
	"opt(dictionary(hybrid(7,0,sliding_window_short(6,0)),heuristic(use_first(halving,approximation))))": 519,
	"opt(dictionary(hybrid(7,0,sliding_window_short(6,0)),heuristic(use_first(halving,delta_largest))))": 819,
	"opt(dictionary(hybrid(7,0,sliding_window_short(6,3)),continued_fractions(binary)))": 620,
	"opt(dictionary(hybrid(7,0,sliding_window_short(6,3)),continued_fractions(co_binary)))": 620,
	"opt(dictionary(hybrid(7,0,sliding_window_short(6,3)),continued_fractions(dichotomic)))": 437,
	"opt(dictionary(hybrid(7,0,sliding_window_short(6,3)),heuristic(use_first(halving,approximation))))": 519,
	"opt(dictionary(hybrid(7,0,sliding_window_short(6,3)),heuristic(use_first(halving,delta_largest))))": 819,
	"opt(dictionary(hybrid(7,0,sliding_window_short_rtl(6,3)),continued_fractions(binary)))": 620,
	"opt(dictionary(hybrid(7,0,sliding_window_short_rtl(6,3)),continued_fractions(co_binary)))": 620,
	"opt(dictionary(hybrid(7,0,sliding_window_short_rtl(6,3)),continued_fractions(dichotomic)))": 437,
	"opt(dictionary(hybrid(7,0,sliding_window_short_rtl(6,3)),heuristic(use_first(halving,approximation))))": 519,
	"opt(dictionary(hybrid(7,0,sliding_window_short_rtl(6,3)),heuristic(use_first(halving,delta_largest))))": 819,
	"opt(dictionary(hybrid(7,16,sliding_window(6)),continued_fractions(binary)))": 446,
	"opt(dictionary(hybrid(7,16,sliding_window(6)),continued_fractions(co_binary)))": 446,
	"opt(dictionary(hybrid(7,16,sliding_window(6)),continued_fractions(dichotomic)))": 446,
	"opt(dictionary(hybrid(7,16,sliding_window(6)),heuristic(use_first(halving,approximation))))": 445,
	"opt(dictionary(hybrid(7,16,sliding_window(6)),heuristic(use_first(halving,delta_largest))))": 445,
	"opt(dictionary(hybrid(7,16,sliding_window_short(6,3)),continued_fractions(binary)))": 446,
	"opt(dictionary(hybrid(7,16,sliding_window_short(6,3)),continued_fractions(co_binary)))": 446,
	"opt(dictionary(hybrid(7,16,sliding_window_short(6,3)),continued_fractions(dichotomic)))": 446,
	"opt(dictionary(hybrid(7,16,sliding_window_short(6,3)),heuristic(use_first(halving,approximation))))": 445,
	"opt(dictionary(hybrid(7,16,sliding_window_short(6,3)),heuristic(use_first(halving,delta_largest))))": 445,
	"opt(dictionary(hybrid(7,16,sliding_window_short_rtl(6,3)),continued_fractions(binary)))": 446,
	"opt(dictionary(hybrid(7,16,sliding_window_short_rtl(6,3)),continued_fractions(co_binary)))": 446,
	"opt(dictionary(hybrid(7,16,sliding_window_short_rtl(6,3)),continued_fractions(dichotomic)))": 446,
	"opt(dictionary(hybrid(7,16,sliding_window_short_rtl(6,3)),heuristic(use_first(halving,approximation))))": 445,
	"opt(dictionary(hybrid(7,16,sliding_window_short_rtl(6,3)),heuristic(use_first(halving,delta_largest))))": 445,
	"opt(dictionary(hybrid(7,32,sliding_window(6)),continued_fractions(binary)))": 434,
	"opt(dictionary(hybrid(7,32,sliding_window(6)),continued_fractions(co_binary)))": 434,
	"opt(dictionary(hybrid(7,32,sliding_window(6)),continued_fractions(dichotomic)))": 434,
	"opt(dictionary(hybrid(7,32,sliding_window(6)),heuristic(use_first(halving,approximation))))": 434,
	"opt(dictionary(hybrid(7,32,sliding_window(6)),heuristic(use_first(halving,delta_largest))))": 443,
	"opt(dictionary(hybrid(7,32,sliding_window_short(6,3)),continued_fractions(binary)))": 434,
	"opt(dictionary(hybrid(7,32,sliding_window_short(6,3)),continued_fractions(co_binary)))": 434,
	"opt(dictionary(hybrid(7,32,sliding_window_short(6,3)),continued_fractions(dichotomic)))": 434,
	"opt(dictionary(hybrid(7,32,sliding_window_short(6,3)),heuristic(use_first(halving,approximation))))": 434,
	"opt(dictionary(hybrid(7,32,sliding_window_short(6,3)),heuristic(use_first(halving,delta_largest))))": 443,
	"opt(dictionary(hybrid(7,32,sliding_window_short_rtl(6,3)),continued_fractions(binary)))": 434,
	"opt(dictionary(hybrid(7,32,sliding_window_short_rtl(6,3)),continued_fractions(co_binary)))": 434,
	"opt(dictionary(hybrid(7,32,sliding_window_short_rtl(6,3)),continued_fractions(dichotomic)))": 434,
	"opt(dictionary(hybrid(7,32,sliding_window_short_rtl(6,3)),heuristic(use_first(halving,approximation))))": 434,
	"opt(dictionary(hybrid(7,32,sliding_window_short_rtl(6,3)),heuristic(use_first(halving,delta_largest))))": 443,
	"opt(dictionary(hybrid(7,64,sliding_window(6)),continued_fractions(binary)))": 431,
	"opt(dictionary(hybrid(7,64,sliding_window(6)),continued_fractions(co_binary)))": 431,
	"opt(dictionary(hybrid(7,64,sliding_window(6)),continued_fractions(dichotomic)))": 430,
	"opt(dictionary(hybrid(7,64,sliding_window(6)),heuristic(use_first(halving,approximation))))": 429,
	"opt(dictionary(hybrid(7,64,sliding_window(6)),heuristic(use_first(halving,delta_largest))))": 448,
	"opt(dictionary(hybrid(7,64,sliding_window_short(6,3)),continued_fractions(binary)))": 431,
	"opt(dictionary(hybrid(7,64,sliding_window_short(6,3)),continued_fractions(co_binary)))": 431,
	"opt(dictionary(hybrid(7,64,sliding_window_short(6,3)),continued_fractions(dichotomic)))": 430,
	"opt(dictionary(hybrid(7,64,sliding_window_short(6,3)),heuristic(use_first(halving,approximation))))": 429,
	"opt(dictionary(hybrid(7,64,sliding_window_short(6,3)),heuristic(use_first(halving,delta_largest))))": 448,
	"opt(dictionary(hybrid(7,64,sliding_window_short_rtl(6,3)),continued_fractions(binary)))": 431,
	"opt(dictionary(hybrid(7,64,sliding_window_short_rtl(6,3)),continued_fractions(co_binary)))": 431,
	"opt(dictionary(hybrid(7,64,sliding_window_short_rtl(6,3)),continued_fractions(dichotomic)))": 430,
	"opt(dictionary(hybrid(7,64,sliding_window_short_rtl(6,3)),heuristic(use_first(halving,approximation))))": 429,
	"opt(dictionary(hybrid(7,64,sliding_window_short_rtl(6,3)),heuristic(use_first(halving,delta_largest))))": 448,
	"opt(dictionary(hybrid(8,0,sliding_window(7)),continued_fractions(binary)))": 620,
	"opt(dictionary(hybrid(8,0,sliding_window(7)),continued_fractions(co_binary)))": 620,
	"opt(dictionary(hybrid(8,0,sliding_window(7)),continued_fractions(dichotomic)))": 437,
	"opt(dictionary(hybrid(8,0,sliding_window(7)),heuristic(use_first(halving,approximation))))": 519,
	"opt(dictionary(hybrid(8,0,sliding_window(7)),heuristic(use_first(halving,delta_largest))))": 819,
	"opt(dictionary(hybrid(8,0,sliding_window_short(7,0)),continued_fractions(binary)))": 620,
	"opt(dictionary(hybrid(8,0,sliding_window_short(7,0)),continued_fractions(co_binary)))": 620,
	"opt(dictionary(hybrid(8,0,sliding_window_short(7,0)),continued_fractions(dichotomic)))": 437,
	"opt(dictionary(hybrid(8,0,sliding_window_short(7,0)),heuristic(use_first(halving,approximation))))": 519,
	"opt(dictionary(hybrid(8,0,sliding_window_short(7,0)),heuristic(use_first(halving,delta_largest))))": 819,
	"opt(dictionary(hybrid(8,0,sliding_window_short(7,3)),continued_fractions(binary)))": 620,
	"opt(dictionary(hybrid(8,0,sliding_window_short(7,3)),continued_fractions(co_binary)))": 620,
	"opt(dictionary(hybrid(8,0,sliding_window_short(7,3)),continued_fractions(dichotomic)))": 437,
	"opt(dictionary(hybrid(8,0,sliding_window_short(7,3)),heuristic(use_first(halving,approximation))))": 519,
	"opt(dictionary(hybrid(8,0,sliding_window_short(7,3)),heuristic(use_first(halving,delta_largest))))": 819,
	"opt(dictionary(hybrid(8,0,sliding_window_short_rtl(7,3)),continued_fractions(binary)))": 620,
	"opt(dictionary(hybrid(8,0,sliding_window_short_rtl(7,3)),continued_fractions(co_binary)))": 620,
	"opt(dictionary(hybrid(8,0,sliding_window_short_rtl(7,3)),continued_fractions(dichotomic)))": 437,
	"opt(dictionary(hybrid(8,0,sliding_window_short_rtl(7,3)),heuristic(use_first(halving,approximation))))": 519,
	"opt(dictionary(hybrid(8,0,sliding_window_short_rtl(7,3)),heuristic(use_first(halving,delta_largest))))": 819,
	"opt(dictionary(hybrid(8,16,sliding_window(7)),continued_fractions(binary)))": 446,
	"opt(dictionary(hybrid(8,16,sliding_window(7)),continued_fractions(co_binary)))": 446,
	"opt(dictionary(hybrid(8,16,sliding_window(7)),continued_fractions(dichotomic)))": 446,
	"opt(dictionary(hybrid(8,16,sliding_window(7)),heuristic(use_first(halving,approximation))))": 445,
	"opt(dictionary(hybrid(8,16,sliding_window(7)),heuristic(use_first(halving,delta_largest))))": 445,
	"opt(dictionary(hybrid(8,16,sliding_window_short(7,3)),continued_fractions(binary)))": 446,
	"opt(dictionary(hybrid(8,16,sliding_window_short(7,3)),continued_fractions(co_binary)))": 446,
	"opt(dictionary(hybrid(8,16,sliding_window_short(7,3)),continued_fractions(dichotomic)))": 446,
	"opt(dictionary(hybrid(8,16,sliding_window_short(7,3)),heuristic(use_first(halving,approximation))))": 445,
	"opt(dictionary(hybrid(8,16,sliding_window_short(7,3)),heuristic(use_first(halving,delta_largest))))": 445,
	"opt(dictionary(hybrid(8,16,sliding_window_short_rtl(7,3)),continued_fractions(binary)))": 446,
	"opt(dictionary(hybrid(8,16,sliding_window_short_rtl(7,3)),continued_fractions(co_binary)))": 446,
	"opt(dictionary(hybrid(8,16,sliding_window_short_rtl(7,3)),continued_fractions(dichotomic)))": 446,
	"opt(dictionary(hybrid(8,16,sliding_window_short_rtl(7,3)),heuristic(use_first(halving,approximation))))": 445,
	"opt(dictionary(hybrid(8,16,sliding_window_short_rtl(7,3)),heuristic(use_first(halving,delta_largest))))": 445,
	"opt(dictionary(hybrid(8,32,sliding_window(7)),continued_fractions(binary)))": 434,
	"opt(dictionary(hybrid(8,32,sliding_window(7)),continued_fractions(co_binary)))": 434,
	"opt(dictionary(hybrid(8,32,sliding_window(7)),continued_fractions(dichotomic)))": 434,
	"opt(dictionary(hybrid(8,32,sliding_window(7)),heuristic(use_first(halving,approximation))))": 434,
	"opt(dictionary(hybrid(8,32,sliding_window(7)),heuristic(use_first(halving,delta_largest))))": 443,
	"opt(dictionary(hybrid(8,32,sliding_window_short(7,3)),continued_fractions(binary)))": 434,
	"opt(dictionary(hybrid(8,32,sliding_window_short(7,3)),continued_fractions(co_binary)))": 434,
	"opt(dictionary(hybrid(8,32,sliding_window_short(7,3)),continued_fractions(dichotomic)))": 434,
	"opt(dictionary(hybrid(8,32,sliding_window_short(7,3)),heuristic(use_first(halving,approximation))))": 434,
	"opt(dictionary(hybrid(8,32,sliding_window_short(7,3)),heuristic(use_first(halving,delta_largest))))": 443,
	"opt(dictionary(hybrid(8,32,sliding_window_short_rtl(7,3)),continued_fractions(binary)))": 434,
	"opt(dictionary(hybrid(8,32,sliding_window_short_rtl(7,3)),continued_fractions(co_binary)))": 434,
	"opt(dictionary(hybrid(8,32,sliding_window_short_rtl(7,3)),continued_fractions(dichotomic)))": 434,
	"opt(dictionary(hybrid(8,32,sliding_window_short_rtl(7,3)),heuristic(use_first(halving,approximation))))": 434,
	"opt(dictionary(hybrid(8,32,sliding_window_short_rtl(7,3)),heuristic(use_first(halving,delta_largest))))": 443,
	"opt(dictionary(hybrid(8,64,sliding_window(7)),continued_fractions(binary)))": 431,
	"opt(dictionary(hybrid(8,64,sliding_window(7)),continued_fractions(co_binary)))": 431,
	"opt(dictionary(hybrid(8,64,sliding_window(7)),continued_fractions(dichotomic)))": 430,
	"opt(dictionary(hybrid(8,64,sliding_window(7)),heuristic(use_first(halving,approximation))))": 429,
	"opt(dictionary(hybrid(8,64,sliding_window(7)),heuristic(use_first(halving,delta_largest))))": 448,
	"opt(dictionary(hybrid(8,64,sliding_window_short(7,3)),continued_fractions(binary)))": 431,
	"opt(dictionary(hybrid(8,64,sliding_window_short(7,3)),continued_fractions(co_binary)))": 431,
	"opt(dictionary(hybrid(8,64,sliding_window_short(7,3)),continued_fractions(dichotomic)))": 430,
	"opt(dictionary(hybrid(8,64,sliding_window_short(7,3)),heuristic(use_first(halving,approximation))))": 429,
	"opt(dictionary(hybrid(8,64,sliding_window_short(7,3)),heuristic(use_first(halving,delta_largest))))": 448,
	"opt(dictionary(hybrid(8,64,sliding_window_short_rtl(7,3)),continued_fractions(binary)))": 431,
	"opt(dictionary(hybrid(8,64,sliding_window_short_rtl(7,3)),continued_fractions(co_binary)))": 431,
	"opt(dictionary(hybrid(8,64,sliding_window_short_rtl(7,3)),continued_fractions(dichotomic)))": 430,
	"opt(dictionary(hybrid(8,64,sliding_window_short_rtl(7,3)),heuristic(use_first(halving,approximation))))": 429,
	"opt(dictionary(hybrid(8,64,sliding_window_short_rtl(7,3)),heuristic(use_first(halving,delta_largest))))": 448,
	"opt(dictionary(hybrid(9,0,sliding_window(8)),continued_fractions(binary)))": 620,
	"opt(dictionary(hybrid(9,0,sliding_window(8)),continued_fractions(co_binary)))": 620,
	"opt(dictionary(hybrid(9,0,sliding_window(8)),continued_fractions(dichotomic)))": 437,
	"opt(dictionary(hybrid(9,0,sliding_window(8)),heuristic(use_first(halving,approximation))))": 519,
	"opt(dictionary(hybrid(9,0,sliding_window(8)),heuristic(use_first(halving,delta_largest))))": 819,
	"opt(dictionary(hybrid(9,0,sliding_window_short(8,0)),continued_fractions(binary)))": 620,
	"opt(dictionary(hybrid(9,0,sliding_window_short(8,0)),continued_fractions(co_binary)))": 620,
	"opt(dictionary(hybrid(9,0,sliding_window_short(8,0)),continued_fractions(dichotomic)))": 437,
	"opt(dictionary(hybrid(9,0,sliding_window_short(8,0)),heuristic(use_first(halving,approximation))))": 519,
	"opt(dictionary(hybrid(9,0,sliding_window_short(8,0)),heuristic(use_first(halving,delta_largest))))": 819,
	"opt(dictionary(hybrid(9,0,sliding_window_short(8,4)),continued_fractions(binary)))": 620,
	"opt(dictionary(hybrid(9,0,sliding_window_short(8,4)),continued_fractions(co_binary)))": 620,
	"opt(dictionary(hybrid(9,0,sliding_window_short(8,4)),continued_fractions(dichotomic)))": 437,
	"opt(dictionary(hybrid(9,0,sliding_window_short(8,4)),heuristic(use_first(halving,approximation))))": 519,
	"opt(dictionary(hybrid(9,0,sliding_window_short(8,4)),heuristic(use_first(halving,delta_largest))))": 819,
	"opt(dictionary(hybrid(9,0,sliding_window_short_rtl(8,4)),continued_fractions(binary)))": 620,
	"opt(dictionary(hybrid(9,0,sliding_window_short_rtl(8,4)),continued_fractions(co_binary)))": 620,
	"opt(dictionary(hybrid(9,0,sliding_window_short_rtl(8,4)),continued_fractions(dichotomic)))": 437,
	"opt(dictionary(hybrid(9,0,sliding_window_short_rtl(8,4)),heuristic(use_first(halving,approximation))))": 519,
	"opt(dictionary(hybrid(9,0,sliding_window_short_rtl(8,4)),heuristic(use_first(halving,delta_largest))))": 819,
	"opt(dictionary(hybrid(9,16,sliding_window(8)),continued_fractions(binary)))": 446,
	"opt(dictionary(hybrid(9,16,sliding_window(8)),continued_fractions(co_binary)))": 446,
	"opt(dictionary(hybrid(9,16,sliding_window(8)),continued_fractions(dichotomic)))": 446,
	"opt(dictionary(hybrid(9,16,sliding_window(8)),heuristic(use_first(halving,approximation))))": 445,
	"opt(dictionary(hybrid(9,16,sliding_window(8)),heuristic(use_first(halving,delta_largest))))": 445,
	"opt(dictionary(hybrid(9,16,sliding_window_short(8,4)),continued_fractions(binary)))": 446,
	"opt(dictionary(hybrid(9,16,sliding_window_short(8,4)),continued_fractions(co_binary)))": 446,
	"opt(dictionary(hybrid(9,16,sliding_window_short(8,4)),continued_fractions(dichotomic)))": 446,
	"opt(dictionary(hybrid(9,16,sliding_window_short(8,4)),heuristic(use_first(halving,approximation))))": 445,
	"opt(dictionary(hybrid(9,16,sliding_window_short(8,4)),heuristic(use_first(halving,delta_largest))))": 445,
	"opt(dictionary(hybrid(9,16,sliding_window_short_rtl(8,4)),continued_fractions(binary)))": 446,
	"opt(dictionary(hybrid(9,16,sliding_window_short_rtl(8,4)),continued_fractions(co_binary)))": 446,
	"opt(dictionary(hybrid(9,16,sliding_window_short_rtl(8,4)),continued_fractions(dichotomic)))": 446,
	"opt(dictionary(hybrid(9,16,sliding_window_short_rtl(8,4)),heuristic(use_first(halving,approximation))))": 445,
	"opt(dictionary(hybrid(9,16,sliding_window_short_rtl(8,4)),heuristic(use_first(halving,delta_largest))))": 445,
	"opt(dictionary(hybrid(9,32,sliding_window(8)),continued_fractions(binary)))": 434,
	"opt(dictionary(hybrid(9,32,sliding_window(8)),continued_fractions(co_binary)))": 434,
	"opt(dictionary(hybrid(9,32,sliding_window(8)),continued_fractions(dichotomic)))": 434,
	"opt(dictionary(hybrid(9,32,sliding_window(8)),heuristic(use_first(halving,approximation))))": 434,
	"opt(dictionary(hybrid(9,32,sliding_window(8)),heuristic(use_first(halving,delta_largest))))": 443,
	"opt(dictionary(hybrid(9,32,sliding_window_short(8,4)),continued_fractions(binary)))": 434,
	"opt(dictionary(hybrid(9,32,sliding_window_short(8,4)),continued_fractions(co_binary)))": 434,
	"opt(dictionary(hybrid(9,32,sliding_window_short(8,4)),continued_fractions(dichotomic)))": 434,
	"opt(dictionary(hybrid(9,32,sliding_window_short(8,4)),heuristic(use_first(halving,approximation))))": 434,
	"opt(dictionary(hybrid(9,32,sliding_window_short(8,4)),heuristic(use_first(halving,delta_largest))))": 443,
	"opt(dictionary(hybrid(9,32,sliding_window_short_rtl(8,4)),continued_fractions(binary)))": 434,
	"opt(dictionary(hybrid(9,32,sliding_window_short_rtl(8,4)),continued_fractions(co_binary)))": 434,
	"opt(dictionary(hybrid(9,32,sliding_window_short_rtl(8,4)),continued_fractions(dichotomic)))": 434,
	"opt(dictionary(hybrid(9,32,sliding_window_short_rtl(8,4)),heuristic(use_first(halving,approximation))))": 434,
	"opt(dictionary(hybrid(9,32,sliding_window_short_rtl(8,4)),heuristic(use_first(halving,delta_largest))))": 443,
	"opt(dictionary(hybrid(9,64,sliding_window(8)),continued_fractions(binary)))": 431,
	"opt(dictionary(hybrid(9,64,sliding_window(8)),continued_fractions(co_binary)))": 431,
	"opt(dictionary(hybrid(9,64,sliding_window(8)),continued_fractions(dichotomic)))": 430,
	"opt(dictionary(hybrid(9,64,sliding_window(8)),heuristic(use_first(halving,approximation))))": 429,
	"opt(dictionary(hybrid(9,64,sliding_window(8)),heuristic(use_first(halving,delta_largest))))": 448,
	"opt(dictionary(hybrid(9,64,sliding_window_short(8,4)),continued_fractions(binary)))": 431,
	"opt(dictionary(hybrid(9,64,sliding_window_short(8,4)),continued_fractions(co_binary)))": 431,
	"opt(dictionary(hybrid(9,64,sliding_window_short(8,4)),continued_fractions(dichotomic)))": 430,
	"opt(dictionary(hybrid(9,64,sliding_window_short(8,4)),heuristic(use_first(halving,approximation))))": 429,
	"opt(dictionary(hybrid(9,64,sliding_window_short(8,4)),heuristic(use_first(halving,delta_largest))))": 448,
	"opt(dictionary(hybrid(9,64,sliding_window_short_rtl(8,4)),continued_fractions(binary)))": 431,
	"opt(dictionary(hybrid(9,64,sliding_window_short_rtl(8,4)),continued_fractions(co_binary)))": 431,
	"opt(dictionary(hybrid(9,64,sliding_window_short_rtl(8,4)),continued_fractions(dichotomic)))": 430,
	"opt(dictionary(hybrid(9,64,sliding_window_short_rtl(8,4)),heuristic(use_first(halving,approximation))))": 429,
	"opt(dictionary(hybrid(9,64,sliding_window_short_rtl(8,4)),heuristic(use_first(halving,delta_largest))))": 448,
	"opt(dictionary(run_length(0),continued_fractions(binary)))": 620,
	"opt(dictionary(run_length(0),continued_fractions(co_binary)))": 620,
	"opt(dictionary(run_length(0),continued_fractions(dichotomic)))": 427,
	"opt(dictionary(run_length(0),heuristic(use_first(halving,approximation))))": 620,
	"opt(dictionary(run_length(0),heuristic(use_first(halving,delta_largest))))": 821,
	"opt(dictionary(run_length(128),continued_fractions(binary)))": 433,
	"opt(dictionary(run_length(128),continued_fractions(co_binary)))": 433,
	"opt(dictionary(run_length(128),continued_fractions(dichotomic)))": 428,
	"opt(dictionary(run_length(128),heuristic(use_first(halving,approximation))))": 433,
	"opt(dictionary(run_length(128),heuristic(use_first(halving,delta_largest))))": 519,
	"opt(dictionary(run_length(16),continued_fractions(binary)))": 446,
	"opt(dictionary(run_length(16),continued_fractions(co_binary)))": 446,
	"opt(dictionary(run_length(16),continued_fractions(dichotomic)))": 446,
	"opt(dictionary(run_length(16),heuristic(use_first(halving,approximation))))": 446,
	"opt(dictionary(run_length(16),heuristic(use_first(halving,delta_largest))))": 446,
	"opt(dictionary(run_length(32),continued_fractions(binary)))": 435,
	"opt(dictionary(run_length(32),continued_fractions(co_binary)))": 435,
	"opt(dictionary(run_length(32),continued_fractions(dichotomic)))": 435,
	"opt(dictionary(run_length(32),heuristic(use_first(halving,approximation))))": 435,
	"opt(dictionary(run_length(32),heuristic(use_first(halving,delta_largest))))": 444,
	"opt(dictionary(run_length(64),continued_fractions(binary)))": 430,
	"opt(dictionary(run_length(64),continued_fractions(co_binary)))": 430,
	"opt(dictionary(run_length(64),continued_fractions(dichotomic)))": 430,
	"opt(dictionary(run_length(64),heuristic(use_first(halving,approximation))))": 430,
	"opt(dictionary(run_length(64),heuristic(use_first(halving,delta_largest))))": 448,
	"opt(dictionary(sliding_window(128),continued_fractions(binary)))": 449,
	"opt(dictionary(sliding_window(128),continued_fractions(co_binary)))": 449,
	"opt(dictionary(sliding_window(128),continued_fractions(dichotomic)))": 445,
	"opt(dictionary(sliding_window(128),heuristic(use_first(halving,approximation))))": 430,
	"opt(dictionary(sliding_window(128),heuristic(use_first(halving,delta_largest))))": 507,
	"opt(dictionary(sliding_window(16),continued_fractions(binary)))": 447,
	"opt(dictionary(sliding_window(16),continued_fractions(co_binary)))": 447,
	"opt(dictionary(sliding_window(16),continued_fractions(dichotomic)))": 446,
	"opt(dictionary(sliding_window(16),heuristic(use_first(halving,approximation))))": 449,
	"opt(dictionary(sliding_window(16),heuristic(use_first(halving,delta_largest))))": 449,
	"opt(dictionary(sliding_window(32),continued_fractions(binary)))": 441,
	"opt(dictionary(sliding_window(32),continued_fractions(co_binary)))": 441,
	"opt(dictionary(sliding_window(32),continued_fractions(dichotomic)))": 437,
	"opt(dictionary(sliding_window(32),heuristic(use_first(halving,approximation))))": 435,
	"opt(dictionary(sliding_window(32),heuristic(use_first(halving,delta_largest))))": 451,
	"opt(dictionary(sliding_window(4),continued_fractions(binary)))": 519,
	"opt(dictionary(sliding_window(4),continued_fractions(co_binary)))": 519,
	"opt(dictionary(sliding_window(4),continued_fractions(dichotomic)))": 519,
	"opt(dictionary(sliding_window(4),heuristic(use_first(halving,approximation))))": 519,
	"opt(dictionary(sliding_window(4),heuristic(use_first(halving,delta_largest))))": 519,
	"opt(dictionary(sliding_window(64),continued_fractions(binary)))": 439,
	"opt(dictionary(sliding_window(64),continued_fractions(co_binary)))": 439,
	"opt(dictionary(sliding_window(64),continued_fractions(dichotomic)))": 440,
	"opt(dictionary(sliding_window(64),heuristic(use_first(halving,approximation))))": 431,
	"opt(dictionary(sliding_window(64),heuristic(use_first(halving,delta_largest))))": 449,
	"opt(dictionary(sliding_window(8),continued_fractions(binary)))": 469,
	"opt(dictionary(sliding_window(8),continued_fractions(co_binary)))": 469,
	"opt(dictionary(sliding_window(8),continued_fractions(dichotomic)))": 468,
	"opt(dictionary(sliding_window(8),heuristic(use_first(halving,approximation))))": 470,
	"opt(dictionary(sliding_window(8),heuristic(use_first(halving,delta_largest))))": 470,
	"opt(dictionary(sliding_window_rtl(128),continued_fractions(binary)))": 463,
	"opt(dictionary(sliding_window_rtl(128),continued_fractions(co_binary)))": 463,
	"opt(dictionary(sliding_window_rtl(128),continued_fractions(dichotomic)))": 432,
	"opt(dictionary(sliding_window_rtl(128),heuristic(use_first(halving,approximation))))": 430,
	"opt(dictionary(sliding_window_rtl(128),heuristic(use_first(halving,delta_largest))))": 509,
	"opt(dictionary(sliding_window_rtl(16),continued_fractions(binary)))": 450,
	"opt(dictionary(sliding_window_rtl(16),continued_fractions(co_binary)))": 450,
	"opt(dictionary(sliding_window_rtl(16),continued_fractions(dichotomic)))": 449,
	"opt(dictionary(sliding_window_rtl(16),heuristic(use_first(halving,approximation))))": 450,
	"opt(dictionary(sliding_window_rtl(16),heuristic(use_first(halving,delta_largest))))": 453,
	"opt(dictionary(sliding_window_rtl(32),continued_fractions(binary)))": 444,
	"opt(dictionary(sliding_window_rtl(32),continued_fractions(co_binary)))": 444,
	"opt(dictionary(sliding_window_rtl(32),continued_fractions(dichotomic)))": 440,
	"opt(dictionary(sliding_window_rtl(32),heuristic(use_first(halving,approximation))))": 439,
	"opt(dictionary(sliding_window_rtl(32),heuristic(use_first(halving,delta_largest))))": 455,
	"opt(dictionary(sliding_window_rtl(4),continued_fractions(binary)))": 519,
	"opt(dictionary(sliding_window_rtl(4),continued_fractions(co_binary)))": 519,
	"opt(dictionary(sliding_window_rtl(4),continued_fractions(dichotomic)))": 519,
	"opt(dictionary(sliding_window_rtl(4),heuristic(use_first(halving,approximation))))": 519,
	"opt(dictionary(sliding_window_rtl(4),heuristic(use_first(halving,delta_largest))))": 519,
	"opt(dictionary(sliding_window_rtl(64),continued_fractions(binary)))": 443,
	"opt(dictionary(sliding_window_rtl(64),continued_fractions(co_binary)))": 444,
	"opt(dictionary(sliding_window_rtl(64),continued_fractions(dichotomic)))": 442,
	"opt(dictionary(sliding_window_rtl(64),heuristic(use_first(halving,approximation))))": 435,
	"opt(dictionary(sliding_window_rtl(64),heuristic(use_first(halving,delta_largest))))": 451,
	"opt(dictionary(sliding_window_rtl(8),continued_fractions(binary)))": 471,
	"opt(dictionary(sliding_window_rtl(8),continued_fractions(co_binary)))": 471,
	"opt(dictionary(sliding_window_rtl(8),continued_fractions(dichotomic)))": 471,
	"opt(dictionary(sliding_window_rtl(8),heuristic(use_first(halving,approximation))))": 472,
	"opt(dictionary(sliding_window_rtl(8),heuristic(use_first(halving,delta_largest))))": 472,
	"opt(dictionary(sliding_window_short(128,0),continued_fractions(binary)))": 449,
	"opt(dictionary(sliding_window_short(128,0),continued_fractions(co_binary)))": 449,
	"opt(dictionary(sliding_window_short(128,0),continued_fractions(dichotomic)))": 445,
	"opt(dictionary(sliding_window_short(128,0),heuristic(use_first(halving,approximation))))": 430,
	"opt(dictionary(sliding_window_short(128,0),heuristic(use_first(halving,delta_largest))))": 507,
	"opt(dictionary(sliding_window_short(128,64),continued_fractions(binary)))": 449,
	"opt(dictionary(sliding_window_short(128,64),continued_fractions(co_binary)))": 449,
	"opt(dictionary(sliding_window_short(128,64),continued_fractions(dichotomic)))": 445,
	"opt(dictionary(sliding_window_short(128,64),heuristic(use_first(halving,approximation))))": 430,
	"opt(dictionary(sliding_window_short(128,64),heuristic(use_first(halving,delta_largest))))": 507,
	"opt(dictionary(sliding_window_short(16,0),continued_fractions(binary)))": 447,
	"opt(dictionary(sliding_window_short(16,0),continued_fractions(co_binary)))": 447,
	"opt(dictionary(sliding_window_short(16,0),continued_fractions(dichotomic)))": 446,
	"opt(dictionary(sliding_window_short(16,0),heuristic(use_first(halving,approximation))))": 449,
	"opt(dictionary(sliding_window_short(16,0),heuristic(use_first(halving,delta_largest))))": 449,
	"opt(dictionary(sliding_window_short(16,8),continued_fractions(binary)))": 447,
	"opt(dictionary(sliding_window_short(16,8),continued_fractions(co_binary)))": 447,
	"opt(dictionary(sliding_window_short(16,8),continued_fractions(dichotomic)))": 446,
	"opt(dictionary(sliding_window_short(16,8),heuristic(use_first(halving,approximation))))": 449,
	"opt(dictionary(sliding_window_short(16,8),heuristic(use_first(halving,delta_largest))))": 449,
	"opt(dictionary(sliding_window_short(32,0),continued_fractions(binary)))": 441,
	"opt(dictionary(sliding_window_short(32,0),continued_fractions(co_binary)))": 441,
	"opt(dictionary(sliding_window_short(32,0),continued_fractions(dichotomic)))": 437,
	"opt(dictionary(sliding_window_short(32,0),heuristic(use_first(halving,approximation))))": 435,
	"opt(dictionary(sliding_window_short(32,0),heuristic(use_first(halving,delta_largest))))": 451,
	"opt(dictionary(sliding_window_short(32,16),continued_fractions(binary)))": 441,
	"opt(dictionary(sliding_window_short(32,16),continued_fractions(co_binary)))": 441,
	"opt(dictionary(sliding_window_short(32,16),continued_fractions(dichotomic)))": 437,
	"opt(dictionary(sliding_window_short(32,16),heuristic(use_first(halving,approximation))))": 435,
	"opt(dictionary(sliding_window_short(32,16),heuristic(use_first(halving,delta_largest))))": 451,
	"opt(dictionary(sliding_window_short(4,0),continued_fractions(binary)))": 519,
	"opt(dictionary(sliding_window_short(4,0),continued_fractions(co_binary)))": 519,
	"opt(dictionary(sliding_window_short(4,0),continued_fractions(dichotomic)))": 519,
	"opt(dictionary(sliding_window_short(4,0),heuristic(use_first(halving,approximation))))": 519,
	"opt(dictionary(sliding_window_short(4,0),heuristic(use_first(halving,delta_largest))))": 519,
	"opt(dictionary(sliding_window_short(4,2),continued_fractions(binary)))": 519,
	"opt(dictionary(sliding_window_short(4,2),continued_fractions(co_binary)))": 519,
	"opt(dictionary(sliding_window_short(4,2),continued_fractions(dichotomic)))": 519,
	"opt(dictionary(sliding_window_short(4,2),heuristic(use_first(halving,approximation))))": 519,
	"opt(dictionary(sliding_window_short(4,2),heuristic(use_first(halving,delta_largest))))": 519,
	"opt(dictionary(sliding_window_short(64,0),continued_fractions(binary)))": 439,
	"opt(dictionary(sliding_window_short(64,0),continued_fractions(co_binary)))": 439,
	"opt(dictionary(sliding_window_short(64,0),continued_fractions(dichotomic)))": 440,
	"opt(dictionary(sliding_window_short(64,0),heuristic(use_first(halving,approximation))))": 431,
	"opt(dictionary(sliding_window_short(64,0),heuristic(use_first(halving,delta_largest))))": 449,
	"opt(dictionary(sliding_window_short(64,32),continued_fractions(binary)))": 439,
	"opt(dictionary(sliding_window_short(64,32),continued_fractions(co_binary)))": 439,
	"opt(dictionary(sliding_window_short(64,32),continued_fractions(dichotomic)))": 440,
	"opt(dictionary(sliding_window_short(64,32),heuristic(use_first(halving,approximation))))": 431,
	"opt(dictionary(sliding_window_short(64,32),heuristic(use_first(halving,delta_largest))))": 449,
	"opt(dictionary(sliding_window_short(8,0),continued_fractions(binary)))": 469,
	"opt(dictionary(sliding_window_short(8,0),continued_fractions(co_binary)))": 469,
	"opt(dictionary(sliding_window_short(8,0),continued_fractions(dichotomic)))": 468,
	"opt(dictionary(sliding_window_short(8,0),heuristic(use_first(halving,approximation))))": 470,
	"opt(dictionary(sliding_window_short(8,0),heuristic(use_first(halving,delta_largest))))": 470,
	"opt(dictionary(sliding_window_short(8,4),continued_fractions(binary)))": 469,
	"opt(dictionary(sliding_window_short(8,4),continued_fractions(co_binary)))": 469,
	"opt(dictionary(sliding_window_short(8,4),continued_fractions(dichotomic)))": 468,
	"opt(dictionary(sliding_window_short(8,4),heuristic(use_first(halving,approximation))))": 470,
	"opt(dictionary(sliding_window_short(8,4),heuristic(use_first(halving,delta_largest))))": 470,
	"opt(dictionary(sliding_window_short_rtl(128,64),continued_fractions(binary)))": 464,
	"opt(dictionary(sliding_window_short_rtl(128,64),continued_fractions(co_binary)))": 465,
	"opt(dictionary(sliding_window_short_rtl(128,64),continued_fractions(dichotomic)))": 480,
	"opt(dictionary(sliding_window_short_rtl(128,64),heuristic(use_first(halving,approximation))))": 431,
	"opt(dictionary(sliding_window_short_rtl(128,64),heuristic(use_first(halving,delta_largest))))": 519,
	"opt(dictionary(sliding_window_short_rtl(16,8),continued_fractions(binary)))": 446,
	"opt(dictionary(sliding_window_short_rtl(16,8),continued_fractions(co_binary)))": 446,
	"opt(dictionary(sliding_window_short_rtl(16,8),continued_fractions(dichotomic)))": 446,
	"opt(dictionary(sliding_window_short_rtl(16,8),heuristic(use_first(halving,approximation))))": 445,
	"opt(dictionary(sliding_window_short_rtl(16,8),heuristic(use_first(halving,delta_largest))))": 445,
	"opt(dictionary(sliding_window_short_rtl(32,16),continued_fractions(binary)))": 434,
	"opt(dictionary(sliding_window_short_rtl(32,16),continued_fractions(co_binary)))": 434,
	"opt(dictionary(sliding_window_short_rtl(32,16),continued_fractions(dichotomic)))": 434,
	"opt(dictionary(sliding_window_short_rtl(32,16),heuristic(use_first(halving,approximation))))": 434,
	"opt(dictionary(sliding_window_short_rtl(32,16),heuristic(use_first(halving,delta_largest))))": 443,
	"opt(dictionary(sliding_window_short_rtl(4,2),continued_fractions(binary)))": 519,
	"opt(dictionary(sliding_window_short_rtl(4,2),continued_fractions(co_binary)))": 519,
	"opt(dictionary(sliding_window_short_rtl(4,2),continued_fractions(dichotomic)))": 519,
	"opt(dictionary(sliding_window_short_rtl(4,2),heuristic(use_first(halving,approximation))))": 519,
	"opt(dictionary(sliding_window_short_rtl(4,2),heuristic(use_first(halving,delta_largest))))": 519,
	"opt(dictionary(sliding_window_short_rtl(64,32),continued_fractions(binary)))": 431,
	"opt(dictionary(sliding_window_short_rtl(64,32),continued_fractions(co_binary)))": 431,
	"opt(dictionary(sliding_window_short_rtl(64,32),continued_fractions(dichotomic)))": 430,
	"opt(dictionary(sliding_window_short_rtl(64,32),heuristic(use_first(halving,approximation))))": 429,
	"opt(dictionary(sliding_window_short_rtl(64,32),heuristic(use_first(halving,delta_largest))))": 448,
	"opt(dictionary(sliding_window_short_rtl(8,4),continued_fractions(binary)))": 473,
	"opt(dictionary(sliding_window_short_rtl(8,4),continued_fractions(co_binary)))": 473,
	"opt(dictionary(sliding_window_short_rtl(8,4),continued_fractions(dichotomic)))": 473,
	"opt(dictionary(sliding_window_short_rtl(8,4),heuristic(use_first(halving,approximation))))": 469,
	"opt(dictionary(sliding_window_short_rtl(8,4),heuristic(use_first(halving,delta_largest))))": 469,
	"opt(runs(continued_fractions(binary)))": 427,
	"opt(runs(continued_fractions(co_binary)))": 427,
	"opt(runs(continued_fractions(dichotomic)))": 426,
	"opt(runs(heuristic(use_first(halving,approximation))))": 426,
	"opt(runs(heuristic(use_first(halving,delta_largest))))": 429
}