{
	"opt(dictionary(hybrid(11,10,sliding_window_short(10,5)),continued_fractions(binary)))": 288,
	"opt(dictionary(hybrid(11,10,sliding_window_short(10,5)),continued_fractions(co_binary)))": 288,
	"opt(dictionary(hybrid(11,10,sliding_window_short(10,5)),continued_fractions(dichotomic)))": 288,
	"opt(dictionary(hybrid(11,10,sliding_window_short(10,5)),heuristic(use_first(halving,approximation))))": 288,
	"opt(dictionary(hybrid(11,10,sliding_window_short(10,5)),heuristic(use_first(halving,delta_largest))))": 288,
	"opt(dictionary(hybrid(11,12,sliding_window_short(10,5)),continued_fractions(binary)))": 284,
	"opt(dictionary(hybrid(11,12,sliding_window_short(10,5)),continued_fractions(co_binary)))": 284,
	"opt(dictionary(hybrid(11,12,sliding_window_short(10,5)),continued_fractions(dichotomic)))": 284,
	"opt(dictionary(hybrid(11,12,sliding_window_short(10,5)),heuristic(use_first(halving,approximation))))": 282,
	"opt(dictionary(hybrid(11,12,sliding_window_short(10,5)),heuristic(use_first(halving,delta_largest))))": 282,
	"opt(dictionary(hybrid(11,14,sliding_window_short(10,5)),continued_fractions(binary)))": 280,
	"opt(dictionary(hybrid(11,14,sliding_window_short(10,5)),continued_fractions(co_binary)))": 280,
	"opt(dictionary(hybrid(11,14,sliding_window_short(10,5)),continued_fractions(dichotomic)))": 280,
	"opt(dictionary(hybrid(11,14,sliding_window_short(10,5)),heuristic(use_first(halving,approximation))))": 281,
	"opt(dictionary(hybrid(11,14,sliding_window_short(10,5)),heuristic(use_first(halving,delta_largest))))": 280,
	"opt(dictionary(hybrid(11,16,sliding_window_short(10,5)),continued_fractions(binary)))": 279,
	"opt(dictionary(hybrid(11,16,sliding_window_short(10,5)),continued_fractions(co_binary)))": 279,
	"opt(dictionary(hybrid(11,16,sliding_window_short(10,5)),continued_fractions(dichotomic)))": 279,
	"opt(dictionary(hybrid(11,16,sliding_window_short(10,5)),heuristic(use_first(halving,approximation))))": 278,
	"opt(dictionary(hybrid(11,16,sliding_window_short(10,5)),heuristic(use_first(halving,delta_largest))))": 280,
	"opt(dictionary(hybrid(11,18,sliding_window_short(10,5)),continued_fractions(binary)))": 279,
	"opt(dictionary(hybrid(11,18,sliding_window_short(10,5)),continued_fractions(co_binary)))": 279,
	"opt(dictionary(hybrid(11,18,sliding_window_short(10,5)),continued_fractions(dichotomic)))": 279,
	"opt(dictionary(hybrid(11,18,sliding_window_short(10,5)),heuristic(use_first(halving,approximation))))": 279,
	"opt(dictionary(hybrid(11,18,sliding_window_short(10,5)),heuristic(use_first(halving,delta_largest))))": 279,
	"opt(dictionary(hybrid(11,20,sliding_window_short(10,5)),continued_fractions(binary)))": 277,
	"opt(dictionary(hybrid(11,20,sliding_window_short(10,5)),continued_fractions(co_binary)))": 277,
	"opt(dictionary(hybrid(11,20,sliding_window_short(10,5)),continued_fractions(dichotomic)))": 277,
	"opt(dictionary(hybrid(11,20,sliding_window_short(10,5)),heuristic(use_first(halving,approximation))))": 277,
	"opt(dictionary(hybrid(11,20,sliding_window_short(10,5)),heuristic(use_first(halving,delta_largest))))": 277,
	"opt(dictionary(hybrid(13,12,sliding_window_short(12,6)),continued_fractions(binary)))": 284,
	"opt(dictionary(hybrid(13,12,sliding_window_short(12,6)),continued_fractions(co_binary)))": 284,
	"opt(dictionary(hybrid(13,12,sliding_window_short(12,6)),continued_fractions(dichotomic)))": 284,
	"opt(dictionary(hybrid(13,12,sliding_window_short(12,6)),heuristic(use_first(halving,approximation))))": 282,
	"opt(dictionary(hybrid(13,12,sliding_window_short(12,6)),heuristic(use_first(halving,delta_largest))))": 282,
	"opt(dictionary(hybrid(13,14,sliding_window_short(12,6)),continued_fractions(binary)))": 280,
	"opt(dictionary(hybrid(13,14,sliding_window_short(12,6)),continued_fractions(co_binary)))": 280,
	"opt(dictionary(hybrid(13,14,sliding_window_short(12,6)),continued_fractions(dichotomic)))": 280,
	"opt(dictionary(hybrid(13,14,sliding_window_short(12,6)),heuristic(use_first(halving,approximation))))": 281,
	"opt(dictionary(hybrid(13,14,sliding_window_short(12,6)),heuristic(use_first(halving,delta_largest))))": 280,
	"opt(dictionary(hybrid(13,16,sliding_window_short(12,6)),continued_fractions(binary)))": 280,
	"opt(dictionary(hybrid(13,16,sliding_window_short(12,6)),continued_fractions(co_binary)))": 280,
	"opt(dictionary(hybrid(13,16,sliding_window_short(12,6)),continued_fractions(dichotomic)))": 280,
	"opt(dictionary(hybrid(13,16,sliding_window_short(12,6)),heuristic(use_first(halving,approximation))))": 279,
	"opt(dictionary(hybrid(13,16,sliding_window_short(12,6)),heuristic(use_first(halving,delta_largest))))": 280,
	"opt(dictionary(hybrid(13,18,sliding_window_short(12,6)),continued_fractions(binary)))": 278,
	"opt(dictionary(hybrid(13,18,sliding_window_short(12,6)),continued_fractions(co_binary)))": 278,
	"opt(dictionary(hybrid(13,18,sliding_window_short(12,6)),continued_fractions(dichotomic)))": 278,
	"opt(dictionary(hybrid(13,18,sliding_window_short(12,6)),heuristic(use_first(halving,approximation))))": 280,
	"opt(dictionary(hybrid(13,18,sliding_window_short(12,6)),heuristic(use_first(halving,delta_largest))))": 280,
	"opt(dictionary(hybrid(13,20,sliding_window_short(12,6)),continued_fractions(binary)))": 277,
	"opt(dictionary(hybrid(13,20,sliding_window_short(12,6)),continued_fractions(co_binary)))": 277,
	"opt(dictionary(hybrid(13,20,sliding_window_short(12,6)),continued_fractions(dichotomic)))": 277,
	"opt(dictionary(hybrid(13,20,sliding_window_short(12,6)),heuristic(use_first(halving,approximation))))": 277,
	"opt(dictionary(hybrid(13,20,sliding_window_short(12,6)),heuristic(use_first(halving,delta_largest))))": 277,
	"opt(dictionary(hybrid(13,22,sliding_window_short(12,6)),continued_fractions(binary)))": 279,
	"opt(dictionary(hybrid(13,22,sliding_window_short(12,6)),continued_fractions(co_binary)))": 279,
	"opt(dictionary(hybrid(13,22,sliding_window_short(12,6)),continued_fractions(dichotomic)))": 275,
	"opt(dictionary(hybrid(13,22,sliding_window_short(12,6)),heuristic(use_first(halving,approximation))))": 275,
	"opt(dictionary(hybrid(13,22,sliding_window_short(12,6)),heuristic(use_first(halving,delta_largest))))": 286,
	"opt(dictionary(hybrid(15,14,sliding_window_short(14,7)),continued_fractions(binary)))": 279,
	"opt(dictionary(hybrid(15,14,sliding_window_short(14,7)),continued_fractions(co_binary)))": 279,
	"opt(dictionary(hybrid(15,14,sliding_window_short(14,7)),continued_fractions(dichotomic)))": 279,
	"opt(dictionary(hybrid(15,14,sliding_window_short(14,7)),heuristic(use_first(halving,approximation))))": 283,
	"opt(dictionary(hybrid(15,14,sliding_window_short(14,7)),heuristic(use_first(halving,delta_largest))))": 283,
	"opt(dictionary(hybrid(15,16,sliding_window_short(14,7)),continued_fractions(binary)))": 279,
	"opt(dictionary(hybrid(15,16,sliding_window_short(14,7)),continued_fractions(co_binary)))": 279,
	"opt(dictionary(hybrid(15,16,sliding_window_short(14,7)),continued_fractions(dichotomic)))": 279,
	"opt(dictionary(hybrid(15,16,sliding_window_short(14,7)),heuristic(use_first(halving,approximation))))": 279,
	"opt(dictionary(hybrid(15,16,sliding_window_short(14,7)),heuristic(use_first(halving,delta_largest))))": 279,
	"opt(dictionary(hybrid(15,18,sliding_window_short(14,7)),continued_fractions(binary)))": 278,
	"opt(dictionary(hybrid(15,18,sliding_window_short(14,7)),continued_fractions(co_binary)))": 278,
	"opt(dictionary(hybrid(15,18,sliding_window_short(14,7)),continued_fractions(dichotomic)))": 278,
	"opt(dictionary(hybrid(15,18,sliding_window_short(14,7)),heuristic(use_first(halving,approximation))))": 280,
	"opt(dictionary(hybrid(15,18,sliding_window_short(14,7)),heuristic(use_first(halving,delta_largest))))": 280,
	"opt(dictionary(hybrid(15,20,sliding_window_short(14,7)),continued_fractions(binary)))": 277,
	"opt(dictionary(hybrid(15,20,sliding_window_short(14,7)),continued_fractions(co_binary)))": 277,
	"opt(dictionary(hybrid(15,20,sliding_window_short(14,7)),continued_fractions(dichotomic)))": 277,
	"opt(dictionary(hybrid(15,20,sliding_window_short(14,7)),heuristic(use_first(halving,approximation))))": 277,
	"opt(dictionary(hybrid(15,20,sliding_window_short(14,7)),heuristic(use_first(halving,delta_largest))))": 277,
	"opt(dictionary(hybrid(15,22,sliding_window_short(14,7)),continued_fractions(binary)))": 279,
	"opt(dictionary(hybrid(15,22,sliding_window_short(14,7)),continued_fractions(co_binary)))": 279,
	"opt(dictionary(hybrid(15,22,sliding_window_short(14,7)),continued_fractions(dichotomic)))": 275,
	"opt(dictionary(hybrid(15,22,sliding_window_short(14,7)),heuristic(use_first(halving,approximation))))": 275,
	"opt(dictionary(hybrid(15,22,sliding_window_short(14,7)),heuristic(use_first(halving,delta_largest))))": 286,
	"opt(dictionary(hybrid(15,24,sliding_window_short(14,7)),continued_fractions(binary)))": 275,
	"opt(dictionary(hybrid(15,24,sliding_window_short(14,7)),continued_fractions(co_binary)))": 275,
	"opt(dictionary(hybrid(15,24,sliding_window_short(14,7)),continued_fractions(dichotomic)))": 275,
	"opt(dictionary(hybrid(15,24,sliding_window_short(14,7)),heuristic(use_first(halving,approximation))))": 274,
	"opt(dictionary(hybrid(15,24,sliding_window_short(14,7)),heuristic(use_first(halving,delta_largest))))": 281,
	"opt(dictionary(hybrid(17,16,sliding_window_short(16,8)),continued_fractions(binary)))": 279,
	"opt(dictionary(hybrid(17,16,sliding_window_short(16,8)),continued_fractions(co_binary)))": 279,
	"opt(dictionary(hybrid(17,16,sliding_window_short(16,8)),continued_fractions(dichotomic)))": 279,
	"opt(dictionary(hybrid(17,16,sliding_window_short(16,8)),heuristic(use_first(halving,approximation))))": 279,
	"opt(dictionary(hybrid(17,16,sliding_window_short(16,8)),heuristic(use_first(halving,delta_largest))))": 279,
	"opt(dictionary(hybrid(17,18,sliding_window_short(16,8)),continued_fractions(binary)))": 278,
	"opt(dictionary(hybrid(17,18,sliding_window_short(16,8)),continued_fractions(co_binary)))": 278,
	"opt(dictionary(hybrid(17,18,sliding_window_short(16,8)),continued_fractions(dichotomic)))": 278,
	"opt(dictionary(hybrid(17,18,sliding_window_short(16,8)),heuristic(use_first(halving,approximation))))": 280,
	"opt(dictionary(hybrid(17,18,sliding_window_short(16,8)),heuristic(use_first(halving,delta_largest))))": 280,
	"opt(dictionary(hybrid(17,20,sliding_window_short(16,8)),continued_fractions(binary)))": 277,
	"opt(dictionary(hybrid(17,20,sliding_window_short(16,8)),continued_fractions(co_binary)))": 277,
	"opt(dictionary(hybrid(17,20,sliding_window_short(16,8)),continued_fractions(dichotomic)))": 277,
	"opt(dictionary(hybrid(17,20,sliding_window_short(16,8)),heuristic(use_first(halving,approximation))))": 277,
	"opt(dictionary(hybrid(17,20,sliding_window_short(16,8)),heuristic(use_first(halving,delta_largest))))": 277,
	"opt(dictionary(hybrid(17,22,sliding_window_short(16,8)),continued_fractions(binary)))": 279,
	"opt(dictionary(hybrid(17,22,sliding_window_short(16,8)),continued_fractions(co_binary)))": 279,
	"opt(dictionary(hybrid(17,22,sliding_window_short(16,8)),continued_fractions(dichotomic)))": 275,
	"opt(dictionary(hybrid(17,22,sliding_window_short(16,8)),heuristic(use_first(halving,approximation))))": 275,
	"opt(dictionary(hybrid(17,22,sliding_window_short(16,8)),heuristic(use_first(halving,delta_largest))))": 286,
	"opt(dictionary(hybrid(17,24,sliding_window_short(16,8)),continued_fractions(binary)))": 275,
	"opt(dictionary(hybrid(17,24,sliding_window_short(16,8)),continued_fractions(co_binary)))": 275,
	"opt(dictionary(hybrid(17,24,sliding_window_short(16,8)),continued_fractions(dichotomic)))": 275,
	"opt(dictionary(hybrid(17,24,sliding_window_short(16,8)),heuristic(use_first(halving,approximation))))": 274,
	"opt(dictionary(hybrid(17,24,sliding_window_short(16,8)),heuristic(use_first(halving,delta_largest))))": 281,
	"opt(dictionary(hybrid(17,26,sliding_window_short(16,8)),continued_fractions(binary)))": 273,
	"opt(dictionary(hybrid(17,26,sliding_window_short(16,8)),continued_fractions(co_binary)))": 273,
	"opt(dictionary(hybrid(17,26,sliding_window_short(16,8)),continued_fractions(dichotomic)))": 273,
	"opt(dictionary(hybrid(17,26,sliding_window_short(16,8)),heuristic(use_first(halving,approximation))))": 274,
	"opt(dictionary(hybrid(17,26,sliding_window_short(16,8)),heuristic(use_first(halving,delta_largest))))": 274,
	"opt(dictionary(hybrid(19,18,sliding_window_short(18,9)),continued_fractions(binary)))": 278,
	"opt(dictionary(hybrid(19,18,sliding_window_short(18,9)),continued_fractions(co_binary)))": 278,
	"opt(dictionary(hybrid(19,18,sliding_window_short(18,9)),continued_fractions(dichotomic)))": 278,
	"opt(dictionary(hybrid(19,18,sliding_window_short(18,9)),heuristic(use_first(halving,approximation))))": 280,
	"opt(dictionary(hybrid(19,18,sliding_window_short(18,9)),heuristic(use_first(halving,delta_largest))))": 280,
	"opt(dictionary(hybrid(19,20,sliding_window_short(18,9)),continued_fractions(binary)))": 277,
	"opt(dictionary(hybrid(19,20,sliding_window_short(18,9)),continued_fractions(co_binary)))": 277,
	"opt(dictionary(hybrid(19,20,sliding_window_short(18,9)),continued_fractions(dichotomic)))": 277,
	"opt(dictionary(hybrid(19,20,sliding_window_short(18,9)),heuristic(use_first(halving,approximation))))": 277,
	"opt(dictionary(hybrid(19,20,sliding_window_short(18,9)),heuristic(use_first(halving,delta_largest))))": 277,
	"opt(dictionary(hybrid(19,22,sliding_window_short(18,9)),continued_fractions(binary)))": 279,
	"opt(dictionary(hybrid(19,22,sliding_window_short(18,9)),continued_fractions(co_binary)))": 279,
	"opt(dictionary(hybrid(19,22,sliding_window_short(18,9)),continued_fractions(dichotomic)))": 275,
	"opt(dictionary(hybrid(19,22,sliding_window_short(18,9)),heuristic(use_first(halving,approximation))))": 275,
	"opt(dictionary(hybrid(19,22,sliding_window_short(18,9)),heuristic(use_first(halving,delta_largest))))": 286,
	"opt(dictionary(hybrid(19,24,sliding_window_short(18,9)),continued_fractions(binary)))": 275,
	"opt(dictionary(hybrid(19,24,sliding_window_short(18,9)),continued_fractions(co_binary)))": 275,
	"opt(dictionary(hybrid(19,24,sliding_window_short(18,9)),continued_fractions(dichotomic)))": 275,
	"opt(dictionary(hybrid(19,24,sliding_window_short(18,9)),heuristic(use_first(halving,approximation))))": 274,
	"opt(dictionary(hybrid(19,24,sliding_window_short(18,9)),heuristic(use_first(halving,delta_largest))))": 281,
	"opt(dictionary(hybrid(19,26,sliding_window_short(18,9)),continued_fractions(binary)))": 273,
	"opt(dictionary(hybrid(19,26,sliding_window_short(18,9)),continued_fractions(co_binary)))": 273,
	"opt(dictionary(hybrid(19,26,sliding_window_short(18,9)),continued_fractions(dichotomic)))": 273,
	"opt(dictionary(hybrid(19,26,sliding_window_short(18,9)),heuristic(use_first(halving,approximation))))": 274,
	"opt(dictionary(hybrid(19,26,sliding_window_short(18,9)),heuristic(use_first(halving,delta_largest))))": 274,
	"opt(dictionary(hybrid(19,28,sliding_window_short(18,9)),continued_fractions(binary)))": 273,
	"opt(dictionary(hybrid(19,28,sliding_window_short(18,9)),continued_fractions(co_binary)))": 273,
	"opt(dictionary(hybrid(19,28,sliding_window_short(18,9)),continued_fractions(dichotomic)))": 272,
	"opt(dictionary(hybrid(19,28,sliding_window_short(18,9)),heuristic(use_first(halving,approximation))))": 274,
	"opt(dictionary(hybrid(19,28,sliding_window_short(18,9)),heuristic(use_first(halving,delta_largest))))": 283,
	"opt(dictionary(hybrid(21,20,sliding_window_short(20,10)),continued_fractions(binary)))": 277,
	"opt(dictionary(hybrid(21,20,sliding_window_short(20,10)),continued_fractions(co_binary)))": 277,
	"opt(dictionary(hybrid(21,20,sliding_window_short(20,10)),continued_fractions(dichotomic)))": 277,
	"opt(dictionary(hybrid(21,20,sliding_window_short(20,10)),heuristic(use_first(halving,approximation))))": 277,
	"opt(dictionary(hybrid(21,20,sliding_window_short(20,10)),heuristic(use_first(halving,delta_largest))))": 277,
	"opt(dictionary(hybrid(21,22,sliding_window_short(20,10)),continued_fractions(binary)))": 279,
	"opt(dictionary(hybrid(21,22,sliding_window_short(20,10)),continued_fractions(co_binary)))": 279,
	"opt(dictionary(hybrid(21,22,sliding_window_short(20,10)),continued_fractions(dichotomic)))": 275,
	"opt(dictionary(hybrid(21,22,sliding_window_short(20,10)),heuristic(use_first(halving,approximation))))": 275,
	"opt(dictionary(hybrid(21,22,sliding_window_short(20,10)),heuristic(use_first(halving,delta_largest))))": 286,
	"opt(dictionary(hybrid(21,24,sliding_window_short(20,10)),continued_fractions(binary)))": 275,
	"opt(dictionary(hybrid(21,24,sliding_window_short(20,10)),continued_fractions(co_binary)))": 275,
	"opt(dictionary(hybrid(21,24,sliding_window_short(20,10)),continued_fractions(dichotomic)))": 275,
	"opt(dictionary(hybrid(21,24,sliding_window_short(20,10)),heuristic(use_first(halving,approximation))))": 274,
	"opt(dictionary(hybrid(21,24,sliding_window_short(20,10)),heuristic(use_first(halving,delta_largest))))": 281,
	"opt(dictionary(hybrid(21,26,sliding_window_short(20,10)),continued_fractions(binary)))": 273,
	"opt(dictionary(hybrid(21,26,sliding_window_short(20,10)),continued_fractions(co_binary)))": 273,
	"opt(dictionary(hybrid(21,26,sliding_window_short(20,10)),continued_fractions(dichotomic)))": 273,
	"opt(dictionary(hybrid(21,26,sliding_window_short(20,10)),heuristic(use_first(halving,approximation))))": 274,
	"opt(dictionary(hybrid(21,26,sliding_window_short(20,10)),heuristic(use_first(halving,delta_largest))))": 274,
	"opt(dictionary(hybrid(21,28,sliding_window_short(20,10)),continued_fractions(binary)))": 273,
	"opt(dictionary(hybrid(21,28,sliding_window_short(20,10)),continued_fractions(co_binary)))": 273,
	"opt(dictionary(hybrid(21,28,sliding_window_short(20,10)),continued_fractions(dichotomic)))": 272,
	"opt(dictionary(hybrid(21,28,sliding_window_short(20,10)),heuristic(use_first(halving,approximation))))": 274,
	"opt(dictionary(hybrid(21,28,sliding_window_short(20,10)),heuristic(use_first(halving,delta_largest))))": 283,
	"opt(dictionary(hybrid(21,30,sliding_window_short(20,10)),continued_fractions(binary)))": 272,
	"opt(dictionary(hybrid(21,30,sliding_window_short(20,10)),continued_fractions(co_binary)))": 272,
	"opt(dictionary(hybrid(21,30,sliding_window_short(20,10)),continued_fractions(dichotomic)))": 272,
	"opt(dictionary(hybrid(21,30,sliding_window_short(20,10)),heuristic(use_first(halving,approximation))))": 272,
	"opt(dictionary(hybrid(21,30,sliding_window_short(20,10)),heuristic(use_first(halving,delta_largest))))": 272,
	"opt(dictionary(hybrid(3,0,sliding_window(2)),continued_fractions(binary)))": 277,
	"opt(dictionary(hybrid(3,0,sliding_window(2)),continued_fractions(co_binary)))": 277,
	"opt(dictionary(hybrid(3,0,sliding_window(2)),continued_fractions(dichotomic)))": 270,
	"opt(dictionary(hybrid(3,0,sliding_window(2)),heuristic(use_first(halving,approximation))))": 277,
	"opt(dictionary(hybrid(3,0,sliding_window(2)),heuristic(use_first(halving,delta_largest))))": 457,
	"opt(dictionary(hybrid(3,0,sliding_window_short(2,0)),continued_fractions(binary)))": 277,
	"opt(dictionary(hybrid(3,0,sliding_window_short(2,0)),continued_fractions(co_binary)))": 277,
	"opt(dictionary(hybrid(3,0,sliding_window_short(2,0)),continued_fractions(dichotomic)))": 270,
	"opt(dictionary(hybrid(3,0,sliding_window_short(2,0)),heuristic(use_first(halving,approximation))))": 277,
	"opt(dictionary(hybrid(3,0,sliding_window_short(2,0)),heuristic(use_first(halving,delta_largest))))": 457,
	"opt(dictionary(hybrid(3,0,sliding_window_short(2,1)),continued_fractions(binary)))": 277,
	"opt(dictionary(hybrid(3,0,sliding_window_short(2,1)),continued_fractions(co_binary)))": 277,
	"opt(dictionary(hybrid(3,0,sliding_window_short(2,1)),continued_fractions(dichotomic)))": 270,
	"opt(dictionary(hybrid(3,0,sliding_window_short(2,1)),heuristic(use_first(halving,approximation))))": 277,
	"opt(dictionary(hybrid(3,0,sliding_window_short(2,1)),heuristic(use_first(halving,delta_largest))))": 457,
	"opt(dictionary(hybrid(3,0,sliding_window_short_rtl(2,1)),continued_fractions(binary)))": 277,
	"opt(dictionary(hybrid(3,0,sliding_window_short_rtl(2,1)),continued_fractions(co_binary)))": 277,
	"opt(dictionary(hybrid(3,0,sliding_window_short_rtl(2,1)),continued_fractions(dichotomic)))": 270,
	"opt(dictionary(hybrid(3,0,sliding_window_short_rtl(2,1)),heuristic(use_first(halving,approximation))))": 277,
	"opt(dictionary(hybrid(3,0,sliding_window_short_rtl(2,1)),heuristic(use_first(halving,delta_largest))))": 457,
	"opt(dictionary(hybrid(3,16,sliding_window(2)),continued_fractions(binary)))": 278,
	"opt(dictionary(hybrid(3,16,sliding_window(2)),continued_fractions(co_binary)))": 278,
	"opt(dictionary(hybrid(3,16,sliding_window(2)),continued_fractions(dichotomic)))": 278,
	"opt(dictionary(hybrid(3,16,sliding_window(2)),heuristic(use_first(halving,approximation))))": 278,
	"opt(dictionary(hybrid(3,16,sliding_window(2)),heuristic(use_first(halving,delta_largest))))": 280,
	"opt(dictionary(hybrid(3,16,sliding_window_short(2,1)),continued_fractions(binary)))": 278,
	"opt(dictionary(hybrid(3,16,sliding_window_short(2,1)),continued_fractions(co_binary)))": 278,
	"opt(dictionary(hybrid(3,16,sliding_window_short(2,1)),continued_fractions(dichotomic)))": 278,
	"opt(dictionary(hybrid(3,16,sliding_window_short(2,1)),heuristic(use_first(halving,approximation))))": 278,
	"opt(dictionary(hybrid(3,16,sliding_window_short(2,1)),heuristic(use_first(halving,delta_largest))))": 280,
	"opt(dictionary(hybrid(3,16,sliding_window_short_rtl(2,1)),continued_fractions(binary)))": 278,
	"opt(dictionary(hybrid(3,16,sliding_window_short_rtl(2,1)),continued_fractions(co_binary)))": 278,
	"opt(dictionary(hybrid(3,16,sliding_window_short_rtl(2,1)),continued_fractions(dichotomic)))": 278,
	"opt(dictionary(hybrid(3,16,sliding_window_short_rtl(2,1)),heuristic(use_first(halving,approximation))))": 278,
	"opt(dictionary(hybrid(3,16,sliding_window_short_rtl(2,1)),heuristic(use_first(halving,delta_largest))))": 280,
	"opt(dictionary(hybrid(3,32,sliding_window(2)),continued_fractions(binary)))": 272,
	"opt(dictionary(hybrid(3,32,sliding_window(2)),continued_fractions(co_binary)))": 272,
	"opt(dictionary(hybrid(3,32,sliding_window(2)),continued_fractions(dichotomic)))": 272,
	"opt(dictionary(hybrid(3,32,sliding_window(2)),heuristic(use_first(halving,approximation))))": 272,
	"opt(dictionary(hybrid(3,32,sliding_window(2)),heuristic(use_first(halving,delta_largest))))": 276,
	"opt(dictionary(hybrid(3,32,sliding_window_short(2,1)),continued_fractions(binary)))": 272,
	"opt(dictionary(hybrid(3,32,sliding_window_short(2,1)),continued_fractions(co_binary)))": 272,
	"opt(dictionary(hybrid(3,32,sliding_window_short(2,1)),continued_fractions(dichotomic)))": 272,
	"opt(dictionary(hybrid(3,32,sliding_window_short(2,1)),heuristic(use_first(halving,approximation))))": 272,
	"opt(dictionary(hybrid(3,32,sliding_window_short(2,1)),heuristic(use_first(halving,delta_largest))))": 276,
	"opt(dictionary(hybrid(3,32,sliding_window_short_rtl(2,1)),continued_fractions(binary)))": 272,
	"opt(dictionary(hybrid(3,32,sliding_window_short_rtl(2,1)),continued_fractions(co_binary)))": 272,
	"opt(dictionary(hybrid(3,32,sliding_window_short_rtl(2,1)),continued_fractions(dichotomic)))": 272,
	"opt(dictionary(hybrid(3,32,sliding_window_short_rtl(2,1)),heuristic(use_first(halving,approximation))))": 272,
	"opt(dictionary(hybrid(3,32,sliding_window_short_rtl(2,1)),heuristic(use_first(halving,delta_largest))))": 276,
	"opt(dictionary(hybrid(3,64,sliding_window(2)),continued_fractions(binary)))": 270,
	"opt(dictionary(hybrid(3,64,sliding_window(2)),continued_fractions(co_binary)))": 270,
	"opt(dictionary(hybrid(3,64,sliding_window(2)),continued_fractions(dichotomic)))": 270,
	"opt(dictionary(hybrid(3,64,sliding_window(2)),heuristic(use_first(halving,approximation))))": 270,
	"opt(dictionary(hybrid(3,64,sliding_window(2)),heuristic(use_first(halving,delta_largest))))": 277,
	"opt(dictionary(hybrid(3,64,sliding_window_short(2,1)),continued_fractions(binary)))": 270,
	"opt(dictionary(hybrid(3,64,sliding_window_short(2,1)),continued_fractions(co_binary)))": 270,
	"opt(dictionary(hybrid(3,64,sliding_window_short(2,1)),continued_fractions(dichotomic)))": 270,
	"opt(dictionary(hybrid(3,64,sliding_window_short(2,1)),heuristic(use_first(halving,approximation))))": 270,
	"opt(dictionary(hybrid(3,64,sliding_window_short(2,1)),heuristic(use_first(halving,delta_largest))))": 277,
	"opt(dictionary(hybrid(3,64,sliding_window_short_rtl(2,1)),continued_fractions(binary)))": 270,
	"opt(dictionary(hybrid(3,64,sliding_window_short_rtl(2,1)),continued_fractions(co_binary)))": 270,
	"opt(dictionary(hybrid(3,64,sliding_window_short_rtl(2,1)),continued_fractions(dichotomic)))": 270,
	"opt(dictionary(hybrid(3,64,sliding_window_short_rtl(2,1)),heuristic(use_first(halving,approximation))))": 270,
	"opt(dictionary(hybrid(3,64,sliding_window_short_rtl(2,1)),heuristic(use_first(halving,delta_largest))))": 277,
	"opt(dictionary(hybrid(4,0,sliding_window(3)),continued_fractions(binary)))": 277,
	"opt(dictionary(hybrid(4,0,sliding_window(3)),continued_fractions(co_binary)))": 277,
	"opt(dictionary(hybrid(4,0,sliding_window(3)),continued_fractions(dichotomic)))": 270,
	"opt(dictionary(hybrid(4,0,sliding_window(3)),heuristic(use_first(halving,approximation))))": 277,
	"opt(dictionary(hybrid(4,0,sliding_window(3)),heuristic(use_first(halving,delta_largest))))": 458,
	"opt(dictionary(hybrid(4,0,sliding_window_short(3,0)),continued_fractions(binary)))": 277,
	"opt(dictionary(hybrid(4,0,sliding_window_short(3,0)),continued_fractions(co_binary)))": 277,
	"opt(dictionary(hybrid(4,0,sliding_window_short(3,0)),continued_fractions(dichotomic)))": 270,
	"opt(dictionary(hybrid(4,0,sliding_window_short(3,0)),heuristic(use_first(halving,approximation))))": 277,
	"opt(dictionary(hybrid(4,0,sliding_window_short(3,0)),heuristic(use_first(halving,delta_largest))))": 457,
	"opt(dictionary(hybrid(4,0,sliding_window_short(3,1)),continued_fractions(binary)))": 277,
	"opt(dictionary(hybrid(4,0,sliding_window_short(3,1)),continued_fractions(co_binary)))": 277,
	"opt(dictionary(hybrid(4,0,sliding_window_short(3,1)),continued_fractions(dichotomic)))": 270,
	"opt(dictionary(hybrid(4,0,sliding_window_short(3,1)),heuristic(use_first(halving,approximation))))": 277,
	"opt(dictionary(hybrid(4,0,sliding_window_short(3,1)),heuristic(use_first(halving,delta_largest))))": 457,
	"opt(dictionary(hybrid(4,0,sliding_window_short_rtl(3,1)),continued_fractions(binary)))": 277,
	"opt(dictionary(hybrid(4,0,sliding_window_short_rtl(3,1)),continued_fractions(co_binary)))": 277,
	"opt(dictionary(hybrid(4,0,sliding_window_short_rtl(3,1)),continued_fractions(dichotomic)))": 270,
	"opt(dictionary(hybrid(4,0,sliding_window_short_rtl(3,1)),heuristic(use_first(halving,approximation))))": 277,
	"opt(dictionary(hybrid(4,0,sliding_window_short_rtl(3,1)),heuristic(use_first(halving,delta_largest))))": 457,
	"opt(dictionary(hybrid(4,16,sliding_window(3)),continued_fractions(binary)))": 278,
	"opt(dictionary(hybrid(4,16,sliding_window(3)),continued_fractions(co_binary)))": 278,
	"opt(dictionary(hybrid(4,16,sliding_window(3)),continued_fractions(dichotomic)))": 278,
	"opt(dictionary(hybrid(4,16,sliding_window(3)),heuristic(use_first(halving,approximation))))": 278,
	"opt(dictionary(hybrid(4,16,sliding_window(3)),heuristic(use_first(halving,delta_largest))))": 280,
	"opt(dictionary(hybrid(4,16,sliding_window_short(3,1)),continued_fractions(binary)))": 278,
	"opt(dictionary(hybrid(4,16,sliding_window_short(3,1)),continued_fractions(co_binary)))": 278,
	"opt(dictionary(hybrid(4,16,sliding_window_short(3,1)),continued_fractions(dichotomic)))": 278,
	"opt(dictionary(hybrid(4,16,sliding_window_short(3,1)),heuristic(use_first(halving,approximation))))": 278,
	"opt(dictionary(hybrid(4,16,sliding_window_short(3,1)),heuristic(use_first(halving,delta_largest))))": 280,
	"opt(dictionary(hybrid(4,16,sliding_window_short_rtl(3,1)),continued_fractions(binary)))": 278,
	"opt(dictionary(hybrid(4,16,sliding_window_short_rtl(3,1)),continued_fractions(co_binary)))": 278,
	"opt(dictionary(hybrid(4,16,sliding_window_short_rtl(3,1)),continued_fractions(dichotomic)))": 278,
	"opt(dictionary(hybrid(4,16,sliding_window_short_rtl(3,1)),heuristic(use_first(halving,approximation))))": 278,
	"opt(dictionary(hybrid(4,16,sliding_window_short_rtl(3,1)),heuristic(use_first(halving,delta_largest))))": 280,
	"opt(dictionary(hybrid(4,32,sliding_window(3)),continued_fractions(binary)))": 272,
	"opt(dictionary(hybrid(4,32,sliding_window(3)),continued_fractions(co_binary)))": 272,
	"opt(dictionary(hybrid(4,32,sliding_window(3)),continued_fractions(dichotomic)))": 272,
	"opt(dictionary(hybrid(4,32,sliding_window(3)),heuristic(use_first(halving,approximation))))": 273,
	"opt(dictionary(hybrid(4,32,sliding_window(3)),heuristic(use_first(halving,delta_largest))))": 277,
	"opt(dictionary(hybrid(4,32,sliding_window_short(3,1)),continued_fractions(binary)))": 272,
	"opt(dictionary(hybrid(4,32,sliding_window_short(3,1)),continued_fractions(co_binary)))": 272,
	"opt(dictionary(hybrid(4,32,sliding_window_short(3,1)),continued_fractions(dichotomic)))": 272,
	"opt(dictionary(hybrid(4,32,sliding_window_short(3,1)),heuristic(use_first(halving,approximation))))": 272,
	"opt(dictionary(hybrid(4,32,sliding_window_short(3,1)),heuristic(use_first(halving,delta_largest))))": 276,
	"opt(dictionary(hybrid(4,32,sliding_window_short_rtl(3,1)),continued_fractions(binary)))": 272,
	"opt(dictionary(hybrid(4,32,sliding_window_short_rtl(3,1)),continued_fractions(co_binary)))": 272,
	"opt(dictionary(hybrid(4,32,sliding_window_short_rtl(3,1)),continued_fractions(dichotomic)))": 272,
	"opt(dictionary(hybrid(4,32,sliding_window_short_rtl(3,1)),heuristic(use_first(halving,approximation))))": 272,
	"opt(dictionary(hybrid(4,32,sliding_window_short_rtl(3,1)),heuristic(use_first(halving,delta_largest))))": 276,
	"opt(dictionary(hybrid(4,64,sliding_window(3)),continued_fractions(binary)))": 270,
	"opt(dictionary(hybrid(4,64,sliding_window(3)),continued_fractions(co_binary)))": 270,
	"opt(dictionary(hybrid(4,64,sliding_window(3)),continued_fractions(dichotomic)))": 270,
	"opt(dictionary(hybrid(4,64,sliding_window(3)),heuristic(use_first(halving,approximation))))": 271,
	"opt(dictionary(hybrid(4,64,sliding_window(3)),heuristic(use_first(halving,delta_largest))))": 278,
	"opt(dictionary(hybrid(4,64,sliding_window_short(3,1)),continued_fractions(binary)))": 270,
	"opt(dictionary(hybrid(4,64,sliding_window_short(3,1)),continued_fractions(co_binary)))": 270,
	"opt(dictionary(hybrid(4,64,sliding_window_short(3,1)),continued_fractions(dichotomic)))": 270,
	"opt(dictionary(hybrid(4,64,sliding_window_short(3,1)),heuristic(use_first(halving,approximation))))": 270,
	"opt(dictionary(hybrid(4,64,sliding_window_short(3,1)),heuristic(use_first(halving,delta_largest))))": 277,
	"opt(dictionary(hybrid(4,64,sliding_window_short_rtl(3,1)),continued_fractions(binary)))": 270,
	"opt(dictionary(hybrid(4,64,sliding_window_short_rtl(3,1)),continued_fractions(co_binary)))": 270,
	"opt(dictionary(hybrid(4,64,sliding_window_short_rtl(3,1)),continued_fractions(dichotomic)))": 270,
	"opt(dictionary(hybrid(4,64,sliding_window_short_rtl(3,1)),heuristic(use_first(halving,approximation))))": 270,
	"opt(dictionary(hybrid(4,64,sliding_window_short_rtl(3,1)),heuristic(use_first(halving,delta_largest))))": 277,
	"opt(dictionary(hybrid(5,0,sliding_window(4)),continued_fractions(binary)))": 279,
	"opt(dictionary(hybrid(5,0,sliding_window(4)),continued_fractions(co_binary)))": 279,
	"opt(dictionary(hybrid(5,0,sliding_window(4)),continued_fractions(dichotomic)))": 270,
	"opt(dictionary(hybrid(5,0,sliding_window(4)),heuristic(use_first(halving,approximation))))": 275,
	"opt(dictionary(hybrid(5,0,sliding_window(4)),heuristic(use_first(halving,delta_largest))))": 456,
	"opt(dictionary(hybrid(5,0,sliding_window_short(4,0)),continued_fractions(binary)))": 279,
	"opt(dictionary(hybrid(5,0,sliding_window_short(4,0)),continued_fractions(co_binary)))": 279,
	"opt(dictionary(hybrid(5,0,sliding_window_short(4,0)),continued_fractions(dichotomic)))": 270,
	"opt(dictionary(hybrid(5,0,sliding_window_short(4,0)),heuristic(use_first(halving,approximation))))": 275,
	"opt(dictionary(hybrid(5,0,sliding_window_short(4,0)),heuristic(use_first(halving,delta_largest))))": 456,
	"opt(dictionary(hybrid(5,0,sliding_window_short(4,2)),continued_fractions(binary)))": 279,
	"opt(dictionary(hybrid(5,0,sliding_window_short(4,2)),continued_fractions(co_binary)))": 279,
	"opt(dictionary(hybrid(5,0,sliding_window_short(4,2)),continued_fractions(dichotomic)))": 270,
	"opt(dictionary(hybrid(5,0,sliding_window_short(4,2)),heuristic(use_first(halving,approximation))))": 275,
	"opt(dictionary(hybrid(5,0,sliding_window_short(4,2)),heuristic(use_first(halving,delta_largest))))": 456,
	"opt(dictionary(hybrid(5,0,sliding_window_short_rtl(4,2)),continued_fractions(binary)))": 279,
	"opt(dictionary(hybrid(5,0,sliding_window_short_rtl(4,2)),continued_fractions(co_binary)))": 279,
	"opt(dictionary(hybrid(5,0,sliding_window_short_rtl(4,2)),continued_fractions(dichotomic)))": 270,
	"opt(dictionary(hybrid(5,0,sliding_window_short_rtl(4,2)),heuristic(use_first(halving,approximation))))": 275,
	"opt(dictionary(hybrid(5,0,sliding_window_short_rtl(4,2)),heuristic(use_first(halving,delta_largest))))": 456,
	"opt(dictionary(hybrid(5,16,sliding_window(4)),continued_fractions(binary)))": 279,
	"opt(dictionary(hybrid(5,16,sliding_window(4)),continued_fractions(co_binary)))": 279,
	"opt(dictionary(hybrid(5,16,sliding_window(4)),continued_fractions(dichotomic)))": 279,
	"opt(dictionary(hybrid(5,16,sliding_window(4)),heuristic(use_first(halving,approximation))))": 278,
	"opt(dictionary(hybrid(5,16,sliding_window(4)),heuristic(use_first(halving,delta_largest))))": 280,
	"opt(dictionary(hybrid(5,16,sliding_window_short(4,2)),continued_fractions(binary)))": 279,
	"opt(dictionary(hybrid(5,16,sliding_window_short(4,2)),continued_fractions(co_binary)))": 279,
	"opt(dictionary(hybrid(5,16,sliding_window_short(4,2)),continued_fractions(dichotomic)))": 279,
	"opt(dictionary(hybrid(5,16,sliding_window_short(4,2)),heuristic(use_first(halving,approximation))))": 278,
	"opt(dictionary(hybrid(5,16,sliding_window_short(4,2)),heuristic(use_first(halving,delta_largest))))": 280,
	"opt(dictionary(hybrid(5,16,sliding_window_short_rtl(4,2)),continued_fractions(binary)))": 279,
	"opt(dictionary(hybrid(5,16,sliding_window_short_rtl(4,2)),continued_fractions(co_binary)))": 279,
	"opt(dictionary(hybrid(5,16,sliding_window_short_rtl(4,2)),continued_fractions(dichotomic)))": 279,
	"opt(dictionary(hybrid(5,16,sliding_window_short_rtl(4,2)),heuristic(use_first(halving,approximation))))": 278,
	"opt(dictionary(hybrid(5,16,sliding_window_short_rtl(4,2)),heuristic(use_first(halving,delta_largest))))": 280,
	"opt(dictionary(hybrid(5,32,sliding_window(4)),continued_fractions(binary)))": 272,
	"opt(dictionary(hybrid(5,32,sliding_window(4)),continued_fractions(co_binary)))": 272,
	"opt(dictionary(hybrid(5,32,sliding_window(4)),continued_fractions(dichotomic)))": 272,
	"opt(dictionary(hybrid(5,32,sliding_window(4)),heuristic(use_first(halving,approximation))))": 272,
	"opt(dictionary(hybrid(5,32,sliding_window(4)),heuristic(use_first(halving,delta_largest))))": 276,
	"opt(dictionary(hybrid(5,32,sliding_window_short(4,2)),continued_fractions(binary)))": 272,
	"opt(dictionary(hybrid(5,32,sliding_window_short(4,2)),continued_fractions(co_binary)))": 272,
	"opt(dictionary(hybrid(5,32,sliding_window_short(4,2)),continued_fractions(dichotomic)))": 272,
	"opt(dictionary(hybrid(5,32,sliding_window_short(4,2)),heuristic(use_first(halving,approximation))))": 272,
	"opt(dictionary(hybrid(5,32,sliding_window_short(4,2)),heuristic(use_first(halving,delta_largest))))": 276,
	"opt(dictionary(hybrid(5,32,sliding_window_short_rtl(4,2)),continued_fractions(binary)))": 272,
	"opt(dictionary(hybrid(5,32,sliding_window_short_rtl(4,2)),continued_fractions(co_binary)))": 272,
	"opt(dictionary(hybrid(5,32,sliding_window_short_rtl(4,2)),continued_fractions(dichotomic)))": 272,
	"opt(dictionary(hybrid(5,32,sliding_window_short_rtl(4,2)),heuristic(use_first(halving,approximation))))": 272,
	"opt(dictionary(hybrid(5,32,sliding_window_short_rtl(4,2)),heuristic(use_first(halving,delta_largest))))": 276,
	"opt(dictionary(hybrid(5,64,sliding_window(4)),continued_fractions(binary)))": 270,
	"opt(dictionary(hybrid(5,64,sliding_window(4)),continued_fractions(co_binary)))": 270,
	"opt(dictionary(hybrid(5,64,sliding_window(4)),continued_fractions(dichotomic)))": 270,
	"opt(dictionary(hybrid(5,64,sliding_window(4)),heuristic(use_first(halving,approximation))))": 270,
	"opt(dictionary(hybrid(5,64,sliding_window(4)),heuristic(use_first(halving,delta_largest))))": 278,
	"opt(dictionary(hybrid(5,64,sliding_window_short(4,2)),continued_fractions(binary)))": 270,
	"opt(dictionary(hybrid(5,64,sliding_window_short(4,2)),continued_fractions(co_binary)))": 270,
	"opt(dictionary(hybrid(5,64,sliding_window_short(4,2)),continued_fractions(dichotomic)))": 270,
	"opt(dictionary(hybrid(5,64,sliding_window_short(4,2)),heuristic(use_first(halving,approximation))))": 270,
	"opt(dictionary(hybrid(5,64,sliding_window_short(4,2)),heuristic(use_first(halving,delta_largest))))": 278,
	"opt(dictionary(hybrid(5,64,sliding_window_short_rtl(4,2)),continued_fractions(binary)))": 270,
	"opt(dictionary(hybrid(5,64,sliding_window_short_rtl(4,2)),continued_fractions(co_binary)))": 270,
	"opt(dictionary(hybrid(5,64,sliding_window_short_rtl(4,2)),continued_fractions(dichotomic)))": 270,
	"opt(dictionary(hybrid(5,64,sliding_window_short_rtl(4,2)),heuristic(use_first(halving,approximation))))": 270,
	"opt(dictionary(hybrid(5,64,sliding_window_short_rtl(4,2)),heuristic(use_first(halving,delta_largest))))": 278,
	"opt(dictionary(hybrid(6,0,sliding_window(5)),continued_fractions(binary)))": 279,
	"opt(dictionary(hybrid(6,0,sliding_window(5)),continued_fractions(co_binary)))": 279,
	"opt(dictionary(hybrid(6,0,sliding_window(5)),continued_fractions(dichotomic)))": 270,
	"opt(dictionary(hybrid(6,0,sliding_window(5)),heuristic(use_first(halving,approximation))))": 275,
	"opt(dictionary(hybrid(6,0,sliding_window(5)),heuristic(use_first(halving,delta_largest))))": 456,
	"opt(dictionary(hybrid(6,0,sliding_window_short(5,0)),continued_fractions(binary)))": 279,
	"opt(dictionary(hybrid(6,0,sliding_window_short(5,0)),continued_fractions(co_binary)))": 279,
	"opt(dictionary(hybrid(6,0,sliding_window_short(5,0)),continued_fractions(dichotomic)))": 270,
	"opt(dictionary(hybrid(6,0,sliding_window_short(5,0)),heuristic(use_first(halving,approximation))))": 275,
	"opt(dictionary(hybrid(6,0,sliding_window_short(5,0)),heuristic(use_first(halving,delta_largest))))": 456,
	"opt(dictionary(hybrid(6,0,sliding_window_short(5,2)),continued_fractions(binary)))": 279,
	"opt(dictionary(hybrid(6,0,sliding_window_short(5,2)),continued_fractions(co_binary)))": 279,
	"opt(dictionary(hybrid(6,0,sliding_window_short(5,2)),continued_fractions(dichotomic)))": 270,
	"opt(dictionary(hybrid(6,0,sliding_window_short(5,2)),heuristic(use_first(halving,approximation))))": 275,
	"opt(dictionary(hybrid(6,0,sliding_window_short(5,2)),heuristic(use_first(halving,delta_largest))))": 456,
	"opt(dictionary(hybrid(6,0,sliding_window_short_rtl(5,2)),continued_fractions(binary)))": 279,
	"opt(dictionary(hybrid(6,0,sliding_window_short_rtl(5,2)),continued_fractions(co_binary)))": 279,
	"opt(dictionary(hybrid(6,0,sliding_window_short_rtl(5,2)),continued_fractions(dichotomic)))": 270,
	"opt(dictionary(hybrid(6,0,sliding_window_short_rtl(5,2)),heuristic(use_first(halving,approximation))))": 275,
	"opt(dictionary(hybrid(6,0,sliding_window_short_rtl(5,2)),heuristic(use_first(halving,delta_largest))))": 456,
	"opt(dictionary(hybrid(6,16,sliding_window(5)),continued_fractions(binary)))": 279,
	"opt(dictionary(hybrid(6,16,sliding_window(5)),continued_fractions(co_binary)))": 279,
	"opt(dictionary(hybrid(6,16,sliding_window(5)),continued_fractions(dichotomic)))": 279,
	"opt(dictionary(hybrid(6,16,sliding_window(5)),heuristic(use_first(halving,approximation))))": 278,
	"opt(dictionary(hybrid(6,16,sliding_window(5)),heuristic(use_first(halving,delta_largest))))": 280,
	"opt(dictionary(hybrid(6,16,sliding_window_short(5,2)),continued_fractions(binary)))": 279,
	"opt(dictionary(hybrid(6,16,sliding_window_short(5,2)),continued_fractions(co_binary)))": 279,
	"opt(dictionary(hybrid(6,16,sliding_window_short(5,2)),continued_fractions(dichotomic)))": 279,
	"opt(dictionary(hybrid(6,16,sliding_window_short(5,2)),heuristic(use_first(halving,approximation))))": 278,
	"opt(dictionary(hybrid(6,16,sliding_window_short(5,2)),heuristic(use_first(halving,delta_largest))))": 280,
	"opt(dictionary(hybrid(6,16,sliding_window_short_rtl(5,2)),continued_fractions(binary)))": 279,
	"opt(dictionary(hybrid(6,16,sliding_window_short_rtl(5,2)),continued_fractions(co_binary)))": 279,
	"opt(dictionary(hybrid(6,16,sliding_window_short_rtl(5,2)),continued_fractions(dichotomic)))": 279,
	"opt(dictionary(hybrid(6,16,sliding_window_short_rtl(5,2)),heuristic(use_first(halving,approximation))))": 278,
	"opt(dictionary(hybrid(6,16,sliding_window_short_rtl(5,2)),heuristic(use_first(halving,delta_largest))))": 280,
	"opt(dictionary(hybrid(6,32,sliding_window(5)),continued_fractions(binary)))": 272,
	"opt(dictionary(hybrid(6,32,sliding_window(5)),continued_fractions(co_binary)))": 272,
	"opt(dictionary(hybrid(6,32,sliding_window(5)),continued_fractions(dichotomic)))": 272,
	"opt(dictionary(hybrid(6,32,sliding_window(5)),heuristic(use_first(halving,approximation))))": 272,
	"opt(dictionary(hybrid(6,32,sliding_window(5)),heuristic(use_first(halving,delta_largest))))": 276,
	"opt(dictionary(hybrid(6,32,sliding_window_short(5,2)),continued_fractions(binary)))": 272,
	"opt(dictionary(hybrid(6,32,sliding_window_short(5,2)),continued_fractions(co_binary)))": 272,
	"opt(dictionary(hybrid(6,32,sliding_window_short(5,2)),continued_fractions(dichotomic)))": 272,
	"opt(dictionary(hybrid(6,32,sliding_window_short(5,2)),heuristic(use_first(halving,approximation))))": 272,
	"opt(dictionary(hybrid(6,32,sliding_window_short(5,2)),heuristic(use_first(halving,delta_largest))))": 276,
	"opt(dictionary(hybrid(6,32,sliding_window_short_rtl(5,2)),continued_fractions(binary)))": 272,
	"opt(dictionary(hybrid(6,32,sliding_window_short_rtl(5,2)),continued_fractions(co_binary)))": 272,
	"opt(dictionary(hybrid(6,32,sliding_window_short_rtl(5,2)),continued_fractions(dichotomic)))": 272,
	"opt(dictionary(hybrid(6,32,sliding_window_short_rtl(5,2)),heuristic(use_first(halving,approximation))))": 272,
	"opt(dictionary(hybrid(6,32,sliding_window_short_rtl(5,2)),heuristic(use_first(halving,delta_largest))))": 276,
	"opt(dictionary(hybrid(6,64,sliding_window(5)),continued_fractions(binary)))": 270,
	"opt(dictionary(hybrid(6,64,sliding_window(5)),continued_fractions(co_binary)))": 270,
	"opt(dictionary(hybrid(6,64,sliding_window(5)),continued_fractions(dichotomic)))": 270,
	"opt(dictionary(hybrid(6,64,sliding_window(5)),heuristic(use_first(halving,approximation))))": 270,
	"opt(dictionary(hybrid(6,64,sliding_window(5)),heuristic(use_first(halving,delta_largest))))": 278,
	"opt(dictionary(hybrid(6,64,sliding_window_short(5,2)),continued_fractions(binary)))": 270,
	"opt(dictionary(hybrid(6,64,sliding_window_short(5,2)),continued_fractions(co_binary)))": 270,
	"opt(dictionary(hybrid(6,64,sliding_window_short(5,2)),continued_fractions(dichotomic)))": 270,
	"opt(dictionary(hybrid(6,64,sliding_window_short(5,2)),heuristic(use_first(halving,approximation))))": 270,
	"opt(dictionary(hybrid(6,64,sliding_window_short(5,2)),heuristic(use_first(halving,delta_largest))))": 278,
	"opt(dictionary(hybrid(6,64,sliding_window_short_rtl(5,2)),continued_fractions(binary)))": 270,
	"opt(dictionary(hybrid(6,64,sliding_window_short_rtl(5,2)),continued_fractions(co_binary)))": 270,
	"opt(dictionary(hybrid(6,64,sliding_window_short_rtl(5,2)),continued_fractions(dichotomic)))": 270,
	"opt(dictionary(hybrid(6,64,sliding_window_short_rtl(5,2)),heuristic(use_first(halving,approximation))))": 270,
	"opt(dictionary(hybrid(6,64,sliding_window_short_rtl(5,2)),heuristic(use_first(halving,delta_largest))))": 278,
	"opt(dictionary(hybrid(7,0,sliding_window(6)),continued_fractions(binary)))": 279,
	"opt(dictionary(hybrid(7,0,sliding_window(6)),continued_fractions(co_binary)))": 279,
	"opt(dictionary(hybrid(7,0,sliding_window(6)),continued_fractions(dichotomic)))": 270,
	"opt(dictionary(hybrid(7,0,sliding_window(6)),heuristic(use_first(halving,approximation))))": 275,
	"opt(dictionary(hybrid(7,0,sliding_window(6)),heuristic(use_first(halving,delta_largest))))": 456,
	"opt(dictionary(hybrid(7,0,sliding_window_short(6,0)),continued_fractions(binary)))": 279,
	"opt(dictionary(hybrid(7,0,sliding_window_short(6,0)),continued_fractions(co_binary)))": 279,
	"opt(dictionary(hybrid(7,0,sliding_window_short(6,0)),continued_fractions(dichotomic)))": 270,
	"opt(dictionary(hybrid(7,0,sliding_window_short(6,0)),heuristic(use_first(halving,approximation))))": 275,
	"opt(dictionary(hybrid(7,0,sliding_window_short(6,0)),heuristic(use_first(halving,delta_largest))))": 456,
	"opt(dictionary(hybrid(7,0,sliding_window_short(6,3)),continued_fractions(binary)))": 279,
	"opt(dictionary(hybrid(7,0,sliding_window_short(6,3)),continued_fractions(co_binary)))": 279,
	"opt(dictionary(hybrid(7,0,sliding_window_short(6,3)),continued_fractions(dichotomic)))": 270,
	"opt(dictionary(hybrid(7,0,sliding_window_short(6,3)),heuristic(use_first(halving,approximation))))": 275,
	"opt(dictionary(hybrid(7,0,sliding_window_short(6,3)),heuristic(use_first(halving,delta_largest))))": 456,
	"opt(dictionary(hybrid(7,0,sliding_window_short_rtl(6,3)),continued_fractions(binary)))": 279,
	"opt(dictionary(hybrid(7,0,sliding_window_short_rtl(6,3)),continued_fractions(co_binary)))": 279,
	"opt(dictionary(hybrid(7,0,sliding_window_short_rtl(6,3)),continued_fractions(dichotomic)))": 270,
	"opt(dictionary(hybrid(7,0,sliding_window_short_rtl(6,3)),heuristic(use_first(halving,approximation))))": 275,
	"opt(dictionary(hybrid(7,0,sliding_window_short_rtl(6,3)),heuristic(use_first(halving,delta_largest))))": 456,
	"opt(dictionary(hybrid(7,16,sliding_window(6)),continued_fractions(binary)))": 279,
	"opt(dictionary(hybrid(7,16,sliding_window(6)),continued_fractions(co_binary)))": 279,
	"opt(dictionary(hybrid(7,16,sliding_window(6)),continued_fractions(dichotomic)))": 279,
	"opt(dictionary(hybrid(7,16,sliding_window(6)),heuristic(use_first(halving,approximation))))": 278,
	"opt(dictionary(hybrid(7,16,sliding_window(6)),heuristic(use_first(halving,delta_largest))))": 280,
	"opt(dictionary(hybrid(7,16,sliding_window_short(6,3)),continued_fractions(binary)))": 279,
	"opt(dictionary(hybrid(7,16,sliding_window_short(6,3)),continued_fractions(co_binary)))": 279,
	"opt(dictionary(hybrid(7,16,sliding_window_short(6,3)),continued_fractions(dichotomic)))": 279,
	"opt(dictionary(hybrid(7,16,sliding_window_short(6,3)),heuristic(use_first(halving,approximation))))": 278,
	"opt(dictionary(hybrid(7,16,sliding_window_short(6,3)),heuristic(use_first(halving,delta_largest))))": 280,
	"opt(dictionary(hybrid(7,16,sliding_window_short_rtl(6,3)),continued_fractions(binary)))": 279,
	"opt(dictionary(hybrid(7,16,sliding_window_short_rtl(6,3)),continued_fractions(co_binary)))": 279,
	"opt(dictionary(hybrid(7,16,sliding_window_short_rtl(6,3)),continued_fractions(dichotomic)))": 279,
	"opt(dictionary(hybrid(7,16,sliding_window_short_rtl(6,3)),heuristic(use_first(halving,approximation))))": 278,
	"opt(dictionary(hybrid(7,16,sliding_window_short_rtl(6,3)),heuristic(use_first(halving,delta_largest))))": 280,
	"opt(dictionary(hybrid(7,32,sliding_window(6)),continued_fractions(binary)))": 272,
	"opt(dictionary(hybrid(7,32,sliding_window(6)),continued_fractions(co_binary)))": 272,
	"opt(dictionary(hybrid(7,32,sliding_window(6)),continued_fractions(dichotomic)))": 272,
	"opt(dictionary(hybrid(7,32,sliding_window(6)),heuristic(use_first(halving,approximation))))": 272,
	"opt(dictionary(hybrid(7,32,sliding_window(6)),heuristic(use_first(halving,delta_largest))))": 276,
	"opt(dictionary(hybrid(7,32,sliding_window_short(6,3)),continued_fractions(binary)))": 272,
	"opt(dictionary(hybrid(7,32,sliding_window_short(6,3)),continued_fractions(co_binary)))": 272,
	"opt(dictionary(hybrid(7,32,sliding_window_short(6,3)),continued_fractions(dichotomic)))": 272,
	"opt(dictionary(hybrid(7,32,sliding_window_short(6,3)),heuristic(use_first(halving,approximation))))": 272,
	"opt(dictionary(hybrid(7,32,sliding_window_short(6,3)),heuristic(use_first(halving,delta_largest))))": 276,
	"opt(dictionary(hybrid(7,32,sliding_window_short_rtl(6,3)),continued_fractions(binary)))": 272,
	"opt(dictionary(hybrid(7,32,sliding_window_short_rtl(6,3)),continued_fractions(co_binary)))": 272,
	"opt(dictionary(hybrid(7,32,sliding_window_short_rtl(6,3)),continued_fractions(dichotomic)))": 272,
	"opt(dictionary(hybrid(7,32,sliding_window_short_rtl(6,3)),heuristic(use_first(halving,approximation))))": 272,
	"opt(dictionary(hybrid(7,32,sliding_window_short_rtl(6,3)),heuristic(use_first(halving,delta_largest))))": 276,
	"opt(dictionary(hybrid(7,64,sliding_window(6)),continued_fractions(binary)))": 270,
	"opt(dictionary(hybrid(7,64,sliding_window(6)),continued_fractions(co_binary)))": 270,
	"opt(dictionary(hybrid(7,64,sliding_window(6)),continued_fractions(dichotomic)))": 270,
	"opt(dictionary(hybrid(7,64,sliding_window(6)),heuristic(use_first(halving,approximation))))": 270,
	"opt(dictionary(hybrid(7,64,sliding_window(6)),heuristic(use_first(halving,delta_largest))))": 278,
	"opt(dictionary(hybrid(7,64,sliding_window_short(6,3)),continued_fractions(binary)))": 270,
	"opt(dictionary(hybrid(7,64,sliding_window_short(6,3)),continued_fractions(co_binary)))": 270,
	"opt(dictionary(hybrid(7,64,sliding_window_short(6,3)),continued_fractions(dichotomic)))": 270,
	"opt(dictionary(hybrid(7,64,sliding_window_short(6,3)),heuristic(use_first(halving,approximation))))": 270,
	"opt(dictionary(hybrid(7,64,sliding_window_short(6,3)),heuristic(use_first(halving,delta_largest))))": 278,
	"opt(dictionary(hybrid(7,64,sliding_window_short_rtl(6,3)),continued_fractions(binary)))": 270,
	"opt(dictionary(hybrid(7,64,sliding_window_short_rtl(6,3)),continued_fractions(co_binary)))": 270,
	"opt(dictionary(hybrid(7,64,sliding_window_short_rtl(6,3)),continued_fractions(dichotomic)))": 270,
	"opt(dictionary(hybrid(7,64,sliding_window_short_rtl(6,3)),heuristic(use_first(halving,approximation))))": 270,
	"opt(dictionary(hybrid(7,64,sliding_window_short_rtl(6,3)),heuristic(use_first(halving,delta_largest))))": 278,
	"opt(dictionary(hybrid(8,0,sliding_window(7)),continued_fractions(binary)))": 279,
	"opt(dictionary(hybrid(8,0,sliding_window(7)),continued_fractions(co_binary)))": 279,
	"opt(dictionary(hybrid(8,0,sliding_window(7)),continued_fractions(dichotomic)))": 270,
	"opt(dictionary(hybrid(8,0,sliding_window(7)),heuristic(use_first(halving,approximation))))": 275,
	"opt(dictionary(hybrid(8,0,sliding_window(7)),heuristic(use_first(halving,delta_largest))))": 456,
	"opt(dictionary(hybrid(8,0,sliding_window_short(7,0)),continued_fractions(binary)))": 279,
	"opt(dictionary(hybrid(8,0,sliding_window_short(7,0)),continued_fractions(co_binary)))": 279,
	"opt(dictionary(hybrid(8,0,sliding_window_short(7,0)),continued_fractions(dichotomic)))": 270,
	"opt(dictionary(hybrid(8,0,sliding_window_short(7,0)),heuristic(use_first(halving,approximation))))": 275,
	"opt(dictionary(hybrid(8,0,sliding_window_short(7,0)),heuristic(use_first(halving,delta_largest))))": 456,
	"opt(dictionary(hybrid(8,0,sliding_window_short(7,3)),continued_fractions(binary)))": 279,
	"opt(dictionary(hybrid(8,0,sliding_window_short(7,3)),continued_fractions(co_binary)))": 279,
	"opt(dictionary(hybrid(8,0,sliding_window_short(7,3)),continued_fractions(dichotomic)))": 270,
	"opt(dictionary(hybrid(8,0,sliding_window_short(7,3)),heuristic(use_first(halving,approximation))))": 275,
	"opt(dictionary(hybrid(8,0,sliding_window_short(7,3)),heuristic(use_first(halving,delta_largest))))": 456,
	"opt(dictionary(hybrid(8,0,sliding_window_short_rtl(7,3)),continued_fractions(binary)))": 279,
	"opt(dictionary(hybrid(8,0,sliding_window_short_rtl(7,3)),continued_fractions(co_binary)))": 279,
	"opt(dictionary(hybrid(8,0,sliding_window_short_rtl(7,3)),continued_fractions(dichotomic)))": 270,
	"opt(dictionary(hybrid(8,0,sliding_window_short_rtl(7,3)),heuristic(use_first(halving,approximation))))": 275,
	"opt(dictionary(hybrid(8,0,sliding_window_short_rtl(7,3)),heuristic(use_first(halving,delta_largest))))": 456,
	"opt(dictionary(hybrid(8,16,sliding_window(7)),continued_fractions(binary)))": 279,
	"opt(dictionary(hybrid(8,16,sliding_window(7)),continued_fractions(co_binary)))": 279,
	"opt(dictionary(hybrid(8,16,sliding_window(7)),continued_fractions(dichotomic)))": 279,
	"opt(dictionary(hybrid(8,16,sliding_window(7)),heuristic(use_first(halving,approximation))))": 278,
	"opt(dictionary(hybrid(8,16,sliding_window(7)),heuristic(use_first(halving,delta_largest))))": 280,
	"opt(dictionary(hybrid(8,16,sliding_window_short(7,3)),continued_fractions(binary)))": 279,
	"opt(dictionary(hybrid(8,16,sliding_window_short(7,3)),continued_fractions(co_binary)))": 279,
	"opt(dictionary(hybrid(8,16,sliding_window_short(7,3)),continued_fractions(dichotomic)))": 279,
	"opt(dictionary(hybrid(8,16,sliding_window_short(7,3)),heuristic(use_first(halving,approximation))))": 278,
	"opt(dictionary(hybrid(8,16,sliding_window_short(7,3)),heuristic(use_first(halving,delta_largest))))": 280,
	"opt(dictionary(hybrid(8,16,sliding_window_short_rtl(7,3)),continued_fractions(binary)))": 279,
	"opt(dictionary(hybrid(8,16,sliding_window_short_rtl(7,3)),continued_fractions(co_binary)))": 279,
	"opt(dictionary(hybrid(8,16,sliding_window_short_rtl(7,3)),continued_fractions(dichotomic)))": 279,
	"opt(dictionary(hybrid(8,16,sliding_window_short_rtl(7,3)),heuristic(use_first(halving,approximation))))": 278,
	"opt(dictionary(hybrid(8,16,sliding_window_short_rtl(7,3)),heuristic(use_first(halving,delta_largest))))": 280,
	"opt(dictionary(hybrid(8,32,sliding_window(7)),continued_fractions(binary)))": 272,
	"opt(dictionary(hybrid(8,32,sliding_window(7)),continued_fractions(co_binary)))": 272,
	"opt(dictionary(hybrid(8,32,sliding_window(7)),continued_fractions(dichotomic)))": 272,
	"opt(dictionary(hybrid(8,32,sliding_window(7)),heuristic(use_first(halving,approximation))))": 272,
	"opt(dictionary(hybrid(8,32,sliding_window(7)),heuristic(use_first(halving,delta_largest))))": 276,
	"opt(dictionary(hybrid(8,32,sliding_window_short(7,3)),continued_fractions(binary)))": 272,
	"opt(dictionary(hybrid(8,32,sliding_window_short(7,3)),continued_fractions(co_binary)))": 272,
	"opt(dictionary(hybrid(8,32,sliding_window_short(7,3)),continued_fractions(dichotomic)))": 272,
	"opt(dictionary(hybrid(8,32,sliding_window_short(7,3)),heuristic(use_first(halving,approximation))))": 272,
	"opt(dictionary(hybrid(8,32,sliding_window_short(7,3)),heuristic(use_first(halving,delta_largest))))": 276,
	"opt(dictionary(hybrid(8,32,sliding_window_short_rtl(7,3)),continued_fractions(binary)))": 272,
	"opt(dictionary(hybrid(8,32,sliding_window_short_rtl(7,3)),continued_fractions(co_binary)))": 272,
	"opt(dictionary(hybrid(8,32,sliding_window_short_rtl(7,3)),continued_fractions(dichotomic)))": 272,
	"opt(dictionary(hybrid(8,32,sliding_window_short_rtl(7,3)),heuristic(use_first(halving,approximation))))": 272,
	"opt(dictionary(hybrid(8,32,sliding_window_short_rtl(7,3)),heuristic(use_first(halving,delta_largest))))": 276,
	"opt(dictionary(hybrid(8,64,sliding_window(7)),continued_fractions(binary)))": 270,
	"opt(dictionary(hybrid(8,64,sliding_window(7)),continued_fractions(co_binary)))": 270,
	"opt(dictionary(hybrid(8,64,sliding_window(7)),continued_fractions(dichotomic)))": 270,
	"opt(dictionary(hybrid(8,64,sliding_window(7)),heuristic(use_first(halving,approximation))))": 270,
	"opt(dictionary(hybrid(8,64,sliding_window(7)),heuristic(use_first(halving,delta_largest))))": 278,
	"opt(dictionary(hybrid(8,64,sliding_window_short(7,3)),continued_fractions(binary)))": 270,
	"opt(dictionary(hybrid(8,64,sliding_window_short(7,3)),continued_fractions(co_binary)))": 270,
	"opt(dictionary(hybrid(8,64,sliding_window_short(7,3)),continued_fractions(dichotomic)))": 270,
	"opt(dictionary(hybrid(8,64,sliding_window_short(7,3)),heuristic(use_first(halving,approximation))))": 270,
	"opt(dictionary(hybrid(8,64,sliding_window_short(7,3)),heuristic(use_first(halving,delta_largest))))": 278,
	"opt(dictionary(hybrid(8,64,sliding_window_short_rtl(7,3)),continued_fractions(binary)))": 270,
	"opt(dictionary(hybrid(8,64,sliding_window_short_rtl(7,3)),continued_fractions(co_binary)))": 270,
	"opt(dictionary(hybrid(8,64,sliding_window_short_rtl(7,3)),continued_fractions(dichotomic)))": 270,
	"opt(dictionary(hybrid(8,64,sliding_window_short_rtl(7,3)),heuristic(use_first(halving,approximation))))": 270,
	"opt(dictionary(hybrid(8,64,sliding_window_short_rtl(7,3)),heuristic(use_first(halving,delta_largest))))": 278,
	"opt(dictionary(hybrid(9,0,sliding_window(8)),continued_fractions(binary)))": 279,
	"opt(dictionary(hybrid(9,0,sliding_window(8)),continued_fractions(co_binary)))": 279,
	"opt(dictionary(hybrid(9,0,sliding_window(8)),continued_fractions(dichotomic)))": 270,
	"opt(dictionary(hybrid(9,0,sliding_window(8)),heuristic(use_first(halving,approximation))))": 275,
	"opt(dictionary(hybrid(9,0,sliding_window(8)),heuristic(use_first(halving,delta_largest))))": 456,
	"opt(dictionary(hybrid(9,0,sliding_window_short(8,0)),continued_fractions(binary)))": 279,
	"opt(dictionary(hybrid(9,0,sliding_window_short(8,0)),continued_fractions(co_binary)))": 279,
	"opt(dictionary(hybrid(9,0,sliding_window_short(8,0)),continued_fractions(dichotomic)))": 270,
	"opt(dictionary(hybrid(9,0,sliding_window_short(8,0)),heuristic(use_first(halving,approximation))))": 275,
	"opt(dictionary(hybrid(9,0,sliding_window_short(8,0)),heuristic(use_first(halving,delta_largest))))": 456,
	"opt(dictionary(hybrid(9,0,sliding_window_short(8,4)),continued_fractions(binary)))": 279,
	"opt(dictionary(hybrid(9,0,sliding_window_short(8,4)),continued_fractions(co_binary)))": 279,
	"opt(dictionary(hybrid(9,0,sliding_window_short(8,4)),continued_fractions(dichotomic)))": 270,
	"opt(dictionary(hybrid(9,0,sliding_window_short(8,4)),heuristic(use_first(halving,approximation))))": 275,
	"opt(dictionary(hybrid(9,0,sliding_window_short(8,4)),heuristic(use_first(halving,delta_largest))))": 456,
	"opt(dictionary(hybrid(9,0,sliding_window_short_rtl(8,4)),continued_fractions(binary)))": 279,
	"opt(dictionary(hybrid(9,0,sliding_window_short_rtl(8,4)),continued_fractions(co_binary)))": 279,
	"opt(dictionary(hybrid(9,0,sliding_window_short_rtl(8,4)),continued_fractions(dichotomic)))": 270,
	"opt(dictionary(hybrid(9,0,sliding_window_short_rtl(8,4)),heuristic(use_first(halving,approximation))))": 275,
	"opt(dictionary(hybrid(9,0,sliding_window_short_rtl(8,4)),heuristic(use_first(halving,delta_largest))))": 456,
	"opt(dictionary(hybrid(9,16,sliding_window(8)),continued_fractions(binary)))": 279,
	"opt(dictionary(hybrid(9,16,sliding_window(8)),continued_fractions(co_binary)))": 279,
	"opt(dictionary(hybrid(9,16,sliding_window(8)),continued_fractions(dichotomic)))": 279,
	"opt(dictionary(hybrid(9,16,sliding_window(8)),heuristic(use_first(halving,approximation))))": 278,
	"opt(dictionary(hybrid(9,16,sliding_window(8)),heuristic(use_first(halving,delta_largest))))": 280,
	"opt(dictionary(hybrid(9,16,sliding_window_short(8,4)),continued_fractions(binary)))": 279,
	"opt(dictionary(hybrid(9,16,sliding_window_short(8,4)),continued_fractions(co_binary)))": 279,
	"opt(dictionary(hybrid(9,16,sliding_window_short(8,4)),continued_fractions(dichotomic)))": 279,
	"opt(dictionary(hybrid(9,16,sliding_window_short(8,4)),heuristic(use_first(halving,approximation))))": 278,
	"opt(dictionary(hybrid(9,16,sliding_window_short(8,4)),heuristic(use_first(halving,delta_largest))))": 280,
	"opt(dictionary(hybrid(9,16,sliding_window_short_rtl(8,4)),continued_fractions(binary)))": 279,
	"opt(dictionary(hybrid(9,16,sliding_window_short_rtl(8,4)),continued_fractions(co_binary)))": 279,
	"opt(dictionary(hybrid(9,16,sliding_window_short_rtl(8,4)),continued_fractions(dichotomic)))": 279,
	"opt(dictionary(hybrid(9,16,sliding_window_short_rtl(8,4)),heuristic(use_first(halving,approximation))))": 278,
	"opt(dictionary(hybrid(9,16,sliding_window_short_rtl(8,4)),heuristic(use_first(halving,delta_largest))))": 280,
	"opt(dictionary(hybrid(9,32,sliding_window(8)),continued_fractions(binary)))": 272,
	"opt(dictionary(hybrid(9,32,sliding_window(8)),continued_fractions(co_binary)))": 272,
	"opt(dictionary(hybrid(9,32,sliding_window(8)),continued_fractions(dichotomic)))": 272,
	"opt(dictionary(hybrid(9,32,sliding_window(8)),heuristic(use_first(halving,approximation))))": 272,
	"opt(dictionary(hybrid(9,32,sliding_window(8)),heuristic(use_first(halving,delta_largest))))": 276,
	"opt(dictionary(hybrid(9,32,sliding_window_short(8,4)),continued_fractions(binary)))": 272,
	"opt(dictionary(hybrid(9,32,sliding_window_short(8,4)),continued_fractions(co_binary)))": 272,
	"opt(dictionary(hybrid(9,32,sliding_window_short(8,4)),continued_fractions(dichotomic)))": 272,
	"opt(dictionary(hybrid(9,32,sliding_window_short(8,4)),heuristic(use_first(halving,approximation))))": 272,
	"opt(dictionary(hybrid(9,32,sliding_window_short(8,4)),heuristic(use_first(halving,delta_largest))))": 276,
	"opt(dictionary(hybrid(9,32,sliding_window_short_rtl(8,4)),continued_fractions(binary)))": 272,
	"opt(dictionary(hybrid(9,32,sliding_window_short_rtl(8,4)),continued_fractions(co_binary)))": 272,
	"opt(dictionary(hybrid(9,32,sliding_window_short_rtl(8,4)),continued_fractions(dichotomic)))": 272,
	"opt(dictionary(hybrid(9,32,sliding_window_short_rtl(8,4)),heuristic(use_first(halving,approximation))))": 272,
	"opt(dictionary(hybrid(9,32,sliding_window_short_rtl(8,4)),heuristic(use_first(halving,delta_largest))))": 276,
	"opt(dictionary(hybrid(9,64,sliding_window(8)),continued_fractions(binary)))": 270,
	"opt(dictionary(hybrid(9,64,sliding_window(8)),continued_fractions(co_binary)))": 270,
	"opt(dictionary(hybrid(9,64,sliding_window(8)),continued_fractions(dichotomic)))": 270,
	"opt(dictionary(hybrid(9,64,sliding_window(8)),heuristic(use_first(halving,approximation))))": 270,
	"opt(dictionary(hybrid(9,64,sliding_window(8)),heuristic(use_first(halving,delta_largest))))": 278,
	"opt(dictionary(hybrid(9,64,sliding_window_short(8,4)),continued_fractions(binary)))": 270,
	"opt(dictionary(hybrid(9,64,sliding_window_short(8,4)),continued_fractions(co_binary)))": 270,
	"opt(dictionary(hybrid(9,64,sliding_window_short(8,4)),continued_fractions(dichotomic)))": 270,
	"opt(dictionary(hybrid(9,64,sliding_window_short(8,4)),heuristic(use_first(halving,approximation))))": 270,
	"opt(dictionary(hybrid(9,64,sliding_window_short(8,4)),heuristic(use_first(halving,delta_largest))))": 278,
	"opt(dictionary(hybrid(9,64,sliding_window_short_rtl(8,4)),continued_fractions(binary)))": 270,
	"opt(dictionary(hybrid(9,64,sliding_window_short_rtl(8,4)),continued_fractions(co_binary)))": 270,
	"opt(dictionary(hybrid(9,64,sliding_window_short_rtl(8,4)),continued_fractions(dichotomic)))": 270,
	"opt(dictionary(hybrid(9,64,sliding_window_short_rtl(8,4)),heuristic(use_first(halving,approximation))))": 270,
	"opt(dictionary(hybrid(9,64,sliding_window_short_rtl(8,4)),heuristic(use_first(halving,delta_largest))))": 278,
	"opt(dictionary(run_length(0),continued_fractions(binary)))": 277,
	"opt(dictionary(run_length(0),continued_fractions(co_binary)))": 277,
	"opt(dictionary(run_length(0),continued_fractions(dichotomic)))": 270,
	"opt(dictionary(run_length(0),heuristic(use_first(halving,approximation))))": 277,
	"opt(dictionary(run_length(0),heuristic(use_first(halving,delta_largest))))": 457,
	"opt(dictionary(run_length(128),continued_fractions(binary)))": 271,
	"opt(dictionary(run_length(128),continued_fractions(co_binary)))": 271,
	"opt(dictionary(run_length(128),continued_fractions(dichotomic)))": 271,
	"opt(dictionary(run_length(128),heuristic(use_first(halving,approximation))))": 271,
	"opt(dictionary(run_length(128),heuristic(use_first(halving,delta_largest))))": 315,
	"opt(dictionary(run_length(16),continued_fractions(binary)))": 278,
	"opt(dictionary(run_length(16),continued_fractions(co_binary)))": 278,
	"opt(dictionary(run_length(16),continued_fractions(dichotomic)))": 278,
	"opt(dictionary(run_length(16),heuristic(use_first(halving,approximation))))": 278,
	"opt(dictionary(run_length(16),heuristic(use_first(halving,delta_largest))))": 280,
	"opt(dictionary(run_length(32),continued_fractions(binary)))": 272,
	"opt(dictionary(run_length(32),continued_fractions(co_binary)))": 272,
	"opt(dictionary(run_length(32),continued_fractions(dichotomic)))": 272,
	"opt(dictionary(run_length(32),heuristic(use_first(halving,approximation))))": 272,
	"opt(dictionary(run_length(32),heuristic(use_first(halving,delta_largest))))": 276,
	"opt(dictionary(run_length(64),continued_fractions(binary)))": 270,
	"opt(dictionary(run_length(64),continued_fractions(co_binary)))": 270,
	"opt(dictionary(run_length(64),continued_fractions(dichotomic)))": 270,
	"opt(dictionary(run_length(64),heuristic(use_first(halving,approximation))))": 270,
	"opt(dictionary(run_length(64),heuristic(use_first(halving,delta_largest))))": 277,
	"opt(dictionary(sliding_window(128),continued_fractions(binary)))": 326,
	"opt(dictionary(sliding_window(128),continued_fractions(co_binary)))": 326,
	"opt(dictionary(sliding_window(128),continued_fractions(dichotomic)))": 306,
	"opt(dictionary(sliding_window(128),heuristic(use_first(halving,approximation))))": 276,
	"opt(dictionary(sliding_window(128),heuristic(use_first(halving,delta_largest))))": 348,
	"opt(dictionary(sliding_window(16),continued_fractions(binary)))": 279,
	"opt(dictionary(sliding_window(16),continued_fractions(co_binary)))": 279,
	"opt(dictionary(sliding_window(16),continued_fractions(dichotomic)))": 279,
	"opt(dictionary(sliding_window(16),heuristic(use_first(halving,approximation))))": 279,
	"opt(dictionary(sliding_window(16),heuristic(use_first(halving,delta_largest))))": 279,
	"opt(dictionary(sliding_window(32),continued_fractions(binary)))": 276,
	"opt(dictionary(sliding_window(32),continued_fractions(co_binary)))": 276,
	"opt(dictionary(sliding_window(32),continued_fractions(dichotomic)))": 275,
	"opt(dictionary(sliding_window(32),heuristic(use_first(halving,approximation))))": 278,
	"opt(dictionary(sliding_window(32),heuristic(use_first(halving,delta_largest))))": 289,
	"opt(dictionary(sliding_window(4),continued_fractions(binary)))": 320,
	"opt(dictionary(sliding_window(4),continued_fractions(co_binary)))": 320,
	"opt(dictionary(sliding_window(4),continued_fractions(dichotomic)))": 320,
	"opt(dictionary(sliding_window(4),heuristic(use_first(halving,approximation))))": 320,
	"opt(dictionary(sliding_window(4),heuristic(use_first(halving,delta_largest))))": 320,
	"opt(dictionary(sliding_window(64),continued_fractions(binary)))": 298,
	"opt(dictionary(sliding_window(64),continued_fractions(co_binary)))": 298,
	"opt(dictionary(sliding_window(64),continued_fractions(dichotomic)))": 284,
	"opt(dictionary(sliding_window(64),heuristic(use_first(halving,approximation))))": 274,
	"opt(dictionary(sliding_window(64),heuristic(use_first(halving,delta_largest))))": 284,
	"opt(dictionary(sliding_window(8),continued_fractions(binary)))": 292,
	"opt(dictionary(sliding_window(8),continued_fractions(co_binary)))": 292,
	"opt(dictionary(sliding_window(8),continued_fractions(dichotomic)))": 292,
	"opt(dictionary(sliding_window(8),heuristic(use_first(halving,approximation))))": 292,
	"opt(dictionary(sliding_window(8),heuristic(use_first(halving,delta_largest))))": 292,
	"opt(dictionary(sliding_window_rtl(128),continued_fractions(binary)))": 326,
	"opt(dictionary(sliding_window_rtl(128),continued_fractions(co_binary)))": 326,
	"opt(dictionary(sliding_window_rtl(128),continued_fractions(dichotomic)))": 304,
	"opt(dictionary(sliding_window_rtl(128),heuristic(use_first(halving,approximation))))": 282,
	"opt(dictionary(sliding_window_rtl(128),heuristic(use_first(halving,delta_largest))))": 352,
	"opt(dictionary(sliding_window_rtl(16),continued_fractions(binary)))": 282,
	"opt(dictionary(sliding_window_rtl(16),continued_fractions(co_binary)))": 282,
	"opt(dictionary(sliding_window_rtl(16),continued_fractions(dichotomic)))": 282,
	"opt(dictionary(sliding_window_rtl(16),heuristic(use_first(halving,approximation))))": 284,
	"opt(dictionary(sliding_window_rtl(16),heuristic(use_first(halving,delta_largest))))": 284,
	"opt(dictionary(sliding_window_rtl(32),continued_fractions(binary)))": 285,
	"opt(dictionary(sliding_window_rtl(32),continued_fractions(co_binary)))": 285,
	"opt(dictionary(sliding_window_rtl(32),continued_fractions(dichotomic)))": 280,
	"opt(dictionary(sliding_window_rtl(32),heuristic(use_first(halving,approximation))))": 282,
	"opt(dictionary(sliding_window_rtl(32),heuristic(use_first(halving,delta_largest))))": 291,
	"opt(dictionary(sliding_window_rtl(4),continued_fractions(binary)))": 321,
	"opt(dictionary(sliding_window_rtl(4),continued_fractions(co_binary)))": 321,
	"opt(dictionary(sliding_window_rtl(4),continued_fractions(dichotomic)))": 321,
	"opt(dictionary(sliding_window_rtl(4),heuristic(use_first(halving,approximation))))": 321,
	"opt(dictionary(sliding_window_rtl(4),heuristic(use_first(halving,delta_largest))))": 321,
	"opt(dictionary(sliding_window_rtl(64),continued_fractions(binary)))": 308,
	"opt(dictionary(sliding_window_rtl(64),continued_fractions(co_binary)))": 308,
	"opt(dictionary(sliding_window_rtl(64),continued_fractions(dichotomic)))": 290,
	"opt(dictionary(sliding_window_rtl(64),heuristic(use_first(halving,approximation))))": 279,
	"opt(dictionary(sliding_window_rtl(64),heuristic(use_first(halving,delta_largest))))": 286,
	"opt(dictionary(sliding_window_rtl(8),continued_fractions(binary)))": 293,
	"opt(dictionary(sliding_window_rtl(8),continued_fractions(co_binary)))": 293,
	"opt(dictionary(sliding_window_rtl(8),continued_fractions(dichotomic)))": 293,
	"opt(dictionary(sliding_window_rtl(8),heuristic(use_first(halving,approximation))))": 294,
	"opt(dictionary(sliding_window_rtl(8),heuristic(use_first(halving,delta_largest))))": 294,
	"opt(dictionary(sliding_window_short(128,0),continued_fractions(binary)))": 326,
	"opt(dictionary(sliding_window_short(128,0),continued_fractions(co_binary)))": 326,
	"opt(dictionary(sliding_window_short(128,0),continued_fractions(dichotomic)))": 306,
	"opt(dictionary(sliding_window_short(128,0),heuristic(use_first(halving,approximation))))": 276,
	"opt(dictionary(sliding_window_short(128,0),heuristic(use_first(halving,delta_largest))))": 348,
	"opt(dictionary(sliding_window_short(128,64),continued_fractions(binary)))": 326,
	"opt(dictionary(sliding_window_short(128,64),continued_fractions(co_binary)))": 326,
	"opt(dictionary(sliding_window_short(128,64),continued_fractions(dichotomic)))": 306,
	"opt(dictionary(sliding_window_short(128,64),heuristic(use_first(halving,approximation))))": 276,
	"opt(dictionary(sliding_window_short(128,64),heuristic(use_first(halving,delta_largest))))": 348,
	"opt(dictionary(sliding_window_short(16,0),continued_fractions(binary)))": 279,
	"opt(dictionary(sliding_window_short(16,0),continued_fractions(co_binary)))": 279,
	"opt(dictionary(sliding_window_short(16,0),continued_fractions(dichotomic)))": 279,
	"opt(dictionary(sliding_window_short(16,0),heuristic(use_first(halving,approximation))))": 279,
	"opt(dictionary(sliding_window_short(16,0),heuristic(use_first(halving,delta_largest))))": 279,
	"opt(dictionary(sliding_window_short(16,8),continued_fractions(binary)))": 279,
	"opt(dictionary(sliding_window_short(16,8),continued_fractions(co_binary)))": 279,
	"opt(dictionary(sliding_window_short(16,8),continued_fractions(dichotomic)))": 279,
	"opt(dictionary(sliding_window_short(16,8),heuristic(use_first(halving,approximation))))": 279,
	"opt(dictionary(sliding_window_short(16,8),heuristic(use_first(halving,delta_largest))))": 279,
	"opt(dictionary(sliding_window_short(32,0),continued_fractions(binary)))": 276,
	"opt(dictionary(sliding_window_short(32,0),continued_fractions(co_binary)))": 276,
	"opt(dictionary(sliding_window_short(32,0),continued_fractions(dichotomic)))": 275,
	"opt(dictionary(sliding_window_short(32,0),heuristic(use_first(halving,approximation))))": 278,
	"opt(dictionary(sliding_window_short(32,0),heuristic(use_first(halving,delta_largest))))": 289,
	"opt(dictionary(sliding_window_short(32,16),continued_fractions(binary)))": 276,
	"opt(dictionary(sliding_window_short(32,16),continued_fractions(co_binary)))": 276,
	"opt(dictionary(sliding_window_short(32,16),continued_fractions(dichotomic)))": 275,
	"opt(dictionary(sliding_window_short(32,16),heuristic(use_first(halving,approximation))))": 278,
	"opt(dictionary(sliding_window_short(32,16),heuristic(use_first(halving,delta_largest))))": 289,
	"opt(dictionary(sliding_window_short(4,0),continued_fractions(binary)))": 320,
	"opt(dictionary(sliding_window_short(4,0),continued_fractions(co_binary)))": 320,
	"opt(dictionary(sliding_window_short(4,0),continued_fractions(dichotomic)))": 320,
	"opt(dictionary(sliding_window_short(4,0),heuristic(use_first(halving,approximation))))": 320,
	"opt(dictionary(sliding_window_short(4,0),heuristic(use_first(halving,delta_largest))))": 320,
	"opt(dictionary(sliding_window_short(4,2),continued_fractions(binary)))": 320,
	"opt(dictionary(sliding_window_short(4,2),continued_fractions(co_binary)))": 320,
	"opt(dictionary(sliding_window_short(4,2),continued_fractions(dichotomic)))": 320,
	"opt(dictionary(sliding_window_short(4,2),heuristic(use_first(halving,approximation))))": 320,
	"opt(dictionary(sliding_window_short(4,2),heuristic(use_first(halving,delta_largest))))": 320,
	"opt(dictionary(sliding_window_short(64,0),continued_fractions(binary)))": 298,
	"opt(dictionary(sliding_window_short(64,0),continued_fractions(co_binary)))": 298,
	"opt(dictionary(sliding_window_short(64,0),continued_fractions(dichotomic)))": 284,
	"opt(dictionary(sliding_window_short(64,0),heuristic(use_first(halving,approximation))))": 274,
	"opt(dictionary(sliding_window_short(64,0),heuristic(use_first(halving,delta_largest))))": 284,
	"opt(dictionary(sliding_window_short(64,32),continued_fractions(binary)))": 298,
	"opt(dictionary(sliding_window_short(64,32),continued_fractions(co_binary)))": 298,
	"opt(dictionary(sliding_window_short(64,32),continued_fractions(dichotomic)))": 284,
	"opt(dictionary(sliding_window_short(64,32),heuristic(use_first(halving,approximation))))": 274,
	"opt(dictionary(sliding_window_short(64,32),heuristic(use_first(halving,delta_largest))))": 284,
	"opt(dictionary(sliding_window_short(8,0),continued_fractions(binary)))": 292,
	"opt(dictionary(sliding_window_short(8,0),continued_fractions(co_binary)))": 292,
	"opt(dictionary(sliding_window_short(8,0),continued_fractions(dichotomic)))": 292,
	"opt(dictionary(sliding_window_short(8,0),heuristic(use_first(halving,approximation))))": 292,
	"opt(dictionary(sliding_window_short(8,0),heuristic(use_first(halving,delta_largest))))": 292,
	"opt(dictionary(sliding_window_short(8,4),continued_fractions(binary)))": 292,
	"opt(dictionary(sliding_window_short(8,4),continued_fractions(co_binary)))": 292,
	"opt(dictionary(sliding_window_short(8,4),continued_fractions(dichotomic)))": 292,
	"opt(dictionary(sliding_window_short(8,4),heuristic(use_first(halving,approximation))))": 292,
	"opt(dictionary(sliding_window_short(8,4),heuristic(use_first(halving,delta_largest))))": 292,
	"opt(dictionary(sliding_window_short_rtl(128,64),continued_fractions(binary)))": 278,
	"opt(dictionary(sliding_window_short_rtl(128,64),continued_fractions(co_binary)))": 278,
	"opt(dictionary(sliding_window_short_rtl(128,64),continued_fractions(dichotomic)))": 276,
	"opt(dictionary(sliding_window_short_rtl(128,64),heuristic(use_first(halving,approximation))))": 277,
	"opt(dictionary(sliding_window_short_rtl(128,64),heuristic(use_first(halving,delta_largest))))": 309,
	"opt(dictionary(sliding_window_short_rtl(16,8),continued_fractions(binary)))": 279,
	"opt(dictionary(sliding_window_short_rtl(16,8),continued_fractions(co_binary)))": 279,
	"opt(dictionary(sliding_window_short_rtl(16,8),continued_fractions(dichotomic)))": 279,
	"opt(dictionary(sliding_window_short_rtl(16,8),heuristic(use_first(halving,approximation))))": 278,
	"opt(dictionary(sliding_window_short_rtl(16,8),heuristic(use_first(halving,delta_largest))))": 280,
	"opt(dictionary(sliding_window_short_rtl(32,16),continued_fractions(binary)))": 276,
	"opt(dictionary(sliding_window_short_rtl(32,16),continued_fractions(co_binary)))": 276,
	"opt(dictionary(sliding_window_short_rtl(32,16),continued_fractions(dichotomic)))": 275,
	"opt(dictionary(sliding_window_short_rtl(32,16),heuristic(use_first(halving,approximation))))": 278,
	"opt(dictionary(sliding_window_short_rtl(32,16),heuristic(use_first(halving,delta_largest))))": 289,
	"opt(dictionary(sliding_window_short_rtl(4,2),continued_fractions(binary)))": 321,
	"opt(dictionary(sliding_window_short_rtl(4,2),continued_fractions(co_binary)))": 321,
	"opt(dictionary(sliding_window_short_rtl(4,2),continued_fractions(dichotomic)))": 321,
	"opt(dictionary(sliding_window_short_rtl(4,2),heuristic(use_first(halving,approximation))))": 321,
	"opt(dictionary(sliding_window_short_rtl(4,2),heuristic(use_first(halving,delta_largest))))": 321,
	"opt(dictionary(sliding_window_short_rtl(64,32),continued_fractions(binary)))": 274,
	"opt(dictionary(sliding_window_short_rtl(64,32),continued_fractions(co_binary)))": 274,
	"opt(dictionary(sliding_window_short_rtl(64,32),continued_fractions(dichotomic)))": 273,
	"opt(dictionary(sliding_window_short_rtl(64,32),heuristic(use_first(halving,approximation))))": 277,
	"opt(dictionary(sliding_window_short_rtl(64,32),heuristic(use_first(halving,delta_largest))))": 286,
	"opt(dictionary(sliding_window_short_rtl(8,4),continued_fractions(binary)))": 292,
	"opt(dictionary(sliding_window_short_rtl(8,4),continued_fractions(co_binary)))": 292,
	"opt(dictionary(sliding_window_short_rtl(8,4),continued_fractions(dichotomic)))": 292,
	"opt(dictionary(sliding_window_short_rtl(8,4),heuristic(use_first(halving,approximation))))": 292,
	"opt(dictionary(sliding_window_short_rtl(8,4),heuristic(use_first(halving,delta_largest))))": 292,
	"opt(runs(continued_fractions(binary)))": 270,
	"opt(runs(continued_fractions(co_binary)))": 270,
	"opt(runs(continued_fractions(dichotomic)))": 270,
	"opt(runs(heuristic(use_first(halving,approximation))))": 270,
	"opt(runs(heuristic(use_first(halving,delta_largest))))": 269
}