{
	"opt(dictionary(hybrid(2,0),continued_fractions(binary)))": 249,
	"opt(dictionary(hybrid(2,0),continued_fractions(co_binary)))": 249,
	"opt(dictionary(hybrid(2,0),continued_fractions(dichotomic)))": 240,
	"opt(dictionary(hybrid(2,0),heuristic(use_first(halving,approximation))))": 249,
	"opt(dictionary(hybrid(2,0),heuristic(use_first(halving,delta_largest))))": 397,
	"opt(dictionary(hybrid(2,16),continued_fractions(binary)))": 248,
	"opt(dictionary(hybrid(2,16),continued_fractions(co_binary)))": 248,
	"opt(dictionary(hybrid(2,16),continued_fractions(dichotomic)))": 247,
	"opt(dictionary(hybrid(2,16),heuristic(use_first(halving,approximation))))": 248,
	"opt(dictionary(hybrid(2,16),heuristic(use_first(halving,delta_largest))))": 252,
	"opt(dictionary(hybrid(2,32),continued_fractions(binary)))": 242,
	"opt(dictionary(hybrid(2,32),continued_fractions(co_binary)))": 242,
	"opt(dictionary(hybrid(2,32),continued_fractions(dichotomic)))": 242,
	"opt(dictionary(hybrid(2,32),heuristic(use_first(halving,approximation))))": 242,
	"opt(dictionary(hybrid(2,32),heuristic(use_first(halving,delta_largest))))": 242,
	"opt(dictionary(hybrid(2,64),continued_fractions(binary)))": 241,
	"opt(dictionary(hybrid(2,64),continued_fractions(co_binary)))": 241,
	"opt(dictionary(hybrid(2,64),continued_fractions(dichotomic)))": 241,
	"opt(dictionary(hybrid(2,64),heuristic(use_first(halving,approximation))))": 241,
	"opt(dictionary(hybrid(2,64),heuristic(use_first(halving,delta_largest))))": 271,
	"opt(dictionary(hybrid(3,0),continued_fractions(binary)))": 248,
	"opt(dictionary(hybrid(3,0),continued_fractions(co_binary)))": 248,
	"opt(dictionary(hybrid(3,0),continued_fractions(dichotomic)))": 240,
	"opt(dictionary(hybrid(3,0),heuristic(use_first(halving,approximation))))": 246,
	"opt(dictionary(hybrid(3,0),heuristic(use_first(halving,delta_largest))))": 395,
	"opt(dictionary(hybrid(3,16),continued_fractions(binary)))": 247,
	"opt(dictionary(hybrid(3,16),continued_fractions(co_binary)))": 247,
	"opt(dictionary(hybrid(3,16),continued_fractions(dichotomic)))": 246,
	"opt(dictionary(hybrid(3,16),heuristic(use_first(halving,approximation))))": 247,
	"opt(dictionary(hybrid(3,16),heuristic(use_first(halving,delta_largest))))": 251,
	"opt(dictionary(hybrid(3,32),continued_fractions(binary)))": 241,
	"opt(dictionary(hybrid(3,32),continued_fractions(co_binary)))": 241,
	"opt(dictionary(hybrid(3,32),continued_fractions(dichotomic)))": 241,
	"opt(dictionary(hybrid(3,32),heuristic(use_first(halving,approximation))))": 241,
	"opt(dictionary(hybrid(3,32),heuristic(use_first(halving,delta_largest))))": 241,
	"opt(dictionary(hybrid(3,64),continued_fractions(binary)))": 240,
	"opt(dictionary(hybrid(3,64),continued_fractions(co_binary)))": 240,
	"opt(dictionary(hybrid(3,64),continued_fractions(dichotomic)))": 240,
	"opt(dictionary(hybrid(3,64),heuristic(use_first(halving,approximation))))": 240,
	"opt(dictionary(hybrid(3,64),heuristic(use_first(halving,delta_largest))))": 270,
	"opt(dictionary(hybrid(4,0),continued_fractions(binary)))": 247,
	"opt(dictionary(hybrid(4,0),continued_fractions(co_binary)))": 247,
	"opt(dictionary(hybrid(4,0),continued_fractions(dichotomic)))": 241,
	"opt(dictionary(hybrid(4,0),heuristic(use_first(halving,approximation))))": 245,
	"opt(dictionary(hybrid(4,0),heuristic(use_first(halving,delta_largest))))": 398,
	"opt(dictionary(hybrid(4,16),continued_fractions(binary)))": 249,
	"opt(dictionary(hybrid(4,16),continued_fractions(co_binary)))": 249,
	"opt(dictionary(hybrid(4,16),continued_fractions(dichotomic)))": 247,
	"opt(dictionary(hybrid(4,16),heuristic(use_first(halving,approximation))))": 247,
	"opt(dictionary(hybrid(4,16),heuristic(use_first(halving,delta_largest))))": 252,
	"opt(dictionary(hybrid(4,32),continued_fractions(binary)))": 240,
	"opt(dictionary(hybrid(4,32),continued_fractions(co_binary)))": 240,
	"opt(dictionary(hybrid(4,32),continued_fractions(dichotomic)))": 240,
	"opt(dictionary(hybrid(4,32),heuristic(use_first(halving,approximation))))": 242,
	"opt(dictionary(hybrid(4,32),heuristic(use_first(halving,delta_largest))))": 242,
	"opt(dictionary(hybrid(4,64),continued_fractions(binary)))": 240,
	"opt(dictionary(hybrid(4,64),continued_fractions(co_binary)))": 240,
	"opt(dictionary(hybrid(4,64),continued_fractions(dichotomic)))": 240,
	"opt(dictionary(hybrid(4,64),heuristic(use_first(halving,approximation))))": 241,
	"opt(dictionary(hybrid(4,64),heuristic(use_first(halving,delta_largest))))": 270,
	"opt(dictionary(hybrid(5,0),continued_fractions(binary)))": 245,
	"opt(dictionary(hybrid(5,0),continued_fractions(co_binary)))": 245,
	"opt(dictionary(hybrid(5,0),continued_fractions(dichotomic)))": 238,
	"opt(dictionary(hybrid(5,0),heuristic(use_first(halving,approximation))))": 245,
	"opt(dictionary(hybrid(5,0),heuristic(use_first(halving,delta_largest))))": 396,
	"opt(dictionary(hybrid(5,16),continued_fractions(binary)))": 246,
	"opt(dictionary(hybrid(5,16),continued_fractions(co_binary)))": 246,
	"opt(dictionary(hybrid(5,16),continued_fractions(dichotomic)))": 245,
	"opt(dictionary(hybrid(5,16),heuristic(use_first(halving,approximation))))": 246,
	"opt(dictionary(hybrid(5,16),heuristic(use_first(halving,delta_largest))))": 249,
	"opt(dictionary(hybrid(5,32),continued_fractions(binary)))": 241,
	"opt(dictionary(hybrid(5,32),continued_fractions(co_binary)))": 241,
	"opt(dictionary(hybrid(5,32),continued_fractions(dichotomic)))": 241,
	"opt(dictionary(hybrid(5,32),heuristic(use_first(halving,approximation))))": 240,
	"opt(dictionary(hybrid(5,32),heuristic(use_first(halving,delta_largest))))": 240,
	"opt(dictionary(hybrid(5,64),continued_fractions(binary)))": 239,
	"opt(dictionary(hybrid(5,64),continued_fractions(co_binary)))": 239,
	"opt(dictionary(hybrid(5,64),continued_fractions(dichotomic)))": 239,
	"opt(dictionary(hybrid(5,64),heuristic(use_first(halving,approximation))))": 240,
	"opt(dictionary(hybrid(5,64),heuristic(use_first(halving,delta_largest))))": 268,
	"opt(dictionary(hybrid(6,0),continued_fractions(binary)))": 247,
	"opt(dictionary(hybrid(6,0),continued_fractions(co_binary)))": 247,
	"opt(dictionary(hybrid(6,0),continued_fractions(dichotomic)))": 241,
	"opt(dictionary(hybrid(6,0),heuristic(use_first(halving,approximation))))": 244,
	"opt(dictionary(hybrid(6,0),heuristic(use_first(halving,delta_largest))))": 391,
	"opt(dictionary(hybrid(6,16),continued_fractions(binary)))": 251,
	"opt(dictionary(hybrid(6,16),continued_fractions(co_binary)))": 251,
	"opt(dictionary(hybrid(6,16),continued_fractions(dichotomic)))": 250,
	"opt(dictionary(hybrid(6,16),heuristic(use_first(halving,approximation))))": 247,
	"opt(dictionary(hybrid(6,16),heuristic(use_first(halving,delta_largest))))": 249,
	"opt(dictionary(hybrid(6,32),continued_fractions(binary)))": 241,
	"opt(dictionary(hybrid(6,32),continued_fractions(co_binary)))": 241,
	"opt(dictionary(hybrid(6,32),continued_fractions(dichotomic)))": 241,
	"opt(dictionary(hybrid(6,32),heuristic(use_first(halving,approximation))))": 242,
	"opt(dictionary(hybrid(6,32),heuristic(use_first(halving,delta_largest))))": 241,
	"opt(dictionary(hybrid(6,64),continued_fractions(binary)))": 239,
	"opt(dictionary(hybrid(6,64),continued_fractions(co_binary)))": 239,
	"opt(dictionary(hybrid(6,64),continued_fractions(dichotomic)))": 239,
	"opt(dictionary(hybrid(6,64),heuristic(use_first(halving,approximation))))": 240,
	"opt(dictionary(hybrid(6,64),heuristic(use_first(halving,delta_largest))))": 269,
	"opt(dictionary(hybrid(7,0),continued_fractions(binary)))": 247,
	"opt(dictionary(hybrid(7,0),continued_fractions(co_binary)))": 247,
	"opt(dictionary(hybrid(7,0),continued_fractions(dichotomic)))": 241,
	"opt(dictionary(hybrid(7,0),heuristic(use_first(halving,approximation))))": 244,
	"opt(dictionary(hybrid(7,0),heuristic(use_first(halving,delta_largest))))": 391,
	"opt(dictionary(hybrid(7,16),continued_fractions(binary)))": 251,
	"opt(dictionary(hybrid(7,16),continued_fractions(co_binary)))": 251,
	"opt(dictionary(hybrid(7,16),continued_fractions(dichotomic)))": 250,
	"opt(dictionary(hybrid(7,16),heuristic(use_first(halving,approximation))))": 247,
	"opt(dictionary(hybrid(7,16),heuristic(use_first(halving,delta_largest))))": 249,
	"opt(dictionary(hybrid(7,32),continued_fractions(binary)))": 241,
	"opt(dictionary(hybrid(7,32),continued_fractions(co_binary)))": 241,
	"opt(dictionary(hybrid(7,32),continued_fractions(dichotomic)))": 241,
	"opt(dictionary(hybrid(7,32),heuristic(use_first(halving,approximation))))": 242,
	"opt(dictionary(hybrid(7,32),heuristic(use_first(halving,delta_largest))))": 241,
	"opt(dictionary(hybrid(7,64),continued_fractions(binary)))": 239,
	"opt(dictionary(hybrid(7,64),continued_fractions(co_binary)))": 239,
	"opt(dictionary(hybrid(7,64),continued_fractions(dichotomic)))": 239,
	"opt(dictionary(hybrid(7,64),heuristic(use_first(halving,approximation))))": 240,
	"opt(dictionary(hybrid(7,64),heuristic(use_first(halving,delta_largest))))": 269,
	"opt(dictionary(hybrid(8,0),continued_fractions(binary)))": 248,
	"opt(dictionary(hybrid(8,0),continued_fractions(co_binary)))": 248,
	"opt(dictionary(hybrid(8,0),continued_fractions(dichotomic)))": 241,
	"opt(dictionary(hybrid(8,0),heuristic(use_first(halving,approximation))))": 244,
	"opt(dictionary(hybrid(8,0),heuristic(use_first(halving,delta_largest))))": 390,
	"opt(dictionary(hybrid(8,16),continued_fractions(binary)))": 249,
	"opt(dictionary(hybrid(8,16),continued_fractions(co_binary)))": 249,
	"opt(dictionary(hybrid(8,16),continued_fractions(dichotomic)))": 249,
	"opt(dictionary(hybrid(8,16),heuristic(use_first(halving,approximation))))": 246,
	"opt(dictionary(hybrid(8,16),heuristic(use_first(halving,delta_largest))))": 245,
	"opt(dictionary(hybrid(8,32),continued_fractions(binary)))": 243,
	"opt(dictionary(hybrid(8,32),continued_fractions(co_binary)))": 243,
	"opt(dictionary(hybrid(8,32),continued_fractions(dichotomic)))": 242,
	"opt(dictionary(hybrid(8,32),heuristic(use_first(halving,approximation))))": 244,
	"opt(dictionary(hybrid(8,32),heuristic(use_first(halving,delta_largest))))": 241,
	"opt(dictionary(hybrid(8,64),continued_fractions(binary)))": 244,
	"opt(dictionary(hybrid(8,64),continued_fractions(co_binary)))": 244,
	"opt(dictionary(hybrid(8,64),continued_fractions(dichotomic)))": 242,
	"opt(dictionary(hybrid(8,64),heuristic(use_first(halving,approximation))))": 242,
	"opt(dictionary(hybrid(8,64),heuristic(use_first(halving,delta_largest))))": 269,
	"opt(dictionary(run_length(0),continued_fractions(binary)))": 249,
	"opt(dictionary(run_length(0),continued_fractions(co_binary)))": 249,
	"opt(dictionary(run_length(0),continued_fractions(dichotomic)))": 240,
	"opt(dictionary(run_length(0),heuristic(use_first(halving,approximation))))": 249,
	"opt(dictionary(run_length(0),heuristic(use_first(halving,delta_largest))))": 397,
	"opt(dictionary(run_length(128),continued_fractions(binary)))": 241,
	"opt(dictionary(run_length(128),continued_fractions(co_binary)))": 241,
	"opt(dictionary(run_length(128),continued_fractions(dichotomic)))": 241,
	"opt(dictionary(run_length(128),heuristic(use_first(halving,approximation))))": 241,
	"opt(dictionary(run_length(128),heuristic(use_first(halving,delta_largest))))": 273,
	"opt(dictionary(run_length(16),continued_fractions(binary)))": 248,
	"opt(dictionary(run_length(16),continued_fractions(co_binary)))": 248,
	"opt(dictionary(run_length(16),continued_fractions(dichotomic)))": 247,
	"opt(dictionary(run_length(16),heuristic(use_first(halving,approximation))))": 248,
	"opt(dictionary(run_length(16),heuristic(use_first(halving,delta_largest))))": 252,
	"opt(dictionary(run_length(32),continued_fractions(binary)))": 242,
	"opt(dictionary(run_length(32),continued_fractions(co_binary)))": 242,
	"opt(dictionary(run_length(32),continued_fractions(dichotomic)))": 242,
	"opt(dictionary(run_length(32),heuristic(use_first(halving,approximation))))": 242,
	"opt(dictionary(run_length(32),heuristic(use_first(halving,delta_largest))))": 242,
	"opt(dictionary(run_length(64),continued_fractions(binary)))": 241,
	"opt(dictionary(run_length(64),continued_fractions(co_binary)))": 241,
	"opt(dictionary(run_length(64),continued_fractions(dichotomic)))": 241,
	"opt(dictionary(run_length(64),heuristic(use_first(halving,approximation))))": 241,
	"opt(dictionary(run_length(64),heuristic(use_first(halving,delta_largest))))": 271,
	"opt(dictionary(sliding_window(128),continued_fractions(binary)))": 287,
	"opt(dictionary(sliding_window(128),continued_fractions(co_binary)))": 287,
	"opt(dictionary(sliding_window(128),continued_fractions(dichotomic)))": 272,
	"opt(dictionary(sliding_window(128),heuristic(use_first(halving,approximation))))": 275,
	"opt(dictionary(sliding_window(128),heuristic(use_first(halving,delta_largest))))": 279,
	"opt(dictionary(sliding_window(16),continued_fractions(binary)))": 248,
	"opt(dictionary(sliding_window(16),continued_fractions(co_binary)))": 248,
	"opt(dictionary(sliding_window(16),continued_fractions(dichotomic)))": 248,
	"opt(dictionary(sliding_window(16),heuristic(use_first(halving,approximation))))": 248,
	"opt(dictionary(sliding_window(16),heuristic(use_first(halving,delta_largest))))": 247,
	"opt(dictionary(sliding_window(32),continued_fractions(binary)))": 248,
	"opt(dictionary(sliding_window(32),continued_fractions(co_binary)))": 248,
	"opt(dictionary(sliding_window(32),continued_fractions(dichotomic)))": 244,
	"opt(dictionary(sliding_window(32),heuristic(use_first(halving,approximation))))": 248,
	"opt(dictionary(sliding_window(32),heuristic(use_first(halving,delta_largest))))": 249,
	"opt(dictionary(sliding_window(4),continued_fractions(binary)))": 282,
	"opt(dictionary(sliding_window(4),continued_fractions(co_binary)))": 282,
	"opt(dictionary(sliding_window(4),continued_fractions(dichotomic)))": 282,
	"opt(dictionary(sliding_window(4),heuristic(use_first(halving,approximation))))": 282,
	"opt(dictionary(sliding_window(4),heuristic(use_first(halving,delta_largest))))": 282,
	"opt(dictionary(sliding_window(64),continued_fractions(binary)))": 253,
	"opt(dictionary(sliding_window(64),continued_fractions(co_binary)))": 253,
	"opt(dictionary(sliding_window(64),continued_fractions(dichotomic)))": 254,
	"opt(dictionary(sliding_window(64),heuristic(use_first(halving,approximation))))": 247,
	"opt(dictionary(sliding_window(64),heuristic(use_first(halving,delta_largest))))": 248,
	"opt(dictionary(sliding_window(8),continued_fractions(binary)))": 257,
	"opt(dictionary(sliding_window(8),continued_fractions(co_binary)))": 257,
	"opt(dictionary(sliding_window(8),continued_fractions(dichotomic)))": 257,
	"opt(dictionary(sliding_window(8),heuristic(use_first(halving,approximation))))": 257,
	"opt(dictionary(sliding_window(8),heuristic(use_first(halving,delta_largest))))": 256,
	"opt(runs(continued_fractions(binary)))": 240,
	"opt(runs(continued_fractions(co_binary)))": 240,
	"opt(runs(continued_fractions(dichotomic)))": 240,
	"opt(runs(heuristic(use_first(halving,approximation))))": 241,
	"opt(runs(heuristic(use_first(halving,delta_largest))))": 241
}